--------- beginning of system
11-27 13:59:27.427   318   318 I vold    : Vold 3.0 (the awakening) firing up
11-27 13:59:27.427   318   318 V vold    : Detected support for: exfat ext4 f2fs ntfs vfat
--------- beginning of main
11-27 13:59:27.431   328   328 I lowmemorykiller: Using in-kernel low memory killer interface
11-27 13:59:27.435   318   339 E vold    : Failed to read max minors
11-27 13:59:27.440   335   335 I sysinit : Running /system/etc/init.d/00banner 
11-27 13:59:27.451   330   330 I SurfaceFlinger: SurfaceFlinger is starting
11-27 13:59:27.452   330   330 I SurfaceFlinger: SurfaceFlinger's main thread ready to run. Initializing graphics H/W...
11-27 13:59:27.458   349   349 I cm      : ____ _   _ ____ _  _ ____ ____ ____ _  _ _  _ ____ ___ 
11-27 13:59:27.463   350   350 I cm      : |     \_/  |__| |\ | |  | | __ |___ |\ | |\/| |  | |  \ 
11-27 13:59:27.464   318   343 D VoldCryptCmdListener: cryptfs mountdefaultencrypted
11-27 13:59:27.464   318   343 I Ext4Crypt: ext4 crypto complete called on /data
11-27 13:59:27.464   318   343 I Ext4Crypt: No master key, so not ext4enc
11-27 13:59:27.464   318   343 E Cryptfs : Cannot open real block device userdata
11-27 13:59:27.464   318   343 E Cryptfs : Unable to get crypt_ftr_info
11-27 13:59:27.464   318   343 E Cryptfs : Error getting crypt footer and key
11-27 13:59:27.464   318   343 E Cryptfs : Bad crypt type - error
11-27 13:59:27.468   357   357 I cm      : |___   |   |  | | \| |__| |__] |___ | \| |  | |__| |__/ 
11-27 13:59:27.480   363   363 I installd: installd firing up
11-27 13:59:27.480   363   363 E cutils  : Failed to read /data/.layout_version: No such file or directory
11-27 13:59:27.480   363   363 D installd: Upgrading /data/media for multi-user
11-27 13:59:27.480   367   367 D tui_daemon: onFirstRef()...
11-27 13:59:27.481   363   363 I SELinux : SELinux: Loaded file_contexts contexts from /file_contexts.
11-27 13:59:27.482   363   363 D installd: Upgrading to shared /data/media/obb
11-27 13:59:27.482   363   363 D installd: Upgrading to /data/misc/user directories
11-27 13:59:27.482   367   381 D tui_daemon: readyToRun
11-27 13:59:27.482   366   366 D vr_daemon: onFirstRef()...
11-27 13:59:27.482   366   366 D vr_daemon: int()...
11-27 13:59:27.482   366   383 D vr_daemon: readyToRun
11-27 13:59:27.483   360   360 I DEBUG   : debuggerd: starting
11-27 13:59:05.600   317   317 W auditd  : type=2000 audit(0.0:1): initialized
11-27 13:59:07.129   317   317 I auditd  : type=1403 audit(0.0:2): policy loaded auid=4294967295 ses=4294967295
11-27 13:59:07.299     1     1 I init    : type=1400 audit(0.0:3): avc: denied { create } for ppid=0 ppid_comm="swapper/0" name="sdcard" scontext=u:r:init:s0 tcontext=u:object_r:tmpfs:s0 tclass=lnk_file permissive=1
11-27 13:59:07.299    40    40 I kdevtmpfs: type=1400 audit(0.0:4): avc: denied { write } for ppid=2 ppid_comm="kthreadd" name="/" dev="devtmpfs" ino=2049 scontext=u:r:kernel:s0 tcontext=u:object_r:device:s0 tclass=dir permissive=1
11-27 13:59:07.299    40    40 I kdevtmpfs: type=1400 audit(0.0:5): avc: denied { mknod } for ppid=2 ppid_comm="kthreadd" capability=27 scontext=u:r:kernel:s0 tcontext=u:r:kernel:s0 tclass=capability permissive=1
11-27 13:59:07.299    40    40 I kdevtmpfs: type=1400 audit(0.0:6): avc: denied { add_name } for ppid=2 ppid_comm="kthreadd" name="mtd8" scontext=u:r:kernel:s0 tcontext=u:object_r:device:s0 tclass=dir permissive=1
11-27 13:59:07.299    40    40 I kdevtmpfs: type=1400 audit(0.0:7): avc: denied { create } for ppid=2 ppid_comm="kthreadd" name="mtd8" scontext=u:r:kernel:s0 tcontext=u:object_r:device:s0 tclass=chr_file permissive=1
11-27 13:59:07.299    40    40 I kdevtmpfs: type=1400 audit(0.0:8): avc: denied { setattr } for ppid=2 ppid_comm="kthreadd" name="mtd8" dev="devtmpfs" ino=10257 scontext=u:r:kernel:s0 tcontext=u:object_r:device:s0 tclass=chr_file permissive=1
11-27 13:59:07.299    40    40 I kdevtmpfs: type=1400 audit(0.0:9): avc: denied { create } for ppid=2 ppid_comm="kthreadd" name="mtdblock8" scontext=u:r:kernel:s0 tcontext=u:object_r:device:s0 tclass=blk_file permissive=1
11-27 13:59:07.299    40    40 I kdevtmpfs: type=1400 audit(0.0:10): avc: denied { setattr } for ppid=2 ppid_comm="kthreadd" name="mtdblock8" dev="devtmpfs" ino=1299 scontext=u:r:kernel:s0 tcontext=u:object_r:device:s0 tclass=blk_file permissive=1
11-27 13:59:27.259   282   282 I e2fsck  : type=1400 audit(0.0:12): avc: denied { read } for ppid=276 ppid_comm="init" name="mmcblk0p36" dev="tmpfs" ino=9962 scontext=u:r:fsck:s0 tcontext=u:object_r:block_device:s0 tclass=blk_file permissive=1
11-27 13:59:27.259   282   282 I e2fsck  : type=1400 audit(0.0:13): avc: denied { open } for ppid=276 ppid_comm="init" path="/dev/block/mmcblk0p36" dev="tmpfs" ino=9962 scontext=u:r:fsck:s0 tcontext=u:object_r:block_device:s0 tclass=blk_file permissive=1
11-27 13:59:27.259   282   282 I e2fsck  : type=1400 audit(0.0:14): avc: denied { write } for ppid=276 ppid_comm="init" name="mmcblk0p36" dev="tmpfs" ino=9962 scontext=u:r:fsck:s0 tcontext=u:object_r:block_device:s0 tclass=blk_file permissive=1
11-27 13:59:27.259   282   282 I e2fsck  : type=1400 audit(0.0:15): avc: denied { ioctl } for ppid=276 ppid_comm="init" path="/dev/block/mmcblk0p36" dev="tmpfs" ino=9962 ioctlcmd=127c scontext=u:r:fsck:s0 tcontext=u:object_r:block_device:s0 tclass=blk_file permissive=1
11-27 13:59:27.359     1     1 I init    : type=1400 audit(0.0:16): avc: denied { setattr } for ppid=0 ppid_comm="swapper/0" name="mmcblk0p35" dev="tmpfs" ino=9958 scontext=u:r:init:s0 tcontext=u:object_r:block_device:s0 tclass=blk_file permissive=1
11-27 13:59:27.359     1     1 I init    : type=1400 audit(0.0:17): avc: denied { setattr } for ppid=0 ppid_comm="swapper/0" name="hisitest0" dev="tmpfs" ino=9967 scontext=u:r:init:s0 tcontext=u:object_r:block_device:s0 tclass=lnk_file permissive=1
11-27 13:59:27.359     1     1 I init    : type=1400 audit(0.0:18): avc: denied { mounton } for ppid=0 ppid_comm="swapper/0" path="/cust" dev="mmcblk0p40" ino=2 scontext=u:r:init:s0 tcontext=u:object_r:system_data_file:s0 tclass=dir permissive=1
11-27 13:59:27.399     1     1 I init    : type=1400 audit(0.0:19): avc: denied { mounton } for ppid=0 ppid_comm="swapper/0" path="/sys/fs/pstore" dev="pstore" ino=11276 scontext=u:r:init:s0 tcontext=u:object_r:pstorefs:s0 tclass=dir permissive=1
11-27 13:59:27.399     1     1 I init    : type=1400 audit(0.0:20): avc: denied { mounton } for ppid=0 ppid_comm="swapper/0" path="/sys/kernel/debug" dev="debugfs" ino=1 scontext=u:r:init:s0 tcontext=u:object_r:debugfs:s0 tclass=dir permissive=1
11-27 13:59:27.399   331   331 I init    : type=1400 audit(0.0:21): avc: denied { execute_no_trans } for ppid=1 ppid_comm="init" path="/system/bin/data_cleaner" dev="mmcblk0p39" ino=195 scontext=u:r:init:s0 tcontext=u:object_r:system_file:s0 tclass=file permissive=1
11-27 13:59:27.399     1     1 I init    : type=1400 audit(0.0:22): avc: denied { write } for ppid=0 ppid_comm="swapper/0" name="/" dev="debugfs" ino=1 scontext=u:r:init:s0 tcontext=u:object_r:debugfs:s0 tclass=dir permissive=1
11-27 13:59:27.409   333   333 I init    : type=1400 audit(0.0:23): avc: denied { create } for ppid=1 ppid_comm="init" name="powerlogdw" scontext=u:r:init:s0 tcontext=u:object_r:socket_device:s0 tclass=sock_file permissive=1
11-27 13:59:27.409   333   333 I init    : type=1400 audit(0.0:24): avc: denied { setattr } for ppid=1 ppid_comm="init" name="powerlogdw" dev="tmpfs" ino=12296 scontext=u:r:init:s0 tcontext=u:object_r:socket_device:s0 tclass=sock_file permissive=1
11-27 13:59:27.409   333   333 I powerlogd: type=1400 audit(0.0:25): avc: denied { write } for ppid=1 ppid_comm="init" name="kmsg" dev="tmpfs" ino=10015 scontext=u:r:init:s0 tcontext=u:object_r:kmsg_device:s0 tclass=chr_file permissive=1
11-27 13:59:27.409   333   333 I powerlogd: type=1400 audit(0.0:26): avc: denied { sys_nice } for ppid=1 ppid_comm="init" capability=23 scontext=u:r:init:s0 tcontext=u:r:init:s0 tclass=capability permissive=1
11-27 13:59:27.419   333   333 I powerlogd: type=1400 audit(0.0:27): avc: denied { create } for ppid=1 ppid_comm="init" scontext=u:r:init:s0 tcontext=u:r:init:s0 tclass=netlink_audit_socket permissive=1
11-27 13:59:27.419   333   333 I powerlogd: type=1400 audit(0.0:28): avc: denied { write } for ppid=1 ppid_comm="init" scontext=u:r:init:s0 tcontext=u:r:init:s0 tclass=netlink_audit_socket permissive=1
11-27 13:59:27.419   333   333 I powerlogd: type=1400 audit(0.0:29): avc: denied { nlmsg_write } for ppid=1 ppid_comm="init" scontext=u:r:init:s0 tcontext=u:r:init:s0 tclass=netlink_audit_socket permissive=1
11-27 13:59:27.488   384   384 I cm      : Welcome to Android 6.0.1 / CyanogenMod-13.0-20161126-UNOFFICIAL-next 
11-27 13:59:27.493   385   385 I sysinit : Running /system/etc/init.d/90userinit 
11-27 13:59:27.496   368   368 E DMD     : [M/main] Huawei Device monitor daemon started.
11-27 13:59:27.496   364   364 I keystore: Found keymaster0 module Keymaster OpenSSL HAL, version 2
11-27 13:59:27.496   364   364 I SoftKeymaster: system/keymaster/soft_keymaster_device.cpp, Line 122: Creating device
11-27 13:59:27.496   364   364 D SoftKeymaster: system/keymaster/soft_keymaster_device.cpp, Line 123: Device address: 0x7f8de63000
11-27 13:59:27.496   364   364 I keystore: Keymaster0 module is software-only.  Using SoftKeymasterDevice instead.
11-27 13:59:27.496   364   364 I SoftKeymaster: system/keymaster/soft_keymaster_device.cpp, Line 122: Creating device
11-27 13:59:27.496   364   364 D SoftKeymaster: system/keymaster/soft_keymaster_device.cpp, Line 123: Device address: 0x7f8de63300
11-27 13:59:27.497   358   358 I Netd    : Netd 1.0 starting
11-27 13:59:27.497   358   358 I QtiConnectivityAdapter: Failed to open libconnctrl, some features may not be present.
11-27 13:59:27.497   358   358 D TetherController: Setting IP forward enable = 0
11-27 13:59:27.497   374   374 E Thermal-daemon: Huawei Thermal daemon started
11-27 13:59:27.503   374   374 E Thermal-daemon: parsing configure file: /system/etc/thermald.xml, result: success
11-27 13:59:27.503   374   374 E Thermal-daemon: parse result: type = 0, name = cpu, step = 3, min_temp = 0, enable = 1, highest temperature = 75, to_celsius = 
11-27 13:59:27.503   374   374 E Thermal-daemon: parse result: type = 1, name = pa, step = 5, min_temp = 0, enable = 1, highest temperature = 75, to_celsius = 
11-27 13:59:27.503   374   374 E Thermal-daemon: parse result: type = 2, name = ucurrent, step = 5, min_temp = 0, enable = 1, highest temperature = 75, to_celsius = 
11-27 13:59:27.503   374   374 E Thermal-daemon: parse result: type = 3, name = flash, step = 5, min_temp = 0, enable = 1, highest temperature = 68, to_celsius = 
11-27 13:59:27.503   374   374 E Thermal-daemon: config support sensor param: type = 0, min_temp = 0, step = 3, max threshold = 78, conf_enable = 1
11-27 13:59:27.503   374   374 E Thermal-daemon: config support sensor param: type = 3, min_temp = 0, step = 5, max threshold = 73, conf_enable = 1
11-27 13:59:27.503   374   374 E Thermal-daemon: config support sensor param: type = 2, min_temp = 0, step = 5, max threshold = 80, conf_enable = 1
11-27 13:59:27.503   374   374 E Thermal-daemon: config support sensor param: type = 1, min_temp = 0, step = 5, max threshold = 80, conf_enable = 1
11-27 13:59:27.503   373   373 E         : rmt_oeminfo_read, connection fail
11-27 13:59:27.503   373   373 E         : rmt_oeminfo_erase, connection fail
11-27 13:59:27.503   373   373 E         : rmt_oeminfo_write, connection fail
11-27 13:59:27.503   373   373 E         : rmt_oeminfo_read, connection fail
11-27 13:59:27.503   373   373 E         : rmt_oeminfo_erase, connection fail
11-27 13:59:27.503   373   373 E         : rmt_oeminfo_write, connection fail
11-27 13:59:27.503   373   373 E HWNFF   : HWNFF Daemon fireup
11-27 13:59:27.503   373   373 E         : rmt_oeminfo_read, connection fail
11-27 13:59:27.504   374   374 E Thermal-daemon: find type: system_h in thermal_zone6, in tzn 6, contains type = system_h
11-27 13:59:27.504   374   374 E Thermal-daemon: init system_h type = 0, reslut = success
11-27 13:59:27.504   374   374 E Thermal-daemon: sensor temp adjust info: sensor type = 0, sensor name = ap, adjust ops = NONE, adjust factor = 0
11-27 13:59:27.504   374   374 E Thermal-daemon: find type: flash_led in thermal_zone7, in tzn 7, contains type = flash_led
11-27 13:59:27.504   374   374 E Thermal-daemon: init flash_led type = 3, reslut = success
11-27 13:59:27.504   374   374 E Thermal-daemon: sensor temp adjust info: sensor type = 3, sensor name = flash_led, adjust ops = NONE, adjust factor = 0
11-27 13:59:27.504   374   374 E Thermal-daemon: find type: charger in thermal_zone8, in tzn 8, contains type = charger
11-27 13:59:27.504   374   374 E Thermal-daemon: init charger type = 2, reslut = success
11-27 13:59:27.504   374   374 E Thermal-daemon: sensor temp adjust info: sensor type = 2, sensor name = charger_ic, adjust ops = NONE, adjust factor = 0
11-27 13:59:27.504   374   374 E Thermal-daemon: find type: pa_0 in thermal_zone9, in tzn 9, contains type = pa_0
11-27 13:59:27.504   374   374 E Thermal-daemon: init pa_0 type = 1, reslut = success
11-27 13:59:27.504   374   374 E Thermal-daemon: sensor temp adjust info: sensor type = 1, sensor name = pa_0, adjust ops = NONE, adjust factor = 0
11-27 13:59:27.504   374   374 E Thermal-daemon: support sensor number: 4, sensors setup finish
11-27 13:59:27.511   376   376 D bastetd : [BastetInit     ] getVersionProperty# Android SDK version: 23
11-27 13:59:27.512   376   376 E bastetd : [BastetHal      ] init_link_layer# hw_get_module() failed (No such file or directory)
11-27 13:59:27.512   376   376 E bastetd : [Dspp           ] TransLayerVerA# init_link_layer failed
11-27 13:59:27.512   329   329 E SELinux : avc:  denied  { add } for service=BastetService scontext=u:r:init:s0 tcontext=u:object_r:default_android_service:s0 tclass=service_manager
11-27 13:59:27.512   376   376 E bastetd : [BastetXmlParser] parseBastetXml# Can not load: /data/bastet/hw_bastet_partner.xml
11-27 13:59:27.512   376   376 E bastetd : [BastetXmlParser] parseBastetXml# Can not load: /system/emui/china/xml/hw_bastet_partner.xml
11-27 13:59:27.512   376   376 E bastetd : [BastetXmlParser] parseBastetXml# Can not load: /system/emui/base/xml/hw_bastet_partner.xml
11-27 13:59:27.577   330   330 D libEGL  : loaded /vendor/lib64/egl/libGLES_mali.so
11-27 13:59:27.598   375   375 I Pged-Hwpged: Hwpged Start, bDebug: 0
11-27 13:59:27.599   359   359 I DEBUG   : debuggerd: starting
11-27 13:59:27.602   330   330 I gralloc : ddr_interlace_info = 128
11-27 13:59:27.602   330   330 I gralloc : RAM size is 2878926848.
11-27 13:59:27.602   330   330 I gralloc : gralloc_prealloc_thread_init in pid 330
11-27 13:59:27.602   330   330 I gralloc : gralloc_prealloc_thread_init out pid 330
11-27 13:59:27.612   330   330 I gralloc : using (fd=14)
11-27 13:59:27.612   330   330 I gralloc : id           = hisifb0
11-27 13:59:27.612   330   330 I gralloc : xres         = 1080 px
11-27 13:59:27.612   330   330 I gralloc : yres         = 1920 px
11-27 13:59:27.612   330   330 I gralloc : xres_virtual = 1080 px
11-27 13:59:27.612   330   330 I gralloc : yres_virtual = 5760 px
11-27 13:59:27.612   330   330 I gralloc : bpp          = 16
11-27 13:59:27.612   330   330 I gralloc : r            = 11:5
11-27 13:59:27.612   330   330 I gralloc : g            =  5:6
11-27 13:59:27.612   330   330 I gralloc : b            =  0:5
11-27 13:59:27.612   330   330 I gralloc : width        = 75 mm (365.760010 dpi)
11-27 13:59:27.612   330   330 I gralloc : height       = 133 mm (366.676697 dpi)
11-27 13:59:27.612   330   330 I gralloc : refresh rate = 60.00 Hz
11-27 13:59:27.622   330   330 W hwcomposer: Connect:101: Disp resolution(1080 x 1920), fps: 62 Hz.
11-27 13:59:27.622   330   330 I gralloc : ddr_interlace_info = 128
11-27 13:59:27.622   330   330 I gralloc : RAM size is 2878926848.
11-27 13:59:27.622   330   330 I gralloc : gralloc_prealloc_thread_init in pid 330
11-27 13:59:27.622   330   330 I gralloc : Alloc req: dev=0x7f87c42460, w=1080, h=1920, format=0x1, usage=0x80100
11-27 13:59:27.624   330   330 I gralloc : Alloc handle(0x7f8813e800): interfmt=0x200000001, stride=1088, size=8486912
11-27 13:59:27.624   330   330 I gralloc : Alloc req: dev=0x7f87c42460, w=1080, h=1920, format=0x1, usage=0x80100
11-27 13:59:27.625   330   330 I gralloc : Alloc handle(0x7f8813e900): interfmt=0x200000001, stride=1088, size=8486912
11-27 13:59:27.625   330   330 I gralloc : Alloc req: dev=0x7f87c42460, w=1080, h=1920, format=0x1, usage=0x80100
11-27 13:59:27.626   330   330 I gralloc : Alloc handle(0x7f8813ea00): interfmt=0x200000001, stride=1088, size=8486912
11-27 13:59:27.626   330   330 E SurfaceFlinger: composer device failed to initialize (Invalid argument)
11-27 13:59:27.627   330   330 I SurfaceFlinger: EGL information:
11-27 13:59:27.627   330   330 I SurfaceFlinger: vendor    : Android
11-27 13:59:27.627   330   330 I SurfaceFlinger: version   : 1.4 Android META-EGL
11-27 13:59:27.627   330   330 I SurfaceFlinger: extensions: EGL_KHR_get_all_proc_addresses EGL_ANDROID_presentation_time EGL_KHR_swap_buffers_with_damage EGL_KHR_image EGL_KHR_image_base EGL_KHR_gl_texture_2D_image EGL_KHR_gl_texture_cubemap_image EGL_KHR_gl_renderbuffer_image EGL_KHR_fence_sync EGL_KHR_create_context EGL_KHR_config_attribs EGL_KHR_surfaceless_context EGL_EXT_create_context_robustness EGL_ANDROID_image_native_buffer EGL_KHR_wait_sync EGL_ANDROID_recordable EGL_KHR_partial_update 
11-27 13:59:27.627   330   330 I SurfaceFlinger: Client API: OpenGL_ES
11-27 13:59:27.627   330   330 I SurfaceFlinger: EGLSurface: 8-8-8-8, config=0x7f8631b238
11-27 13:59:27.637   330   330 I SurfaceFlinger: OpenGL ES informations:
11-27 13:59:27.637   330   330 I SurfaceFlinger: vendor    : ARM
11-27 13:59:27.637   330   330 I SurfaceFlinger: renderer  : Mali-T880
11-27 13:59:27.637   330   330 I SurfaceFlinger: version   : OpenGL ES 3.1 v1.r8p0-01dev0.aa829512e3c4ac5a9261cd1b826d668c
11-27 13:59:27.637   330   330 I SurfaceFlinger: extensions: GL_EXT_debug_marker GL_ARM_rgba8 GL_ARM_mali_shader_binary GL_OES_depth24 GL_OES_depth_texture GL_OES_depth_texture_cube_map GL_OES_packed_depth_stencil GL_OES_rgb8_rgba8 GL_EXT_read_format_bgra GL_OES_compressed_paletted_texture GL_OES_compressed_ETC1_RGB8_texture GL_OES_standard_derivatives GL_OES_EGL_image GL_OES_EGL_image_external GL_OES_EGL_sync GL_OES_texture_npot GL_OES_vertex_half_float GL_OES_required_internalformat GL_OES_vertex_array_object GL_OES_mapbuffer GL_EXT_texture_format_BGRA8888 GL_EXT_texture_rg GL_EXT_texture_type_2_10_10_10_REV GL_OES_fbo_render_mipmap GL_OES_element_index_uint GL_OES_texture_compression_astc GL_KHR_texture_compression_astc_ldr GL_KHR_texture_compression_astc_hdr GL_KHR_debug GL_EXT_occlusion_query_boolean GL_EXT_disjoint_timer_query GL_EXT_blend_minmax GL_EXT_discard_framebuffer GL_OES_get_program_binary GL_OES_texture_3D GL_EXT_texture_storage GL_EXT_multisampled_render_to_texture GL_OES_surfaceless_context GL_OES_texture_stencil8 GL_EXT_shader_pixel_loca
11-27 13:59:27.637   330   330 I SurfaceFlinger: GL_MAX_TEXTURE_SIZE = 8192
11-27 13:59:27.637   330   330 I SurfaceFlinger: GL_MAX_VIEWPORT_DIMS = 8192
11-27 13:59:27.637   330   330 D mali_winsys: new_window_surface returns 0x3000
11-27 13:59:27.638   330   330 D SurfaceFlinger: Set power mode=2, type=0 flinger=0x7f88103c00
11-27 13:59:27.740   330   330 D SurfaceFlinger: SF. shader cache generated - 26 shaders in 95.454689 ms
11-27 13:59:27.740   330   330 I gralloc : ddr_interlace_info = 128
11-27 13:59:27.740   330   330 I gralloc : RAM size is 2878926848.
11-27 13:59:27.740   330   330 I gralloc : gralloc_prealloc_thread_init in pid 330
11-27 13:59:27.740   330   330 I gralloc : Alloc req: dev=0x7f87c42540, w=1080, h=1920, format=0x1, usage=0x1a00
11-27 13:59:27.740   330   330 I gralloc : Alloc handle(0x7f87c05400): interfmt=0x200000001, stride=1088, size=8486912
11-27 13:59:27.820   362   362 V MediaUtils: physMem: 2878926848
11-27 13:59:27.820   362   362 V MediaUtils: requested limit: 1871302420
11-27 13:59:27.820   362   362 V MediaUtils: actual limit: 1871302420
11-27 13:59:27.820   362   362 V MediaUtils: original limits: 4294967295/4294967295
11-27 13:59:27.820   362   362 V MediaUtils: new limits: 1871302420/4294967295
11-27 13:59:27.827   362   362 I mediaserver: ServiceManager: 0xf61ce120
11-27 13:59:27.827   362   362 I AudioFlinger: Using default 3000 mSec as standby time.
11-27 13:59:27.828   362   362 E BatteryNotifier: batterystats service unavailable!
11-27 13:59:27.828   362   362 E BatteryNotifier: batterystats service unavailable!
11-27 13:59:27.828   362   362 I CameraService: CameraService started (pid=362)
11-27 13:59:27.828   362   362 I CameraService: CameraService process starting
11-27 13:59:27.828   362   362 E BatteryNotifier: batterystats service unavailable!
11-27 13:59:27.828   362   362 E BatteryNotifier: batterystats service unavailable!
11-27 13:59:27.828   362   362 E CameraService: Could not load camera HAL module: -2 (No such file or directory)
11-27 13:59:27.829   362   362 I AudioPolicyService: AudioPolicyService CSTOR in new mode
11-27 13:59:27.829   362   362 W APM::Devices: DeviceVector::add device 80000040 already in
11-27 13:59:27.829   362   362 W APM::Devices: DeviceVector::add device 80000040 already in
11-27 13:59:27.830   362   362 I APM::ConfigParsingUtils: loadAudioPolicyConfig() loaded /system/etc/audio_policy.conf
11-27 13:59:27.830   362   362 I AudioFlinger: loadHwModule() Loaded primary audio interface from Default audio HW HAL (audio) handle 1
11-27 13:59:27.830   362   362 I AudioFlinger: openOutput(), module 1 Device 2, SamplingRate 48000, Format 0x000001, Channels 3, flags 2
11-27 13:59:27.830   362   362 I AudioFlinger: AudioStreamOut::open(), mHalFormatIsLinearPcm = 1
11-27 13:59:27.831   362   362 I AudioFlinger: HAL output buffer size 1024 frames, normal sink buffer size 1024 frames
11-27 13:59:27.841   362   362 I BufferProvider: found effect "Multichannel Downmix To Stereo" from The Android Open Source Project
11-27 13:59:27.841   362   362 I AudioFlinger: Using module 1 has the primary audio interface
11-27 13:59:27.841   362   490 I AudioFlinger: AudioFlinger's thread 0xf4680000 ready to run
11-27 13:59:27.841   362   490 E AudioFlinger: no wake lock to update!
11-27 13:59:27.842   362   491 I AudioFlinger: AudioFlinger's thread 0xf4380000 ready to run
11-27 13:59:27.843   362   362 I bt_a2dp_hw: adev_open:  adev_open in A2dp_hw module
11-27 13:59:27.843   362   362 I AudioFlinger: loadHwModule() Loaded a2dp audio interface from A2DP Audio HW HAL (audio) handle 5
11-27 13:59:27.845   362   362 W linker  : /system/lib/hw/audio.usb.default.so has text relocations. This is wasting memory and prevents security hardening. Please fix.
11-27 13:59:27.845   362   362 I AudioFlinger: loadHwModule() Loaded usb audio interface from USB audio HW HAL (audio) handle 6
11-27 13:59:27.846   362   362 I r_submix: adev_open(name=audio_hw_if)
11-27 13:59:27.847   362   362 I r_submix: adev_init_check()
11-27 13:59:27.847   362   362 I AudioFlinger: loadHwModule() Loaded r_submix audio interface from Wifi Display audio HAL (audio) handle 7
11-27 13:59:27.847   362   362 D r_submix: adev_open_input_stream(addr=0)
11-27 13:59:27.847   362   362 D r_submix: submix_audio_device_create_pipe_l(addr=0, idx=9)
11-27 13:59:27.847   362   362 D r_submix:   now using address 0 for route 9
11-27 13:59:27.847   362   362 E MonoPipe: Failed to fetch local time frequency when constructing a MonoPipe (res = -32).  getNextWriteTimestamp calls will be non-functional
11-27 13:59:27.847   362   493 I AudioFlinger: AudioFlinger's thread 0xf42c0000 ready to run
11-27 13:59:27.847   362   362 D r_submix: adev_close_input_stream()
11-27 13:59:27.847   362   362 D r_submix: submix_audio_device_release_pipe_l(idx=9) addr=0
11-27 13:59:27.847   362   362 D r_submix: submix_audio_device_destroy_pipe_l(): pipe destroyed
11-27 13:59:27.847   362   362 E SoundTriggerHwService: couldn't load sound trigger module sound_trigger.primary (No such file or directory)
11-27 13:59:27.848   362   362 I RadioService: RadioService
11-27 13:59:27.848   362   362 I RadioService: onFirstRef
11-27 13:59:27.848   362   362 E RadioService: couldn't load radio module radio.primary (No such file or directory)
11-27 13:59:27.987   330   346 E SurfaceFlinger: ro.sf.lcd_density must be defined as a build property
11-27 13:59:27.994   330   330 I gralloc : Alloc req: dev=0x7f87c42540, w=1080, h=1920, format=0x1, usage=0x1a00
11-27 13:59:27.995   330   330 I gralloc : Alloc handle(0x7f87c05500): interfmt=0x200000001, stride=1088, size=8486912
11-27 13:59:28.022   440   529 D libEGL  : loaded /vendor/lib64/egl/libGLES_mali.so
11-27 13:59:28.054   440   529 D mali_winsys: new_window_surface returns 0x3000
11-27 13:59:28.062   440   529 W BootAnimation: Unable to cache the animation
11-27 13:59:28.062   440   529 E BootAnimation: couldn't find audio_conf.txt
11-27 13:59:28.085   440   529 D BootAnimation: Use save memory method, maybe small fps in actual.
11-27 13:59:28.171   330   348 I gralloc : Alloc req: dev=0x7f87c42540, w=1080, h=1920, format=0x2, usage=0xb00
11-27 13:59:28.171   330   348 I gralloc : Alloc handle(0x7f87c05600): interfmt=0x200000002, stride=1088, size=8486912
11-27 13:59:28.240   330   346 I gralloc : Alloc req: dev=0x7f87c42540, w=1080, h=1920, format=0x2, usage=0xb00
11-27 13:59:28.240   330   346 I gralloc : Alloc handle(0x7f87c05700): interfmt=0x200000002, stride=1088, size=8486912
11-27 13:59:28.272   358   358 V NatController: runCmd(/system/bin/iptables -w -F natctrl_FORWARD) res=0
11-27 13:59:28.276   358   358 V NatController: runCmd(/system/bin/iptables -w -A natctrl_FORWARD -j DROP) res=0
11-27 13:59:28.280   358   358 V NatController: runCmd(/system/bin/iptables -w -t nat -F natctrl_nat_POSTROUTING) res=0
11-27 13:59:28.283   358   358 V NatController: runCmd(/system/bin/iptables -w -F natctrl_tether_counters) res=1
11-27 13:59:28.287   358   358 V NatController: runCmd(/system/bin/iptables -w -X natctrl_tether_counters) res=1
11-27 13:59:28.291   358   358 V NatController: runCmd(/system/bin/iptables -w -N natctrl_tether_counters) res=0
11-27 13:59:28.295   358   358 V NatController: runCmd(/system/bin/iptables -w -t mangle -A natctrl_mangle_FORWARD -p tcp --tcp-flags SYN SYN -j TCPMSS --clamp-mss-to-pmtu) res=0
11-27 13:59:28.359   330   348 I gralloc : Alloc req: dev=0x7f87c42540, w=1080, h=1920, format=0x2, usage=0xb00
11-27 13:59:28.359   330   348 I gralloc : Alloc handle(0x7f87c05800): interfmt=0x200000002, stride=1088, size=8486912
11-27 13:59:28.538   358   358 E Netd    : cannot find interface dummy0
11-27 13:59:28.538   358   358 D MDnsDS  : MDnsSdListener::Hander starting up
11-27 13:59:28.538   358   696 D MDnsDS  : MDnsSdListener starting to monitor
11-27 13:59:28.538   358   696 D MDnsDS  : Going to poll with pollCount 1
11-27 13:59:30.967   440   529 D BootAnimation: Use save memory method, maybe small fps in actual.
11-27 13:59:32.850   369   369 D AndroidRuntime: >>>>>> START com.android.internal.os.ZygoteInit uid 0 <<<<<<
11-27 13:59:32.970   369   369 D AndroidRuntime: CheckJNI is ON
11-27 13:59:33.001   369   369 I art     : option[0]=-Xzygote
11-27 13:59:33.001   369   369 I art     : option[1]=-Xcheck:jni
11-27 13:59:33.001   369   369 I art     : option[2]=-Xstacktracefile:/data/anr/traces.txt
11-27 13:59:33.001   369   369 I art     : option[3]=exit
11-27 13:59:33.001   369   369 I art     : option[4]=vfprintf
11-27 13:59:33.001   369   369 I art     : option[5]=sensitiveThread
11-27 13:59:33.001   369   369 I art     : option[6]=-verbose:gc
11-27 13:59:33.001   369   369 I art     : option[7]=-Xms4m
11-27 13:59:33.001   369   369 I art     : option[8]=-Xmx16m
11-27 13:59:33.001   369   369 I art     : option[9]=-Xusejit:true
11-27 13:59:33.001   369   369 I art     : option[10]=-agentlib:jdwp=transport=dt_android_adb,suspend=n,server=y
11-27 13:59:33.001   369   369 I art     : option[11]=-Xlockprofthreshold:500
11-27 13:59:33.001   369   369 I art     : option[12]=-Ximage-compiler-option
11-27 13:59:33.001   369   369 I art     : option[13]=--runtime-arg
11-27 13:59:33.001   369   369 I art     : option[14]=-Ximage-compiler-option
11-27 13:59:33.001   369   369 I art     : option[15]=-Xms64m
11-27 13:59:33.001   369   369 I art     : option[16]=-Ximage-compiler-option
11-27 13:59:33.001   369   369 I art     : option[17]=--runtime-arg
11-27 13:59:33.001   369   369 I art     : option[18]=-Ximage-compiler-option
11-27 13:59:33.001   369   369 I art     : option[19]=-Xmx64m
11-27 13:59:33.001   369   369 I art     : option[20]=-Ximage-compiler-option
11-27 13:59:33.001   369   369 I art     : option[21]=--compiler-filter=verify-none
11-27 13:59:33.001   369   369 I art     : option[22]=-Ximage-compiler-option
11-27 13:59:33.001   369   369 I art     : option[23]=--image-classes=/system/etc/preloaded-classes
11-27 13:59:33.001   369   369 I art     : option[24]=-Xcompiler-option
11-27 13:59:33.001   369   369 I art     : option[25]=--runtime-arg
11-27 13:59:33.001   369   369 I art     : option[26]=-Xcompiler-option
11-27 13:59:33.001   369   369 I art     : option[27]=-Xms64m
11-27 13:59:33.001   369   369 I art     : option[28]=-Xcompiler-option
11-27 13:59:33.001   369   369 I art     : option[29]=--runtime-arg
11-27 13:59:33.001   369   369 I art     : option[30]=-Xcompiler-option
11-27 13:59:33.001   369   369 I art     : option[31]=-Xmx512m
11-27 13:59:33.001   369   369 I art     : option[32]=-Xcompiler-option
11-27 13:59:33.001   369   369 I art     : option[33]=--compiler-filter=verify-none
11-27 13:59:33.001   369   369 I art     : option[34]=--runtime-arg
11-27 13:59:33.001   369   369 I art     : option[35]=-Xnorelocate
11-27 13:59:33.001   369   369 I art     : option[36]=-Ximage-compiler-option
11-27 13:59:33.001   369   369 I art     : option[37]=--instruction-set-variant=generic
11-27 13:59:33.001   369   369 I art     : option[38]=-Xcompiler-option
11-27 13:59:33.001   369   369 I art     : option[39]=--instruction-set-variant=generic
11-27 13:59:33.001   369   369 I art     : option[40]=-Ximage-compiler-option
11-27 13:59:33.001   369   369 I art     : option[41]=--instruction-set-features=default
11-27 13:59:33.001   369   369 I art     : option[42]=-Xcompiler-option
11-27 13:59:33.001   369   369 I art     : option[43]=--instruction-set-features=default
11-27 13:59:33.001   369   369 I art     : option[44]=-Duser.locale=en-US
11-27 13:59:33.001   369   369 I art     : option[45]=--cpu-abilist=arm64-v8a
11-27 13:59:33.001   369   369 I art     : option[46]=-Xfingerprint:huawei/cm_next/next:6.0.1/M4B30X/32c0e8d47e:eng/test-keys
11-27 13:59:33.101   369   369 I art     : Pruning dalvik-cache since we are generating an image and will need to recompile
11-27 13:59:33.101   369   369 I art     : Using an offset of 0xffd22000 from default art base address of 0x70000000
11-27 13:59:33.101   369   369 I art     : GenerateImage: /system/bin/dex2oat --image=/data/dalvik-cache/arm64/system@framework@boot.art --dex-file=/system/framework/core-libart.jar --dex-file=/system/framework/conscrypt.jar --dex-file=/system/framework/okhttp.jar --dex-file=/system/framework/core-junit.jar --dex-file=/system/framework/bouncycastle.jar --dex-file=/system/framework/ext.jar --dex-file=/system/framework/framework.jar --dex-file=/system/framework/telephony-common.jar --dex-file=/system/framework/voip-common.jar --dex-file=/system/framework/ims-common.jar --dex-file=/system/framework/apache-xml.jar --dex-file=/system/framework/org.apache.http.legacy.boot.jar --oat-file=/data/dalvik-cache/arm64/system@framework@boot.oat --instruction-set=arm64 --instruction-set-features=smp,a53 --base=0x6fd22000 --runtime-arg -Xms64m --runtime-arg -Xmx64m --compiler-filter=verify-none --image-classes=/system/etc/preloaded-classes --instruction-set-variant=generic --instruction-set-features=default
11-27 13:59:33.724   703   703 I dex2oat : /system/bin/dex2oat --image=/data/dalvik-cache/arm64/system@framework@boot.art --dex-file=/system/framework/core-libart.jar --dex-file=/system/framework/conscrypt.jar --dex-file=/system/framework/okhttp.jar --dex-file=/system/framework/core-junit.jar --dex-file=/system/framework/bouncycastle.jar --dex-file=/system/framework/ext.jar --dex-file=/system/framework/framework.jar --dex-file=/system/framework/telephony-common.jar --dex-file=/system/framework/voip-common.jar --dex-file=/system/framework/ims-common.jar --dex-file=/system/framework/apache-xml.jar --dex-file=/system/framework/org.apache.http.legacy.boot.jar --oat-file=/data/dalvik-cache/arm64/system@framework@boot.oat --instruction-set=arm64 --instruction-set-features=smp,a53 --base=0x6fd22000 --runtime-arg -Xms64m --runtime-arg -Xmx64m --compiler-filter=verify-none --image-classes=/system/etc/preloaded-classes --instruction-set-variant=generic --instruction-set-features=default
11-27 13:59:33.761   703   703 I dex2oat : setting boot class path to /system/framework/core-libart.jar:/system/framework/conscrypt.jar:/system/framework/okhttp.jar:/system/framework/core-junit.jar:/system/framework/bouncycastle.jar:/system/framework/ext.jar:/system/framework/framework.jar:/system/framework/telephony-common.jar:/system/framework/voip-common.jar:/system/framework/ims-common.jar:/system/framework/apache-xml.jar:/system/framework/org.apache.http.legacy.boot.jar
11-27 13:59:34.912   370   370 D AndroidRuntime: >>>>>> START com.android.internal.os.ZygoteInit uid 0 <<<<<<
11-27 13:59:34.915   370   370 D AndroidRuntime: CheckJNI is ON
11-27 13:59:34.916   370   370 I art     : option[0]=-Xzygote
11-27 13:59:34.916   370   370 I art     : option[1]=-Xcheck:jni
11-27 13:59:34.916   370   370 I art     : option[2]=-Xstacktracefile:/data/anr/traces.txt
11-27 13:59:34.916   370   370 I art     : option[3]=exit
11-27 13:59:34.916   370   370 I art     : option[4]=vfprintf
11-27 13:59:34.916   370   370 I art     : option[5]=sensitiveThread
11-27 13:59:34.916   370   370 I art     : option[6]=-verbose:gc
11-27 13:59:34.916   370   370 I art     : option[7]=-Xms4m
11-27 13:59:34.916   370   370 I art     : option[8]=-Xmx16m
11-27 13:59:34.916   370   370 I art     : option[9]=-Xusejit:true
11-27 13:59:34.916   370   370 I art     : option[10]=-agentlib:jdwp=transport=dt_android_adb,suspend=n,server=y
11-27 13:59:34.916   370   370 I art     : option[11]=-Xlockprofthreshold:500
11-27 13:59:34.916   370   370 I art     : option[12]=-Ximage-compiler-option
11-27 13:59:34.916   370   370 I art     : option[13]=--runtime-arg
11-27 13:59:34.916   370   370 I art     : option[14]=-Ximage-compiler-option
11-27 13:59:34.916   370   370 I art     : option[15]=-Xms64m
11-27 13:59:34.916   370   370 I art     : option[16]=-Ximage-compiler-option
11-27 13:59:34.916   370   370 I art     : option[17]=--runtime-arg
11-27 13:59:34.916   370   370 I art     : option[18]=-Ximage-compiler-option
11-27 13:59:34.916   370   370 I art     : option[19]=-Xmx64m
11-27 13:59:34.916   370   370 I art     : option[20]=-Ximage-compiler-option
11-27 13:59:34.916   370   370 I art     : option[21]=--compiler-filter=verify-none
11-27 13:59:34.916   370   370 I art     : option[22]=-Ximage-compiler-option
11-27 13:59:34.916   370   370 I art     : option[23]=--image-classes=/system/etc/preloaded-classes
11-27 13:59:34.916   370   370 I art     : option[24]=-Xcompiler-option
11-27 13:59:34.916   370   370 I art     : option[25]=--runtime-arg
11-27 13:59:34.916   370   370 I art     : option[26]=-Xcompiler-option
11-27 13:59:34.916   370   370 I art     : option[27]=-Xms64m
11-27 13:59:34.916   370   370 I art     : option[28]=-Xcompiler-option
11-27 13:59:34.916   370   370 I art     : option[29]=--runtime-arg
11-27 13:59:34.916   370   370 I art     : option[30]=-Xcompiler-option
11-27 13:59:34.916   370   370 I art     : option[31]=-Xmx512m
11-27 13:59:34.916   370   370 I art     : option[32]=-Xcompiler-option
11-27 13:59:34.916   370   370 I art     : option[33]=--compiler-filter=verify-none
11-27 13:59:34.916   370   370 I art     : option[34]=--runtime-arg
11-27 13:59:34.916   370   370 I art     : option[35]=-Xnorelocate
11-27 13:59:34.916   370   370 I art     : option[36]=-Ximage-compiler-option
11-27 13:59:34.916   370   370 I art     : option[37]=--instruction-set-variant=cortex-a7
11-27 13:59:34.916   370   370 I art     : option[38]=-Xcompiler-option
11-27 13:59:34.916   370   370 I art     : option[39]=--instruction-set-variant=cortex-a7
11-27 13:59:34.916   370   370 I art     : option[40]=-Ximage-compiler-option
11-27 13:59:34.916   370   370 I art     : option[41]=--instruction-set-features=default
11-27 13:59:34.916   370   370 I art     : option[42]=-Xcompiler-option
11-27 13:59:34.916   370   370 I art     : option[43]=--instruction-set-features=default
11-27 13:59:34.916   370   370 I art     : option[44]=-Duser.locale=en-US
11-27 13:59:34.916   370   370 I art     : option[45]=--cpu-abilist=armeabi-v7a,armeabi
11-27 13:59:34.916   370   370 I art     : option[46]=-Xfingerprint:huawei/cm_next/next:6.0.1/M4B30X/32c0e8d47e:eng/test-keys
11-27 13:59:35.100   370   370 I art     : Pruning dalvik-cache since we are generating an image and will need to recompile
11-27 13:59:35.100   370   370 I art     : Using an offset of 0xff93d000 from default art base address of 0x70000000
11-27 13:59:35.100   370   370 I art     : GenerateImage: /system/bin/dex2oat --image=/data/dalvik-cache/arm/system@framework@boot.art --dex-file=/system/framework/core-libart.jar --dex-file=/system/framework/conscrypt.jar --dex-file=/system/framework/okhttp.jar --dex-file=/system/framework/core-junit.jar --dex-file=/system/framework/bouncycastle.jar --dex-file=/system/framework/ext.jar --dex-file=/system/framework/framework.jar --dex-file=/system/framework/telephony-common.jar --dex-file=/system/framework/voip-common.jar --dex-file=/system/framework/ims-common.jar --dex-file=/system/framework/apache-xml.jar --dex-file=/system/framework/org.apache.http.legacy.boot.jar --oat-file=/data/dalvik-cache/arm/system@framework@boot.oat --instruction-set=arm --instruction-set-features=smp,div,-atomic_ldrd_strd --base=0x6f93d000 --runtime-arg -Xms64m --runtime-arg -Xmx64m --compiler-filter=verify-none --image-classes=/system/etc/preloaded-classes --instruction-set-variant=cortex-a7 --instruction-set-features=default
11-27 13:59:35.612   708   708 I dex2oat : /system/bin/dex2oat --image=/data/dalvik-cache/arm/system@framework@boot.art --dex-file=/system/framework/core-libart.jar --dex-file=/system/framework/conscrypt.jar --dex-file=/system/framework/okhttp.jar --dex-file=/system/framework/core-junit.jar --dex-file=/system/framework/bouncycastle.jar --dex-file=/system/framework/ext.jar --dex-file=/system/framework/framework.jar --dex-file=/system/framework/telephony-common.jar --dex-file=/system/framework/voip-common.jar --dex-file=/system/framework/ims-common.jar --dex-file=/system/framework/apache-xml.jar --dex-file=/system/framework/org.apache.http.legacy.boot.jar --oat-file=/data/dalvik-cache/arm/system@framework@boot.oat --instruction-set=arm --instruction-set-features=smp,div,-atomic_ldrd_strd --base=0x6f93d000 --runtime-arg -Xms64m --runtime-arg -Xmx64m --compiler-filter=verify-none --image-classes=/system/etc/preloaded-classes --instruction-set-variant=cortex-a7 --instruction-set-features=default
11-27 13:59:35.620   708   708 I dex2oat : setting boot class path to /system/framework/core-libart.jar:/system/framework/conscrypt.jar:/system/framework/okhttp.jar:/system/framework/core-junit.jar:/system/framework/bouncycastle.jar:/system/framework/ext.jar:/system/framework/framework.jar:/system/framework/telephony-common.jar:/system/framework/voip-common.jar:/system/framework/ims-common.jar:/system/framework/apache-xml.jar:/system/framework/org.apache.http.legacy.boot.jar
11-27 13:59:58.605   708   708 W dex2oat : Verification of void dalvik.system.DexPathList$Element.maybeInit() took 106.802ms
11-27 14:00:02.510   374   374 E Thermal-daemon: Enter daemon main loop, 61s has passed
11-27 14:00:02.510   374   374 E Thermal-daemon: before adjust, sensor type = 1, ops = NONE, factor = 0, temp = 29
11-27 14:00:02.510   374   374 E Thermal-daemon: after adjust, sensor type = 1, ops = NONE, factor = 0, temp = 29
11-27 14:00:02.510   374   374 E Thermal-daemon: [pa_0] temp_new :29  temp_old :0
11-27 14:00:02.510   374   374 E Thermal-daemon: Report temperature: [pa_0] temp :29  report_threshold:1
11-27 14:00:02.511   374   374 E Thermal-daemon: before adjust, sensor type = 2, ops = NONE, factor = 0, temp = 32
11-27 14:00:02.511   374   374 E Thermal-daemon: after adjust, sensor type = 2, ops = NONE, factor = 0, temp = 32
11-27 14:00:02.511   374   374 E Thermal-daemon: [charger_ic] temp_new :32  temp_old :0
11-27 14:00:02.511   374   374 E Thermal-daemon: Report temperature: [charger_ic] temp :32  report_threshold:1
11-27 14:00:02.512   374   374 E Thermal-daemon: before adjust, sensor type = 3, ops = NONE, factor = 0, temp = 34
11-27 14:00:02.512   374   374 E Thermal-daemon: after adjust, sensor type = 3, ops = NONE, factor = 0, temp = 34
11-27 14:00:02.512   374   374 E Thermal-daemon: [flash_led] temp_new :34  temp_old :0
11-27 14:00:02.512   374   374 E Thermal-daemon: Report temperature: [flash_led] temp :34  report_threshold:1
11-27 14:00:02.513   374   374 E Thermal-daemon: before adjust, sensor type = 0, ops = NONE, factor = 0, temp = 33
11-27 14:00:02.513   374   374 E Thermal-daemon: after adjust, sensor type = 0, ops = NONE, factor = 0, temp = 33
11-27 14:00:02.514   374   374 E Thermal-daemon: [ap] temp_new :33  temp_old :0
11-27 14:00:02.514   374   374 E Thermal-daemon: Report temperature: [ap] temp :33  report_threshold:1
11-27 14:00:03.352   703   732 W dex2oat : Skipping class com.quicinc.tcmiface.DpmTcmIface from /system/framework/org.apache.http.legacy.boot.jar previously found in /system/framework/okhttp.jar
11-27 14:00:03.751   703   731 W dex2oat : Compilation of void android.icu.impl.CalendarAstronomer$3.<init>(android.icu.impl.CalendarAstronomer) took 150.195ms
11-27 14:00:03.771   703   703 W dex2oat : Compilation of void android.icu.impl.CalendarAstronomer$2.<init>(android.icu.impl.CalendarAstronomer) took 170.752ms
11-27 14:00:03.779   703   728 W dex2oat : Compilation of void android.icu.impl.CalendarAstronomer$4.<init>(android.icu.impl.CalendarAstronomer) took 177.494ms
11-27 14:00:03.814   703   729 W dex2oat : Compilation of void android.icu.util.DateTimeRule.<init>(int, int, int, int) took 143.697ms
11-27 14:00:03.921   703   703 W dex2oat : Compilation of void javax.xml.datatype.XMLGregorianCalendar.setTime(int, int, int, int) took 120.321ms
11-27 14:00:04.351   703   731 W dex2oat : Compilation of void android.print.PrintJobId.<init>(java.lang.String) took 190.127ms
11-27 14:00:04.409   703   732 W dex2oat : Compilation of void android.util.JsonWriter.close() took 157.790ms
11-27 14:00:04.754   703   731 W dex2oat : Compilation of void com.android.internal.telephony.uicc.IccRecords.dump(java.io.FileDescriptor, java.io.PrintWriter, java.lang.String[]) took 133.665ms
11-27 14:00:04.843   703   729 W dex2oat : Skipping class com.quicinc.tcmiface.DpmTcmIface from /system/framework/org.apache.http.legacy.boot.jar previously found in /system/framework/okhttp.jar
11-27 14:00:05.056   708   736 W dex2oat : Skipping class com.quicinc.tcmiface.DpmTcmIface from /system/framework/org.apache.http.legacy.boot.jar previously found in /system/framework/okhttp.jar
11-27 14:00:05.493   708   737 W dex2oat : Compilation of void android.icu.text.DecimalFormat.writeObject(java.io.ObjectOutputStream) took 102.548ms
11-27 14:00:05.612   708   740 W dex2oat : Compilation of boolean java.util.concurrent.atomic.AtomicIntegerArray.weakCompareAndSet(int, int, int) took 180.809ms
11-27 14:00:05.941   708   708 W dex2oat : Compilation of void android.inputmethodservice.InputMethodService$2.<init>(android.inputmethodservice.InputMethodService) took 250.053ms
11-27 14:00:05.995   708   737 W dex2oat : Compilation of int android.graphics.drawable.NinePatchDrawable.getOpacity() took 154.037ms
11-27 14:00:05.997   708   739 W dex2oat : Compilation of android.media.audiofx.AudioEffect$OnControlStatusChangeListener android.media.audiofx.AudioEffect.-get0(android.media.audiofx.AudioEffect) took 156.421ms
11-27 14:00:05.998   708   736 W dex2oat : Compilation of float android.telecom.VideoProfile$CameraCapabilities.getMaxZoom() took 167.421ms
11-27 14:00:06.396   708   741 W dex2oat : Skipping class com.quicinc.tcmiface.DpmTcmIface from /system/framework/org.apache.http.legacy.boot.jar previously found in /system/framework/okhttp.jar
11-27 14:00:07.516   374   374 E Thermal-daemon: [flash_led] temp_new :33  temp_old :34
11-27 14:00:07.516   374   374 E Thermal-daemon: Report temperature: [flash_led] temp :33  report_threshold:1
11-27 14:00:07.517   374   374 E Thermal-daemon: [ap] temp_new :34  temp_old :33
11-27 14:00:07.517   374   374 E Thermal-daemon: Report temperature: [ap] temp :34  report_threshold:1
11-27 14:00:12.520   374   374 E Thermal-daemon: [flash_led] temp_new :34  temp_old :33
11-27 14:00:12.520   374   374 E Thermal-daemon: Report temperature: [flash_led] temp :34  report_threshold:1
11-27 14:00:16.392   703   703 I dex2oat : Explicit concurrent mark sweep GC freed 59531(22MB) AllocSpace objects, 0(0B) LOS objects, 34% free, 7MB/11MB, paused 257us total 431.696ms
11-27 14:00:16.848   708   708 I dex2oat : Explicit concurrent mark sweep GC freed 59528(12MB) AllocSpace objects, 0(0B) LOS objects, 45% free, 4MB/8MB, paused 170us total 76.069ms
11-27 14:00:24.132   703   703 I dex2oat : dex2oat took 50.411s (threads: 8) arena alloc=576B java alloc=7MB native alloc=11MB free=9MB
11-27 14:00:24.823   369   369 D ICU     : No timezone override file found: /data/misc/zoneinfo/current/icu/icu_tzdata.dat
11-27 14:00:24.854   708   708 I dex2oat : dex2oat took 49.242s (threads: 8) arena alloc=480B java alloc=4MB native alloc=8MB free=7MB
11-27 14:00:25.114   370   370 D ICU     : No timezone override file found: /data/misc/zoneinfo/current/icu/icu_tzdata.dat
11-27 14:00:25.233   369   369 E memtrack: Couldn't load memtrack module (No such file or directory)
11-27 14:00:25.233   369   369 E android.os.Debug: failed to load memtrack module: -2
11-27 14:00:25.237   369   369 I Radio-JNI: register_android_hardware_Radio DONE
11-27 14:00:25.353   369   369 I SamplingProfilerIntegration: Profiling disabled.
11-27 14:00:25.353   369   369 D Zygote  : begin preload
11-27 14:00:25.354   369   369 I Zygote  : Preloading classes...
11-27 14:00:25.533   370   370 E memtrack: Couldn't load memtrack module (No such file or directory)
11-27 14:00:25.533   370   370 E android.os.Debug: failed to load memtrack module: -2
11-27 14:00:25.537   370   370 I Radio-JNI: register_android_hardware_Radio DONE
11-27 14:00:25.645   370   370 I SamplingProfilerIntegration: Profiling disabled.
11-27 14:00:25.646   370   370 D Zygote  : begin preload
11-27 14:00:25.646   370   370 I Zygote  : Preloading classes...
11-27 14:00:27.504   368   368 E DMD     : [M/main] Enter daemon main loop, 61s has passed.
11-27 14:00:27.504   368   368 E DMD     : [M/dmd_register_ext_client_in_drv] register dsm_client dsm_usr in userspace successfully.
11-27 14:00:27.504   368   368 E DMD     : [M/dmd_client_init] default-client total: 54 ret = 0
11-27 14:00:27.504   368   368 E DMD     : [M/parse_config] Loading  configuration file...
11-27 14:00:27.505   368   368 E DMD     : [M/parse_config] Config file read (74365 bytes)
11-27 14:00:27.506   368   368 E DMD     : [M/parse_listen_section] Invalid running test switch.
11-27 14:00:27.506   368   368 E DMD     : [M/parse_section] parse_listen_section failed!
11-27 14:00:27.506   368   368 E DMD     : [M/parse_listen_section] Invalid running test switch.
11-27 14:00:27.506   368   368 E DMD     : [M/parse_section] parse_listen_section failed!
11-27 14:00:27.506   368   368 E DMD     : [M/dmd_parse_nff_config_file] file name:/system/etc/device_monitor_for_nff.conf
11-27 14:00:27.507   368   368 E DMD     : [M/dmd_parse_nff_config_file] dmd useless line! 
11-27 14:00:27.507   368   368 E DMD     : [M/dmd_parse_nff_config_file] dmd useless line! 
11-27 14:00:27.507   368   368 E DMD     : [M/dmd_parse_nff_config_file] dmd useless line! 
11-27 14:00:27.507   368   368 E DMD     : [M/dmd_parse_nff_config_file] dmd useless line! 
11-27 14:00:27.507   368   776 E DMD     : [M/listen_client_init] find client dsm_tp's config.
11-27 14:00:27.507   368   777 E DMD     : [M/poll_server] dmd poll no client wait broadcast
11-27 14:00:27.507   368   368 E DMD     : [M/dmd_command_sever_init] command server init success, fd - 41
11-27 14:00:27.507   368   776 E DMD     : [M/listen_client_init] lclient dsm_tp init success, fd-42 triggers num-11
11-27 14:00:27.507   368   776 E DMD     : [M/listen_client_init] find client dsm_pmu_irq's config.
11-27 14:00:27.507   368   776 E DMD     : [M/listen_client_init] lclient dsm_pmu_irq init success, fd-43 triggers num-4
11-27 14:00:27.507   368   776 E DMD     : [M/listen_client_init] find client dsm_pmu_ocp's config.
11-27 14:00:27.507   368   776 E DMD     : [M/listen_client_init] lclient dsm_pmu_ocp init success, fd-44 triggers num-50
11-27 14:00:27.507   368   776 E DMD     : [M/listen_client_init] find client smartpa's config.
11-27 14:00:27.507   368   776 E DMD     : [M/listen_client_init] lclient smartpa init success, fd-45 triggers num-1
11-27 14:00:27.507   368   776 E DMD     : [M/listen_client_init] find client dsm_battery's config.
