11-27 14:04:23.939   362  1587 I SoftMPEG4Encoder: Construct SoftMPEG4Encoder
11-27 14:04:23.939   362  1587 W ACodec  : do not know color format 0x7f000789 = 2130708361
11-27 14:04:23.943   362  1587 W ACodec  : do not know color format 0x7f000789 = 2130708361
11-27 14:04:23.944   362  1587 I SoftMPEG4Encoder: Construct SoftMPEG4Encoder
11-27 14:04:23.944   362  1587 W ACodec  : do not know color format 0x7f000789 = 2130708361
11-27 14:04:23.948   362  1587 W ACodec  : do not know color format 0x7f000789 = 2130708361
11-27 14:04:23.948   362  1587 W MediaCodecList: Component OMX.IMG.MSVDX.Decoder.MPEG2 does not support any type of media?
11-27 14:04:23.948   362  1587 W MediaCodecList: Component OMX.IMG.TOPAZ.VIDEO.Encoder does not support any type of media?
11-27 14:04:23.949   362  1587 W MediaCodecList: unable to open media codecs configuration xml file: /data/misc/media/media_codecs_profiling_results.xml
11-27 14:04:23.950   821  1785 I OMXClient: Using client-side OMX mux.
11-27 14:04:23.957  1667  1815 I OMXClient: Using client-side OMX mux.
11-27 14:04:23.978  1830  1830 I art     : Late-enabling JIT
11-27 14:04:24.012   821  1853 I OMXClient: Using client-side OMX mux.
11-27 14:04:24.030  1788  1788 I art     : JIT created with code_cache_capacity=2MB compile_threshold=1000
11-27 14:04:24.068  1830  1830 I art     : JIT created with code_cache_capacity=2MB compile_threshold=1000
11-27 14:04:24.081   361   361 W ServiceManager: Permission failure: com.oma.drm.permission.ACCESS_OMA_DRM from uid=10005 pid=1667
11-27 14:04:24.111   821  1609 V KeyValueBackupJob: Scheduling k/v pass in 246 minutes
11-27 14:04:24.117   821   884 E InputMethodManagerService: Ignoring updateSystemUiLocked due to an invalid token. uid:1000 token:null
11-27 14:04:24.131  1667  1859 I OMXClient: Using client-side OMX mux.
11-27 14:04:24.151   821  1861 I OMXClient: Using client-side OMX mux.
11-27 14:04:24.230   361   361 W ServiceManager: Permission failure: com.oma.drm.permission.ACCESS_OMA_DRM from uid=10005 pid=1667
11-27 14:04:24.275   821   884 W InputMethodManagerService: Reset the default IME as "Resource" is ready here.
11-27 14:04:24.294   821  1883 I OMXClient: Using client-side OMX mux.
11-27 14:04:24.294  1667  1882 I OMXClient: Using client-side OMX mux.
11-27 14:04:24.342   821   880 I PackageManager.DexOptimizer: Running dexopt (dex2oat) on: /system/priv-app/LiveLockScreenService/LiveLockScreenService.apk pkg=org.cyanogenmod.livelockscreen.service isa=arm64 vmSafeMode=false debuggable=false oatDir = null bootComplete=true
11-27 14:04:24.355  1888  1888 I dex2oat : /system/bin/dex2oat --compiler-filter=verify-none
11-27 14:04:24.374  1888  1888 I dex2oat : dex2oat took 19.172ms (threads: 8) arena alloc=456B java alloc=345KB native alloc=1250KB free=1565KB
11-27 14:04:24.383   821   879 I PackageManager.DexOptimizer: Running dexopt (dex2oat) on: /system/priv-app/WeatherManagerService/WeatherManagerService.apk pkg=org.cyanogenmod.weatherservice isa=arm64 vmSafeMode=false debuggable=false oatDir = null bootComplete=true
11-27 14:04:24.396  1899  1899 I dex2oat : /system/bin/dex2oat --compiler-filter=verify-none
11-27 14:04:24.403   821   884 I InputMethodManagerService: Selected default: com.android.inputmethod.latin/.LatinIME
11-27 14:04:24.407   821   884 W InputMethodManagerService: Illegal subtype state: old subtype = null, new subtype = android.view.inputmethod.InputMethodSubtype@c9194f98
11-27 14:04:24.416  1899  1899 I dex2oat : dex2oat took 20.110ms (threads: 8) arena alloc=752B java alloc=392KB native alloc=1160KB free=2MB
11-27 14:04:24.417   821  1661 W AppWidgetServiceImpl: Failed to read state: java.io.FileNotFoundException: /data/system/users/0/appwidgets.xml: open failed: ENOENT (No such file or directory)
11-27 14:04:24.417   821  1661 V AppWidgetServiceImpl: Upgrading widget database from 0 to 1
11-27 14:04:24.428   821   885 I ActivityManager: Config changes=20 {1.0 ?mcc?mnc en_US ldltr sw1080dp w1080dp h1865dp 366dpi xlrg long port finger -keyb/v/h -nav/h s.5 themeResource=null}
11-27 14:04:24.463   821  1897 I OMXClient: Using client-side OMX mux.
11-27 14:04:24.529   821   884 I ActivityManager: Start proc 1911:com.android.inputmethod.latin/u0a8 for service com.android.inputmethod.latin/.LatinIME
11-27 14:04:24.529   821   884 V InputMethodManagerService: Adding window token: android.os.Binder@fe0d152
11-27 14:04:24.536   821   821 W art     : Long monitor contention event with owner method=boolean android.os.MessageQueue.enqueueMessage(android.os.Message, long) from MessageQueue.java:584 waiters=0 for 547ms
11-27 14:04:24.550   821   884 W ServiceWatcher: com.google.android.gms not found
11-27 14:04:24.553  1911  1911 I art     : Late-enabling JIT
11-27 14:04:24.624   821   884 W ServiceWatcher: com.google.android.gms not found
11-27 14:04:24.646  1788  1788 W System  : ClassLoader referenced unknown path: /system/priv-app/LiveLockScreenService/lib/arm64
11-27 14:04:24.653  1911  1911 I art     : JIT created with code_cache_capacity=2MB compile_threshold=1000
11-27 14:04:24.655   821  1916 I OMXClient: Using client-side OMX mux.
11-27 14:04:24.656  1830  1830 W System  : ClassLoader referenced unknown path: /system/priv-app/WeatherManagerService/lib/arm64
11-27 14:04:24.666   821   884 W LocationManagerService: no network location provider found
11-27 14:04:24.666   821   884 W ServiceWatcher: com.google.android.gms not found
11-27 14:04:24.715   821   821 W System  : ClassLoader referenced unknown path: /system/priv-app/FusedLocation/lib/arm64
11-27 14:04:24.749   821   884 W ServiceWatcher: com.google.android.gms not found
11-27 14:04:24.753   821   884 E LocationManagerService: no geocoder provider found
11-27 14:04:24.753   821   884 E FlpHardwareProvider: Error hw_get_module 'flp': -2
11-27 14:04:24.753   821   884 E LocationManagerService: FLP HAL not supported
11-27 14:04:24.754   821   884 W ServiceWatcher: com.google.android.gms not found
11-27 14:04:24.830   821   884 E LocationManagerService: Unable to bind FLP Geofence proxy.
11-27 14:04:24.830   821   884 E ActivityRecognitionHardware: Error hw_get_module: -2
11-27 14:04:24.830   821   884 E LocationManagerService: Hardware Activity-Recognition not supported.
11-27 14:04:24.831   821   884 W ServiceWatcher: com.google.android.gms not found
11-27 14:04:24.835   821   884 E ActivityRecognitionProxy: ServiceWatcher could not start.
11-27 14:04:24.835   821   884 E LocationManagerService: Unable to bind ActivityRecognitionProxy.
11-27 14:04:24.836   821   821 I FusedLocation: engine started (com.android.location.fused)
11-27 14:04:24.842   821   821 I BrokerableCMSystemService: Implementation service connected
11-27 14:04:24.867   821   821 I BrokerableCMSystemService: Implementation service connected
11-27 14:04:24.867   821   821 I BrokerableCMSystemService: Notifying service connected
11-27 14:04:24.879   821   884 I CommonTimeManagementService: No common time service detected on this platform.  Common time services will be unavailable.
11-27 14:04:24.882   821  1544 I InputReader: Reconfiguring input devices.  changes=0x00000020
11-27 14:04:24.906   821  1544 I InputReader: Reconfiguring input devices.  changes=0x00000010
11-27 14:04:24.914   821  1661 I PackageManager.DexOptimizer: Running dexopt (dex2oat) on: /system/app/LatinIME/LatinIME.apk pkg=com.android.inputmethod.latin isa=arm64 vmSafeMode=false debuggable=false oatDir = null bootComplete=true
11-27 14:04:24.914   821   821 V WiredAccessoryManager: init()
11-27 14:04:24.927  1932  1932 I dex2oat : /system/bin/dex2oat --compiler-filter=verify-none
11-27 14:04:24.974   821   821 I FusedLocation: engine started (com.android.location.fused)
11-27 14:04:24.986  1932  1932 I dex2oat : dex2oat took 59.323ms (threads: 8) arena alloc=0B java alloc=1924KB native alloc=897KB free=1662KB
11-27 14:04:24.998   821   884 I MmsServiceBroker: Delay connecting to MmsService until an API is called
11-27 14:04:25.003   821   884 D MountService: onStartUser 0
11-27 14:04:25.004   821   884 D VoldConnector: SND -> {16 volume user_started 0}
11-27 14:04:25.005   318   341 D vold    : Linking /storage/emulated/0 to /mnt/user/0/primary
11-27 14:04:25.007   821  1547 D VoldConnector: RCV <- {200 16 Command succeeded}
11-27 14:04:25.009   821  1546 D MountService: Volume emulated broadcasting mounted to UserHandle{0}
11-27 14:04:25.011   821   884 W VoiceInteractionManagerService: no available voice interaction services found for user 0
11-27 14:04:25.011   821   884 W VoiceInteractionManagerService: no available voice recognition services found for user 0
11-27 14:04:25.041   821   884 I ActivityManager: Start proc 1941:com.android.phone/1001 for added application com.android.phone
11-27 14:04:25.044   821   884 I ActivityManager: START u0 {act=android.intent.action.MAIN cat=[android.intent.category.HOME] flg=0x10000000 cmp=com.android.settings/.CryptKeeper} from uid 0 on display 0
11-27 14:04:25.065  1667  1667 I vol.Events: writeEvent collection_started
11-27 14:04:25.110   821   884 I ActivityManager: Start proc 1946:com.android.settings:CryptKeeper/1000 for activity com.android.settings/.CryptKeeper
11-27 14:04:25.114  1941  1941 E SELinux : seapp_context_lookup:  No match for app with uid 1001, seinfo default, name com.android.phone
11-27 14:04:25.114  1941  1941 I art     : Late-enabling JIT
11-27 14:04:25.127   330   348 I gralloc : Alloc req: dev=0x7f87c42540, w=1080, h=1920, format=0x1, usage=0x933
11-27 14:04:25.127   330   348 I gralloc : Alloc handle(0x7f87c05e00): interfmt=0x1, stride=1088, size=8486912
11-27 14:04:25.189  1946  1946 E SELinux : seapp_context_lookup:  No match for app with uid 1000, seinfo default, name com.android.settings:CryptKeeper
11-27 14:04:25.190  1946  1946 I art     : Late-enabling JIT
11-27 14:04:25.211  1941  1941 I art     : JIT created with code_cache_capacity=2MB compile_threshold=1000
11-27 14:04:25.286  1667  1951 I vol.Events: writeEvent external_ringer_mode_changed normal
11-27 14:04:25.288  1667  1951 I vol.Events: writeEvent internal_ringer_mode_changed normal
11-27 14:04:25.313   821  1554 I ActivityManager: Start proc 1953:com.android.settings/1000 for broadcast com.android.settings/.widget.SettingsAppWidgetProvider
11-27 14:04:25.348  1953  1953 E SELinux : seapp_context_lookup:  No match for app with uid 1000, seinfo default, name com.android.settings
11-27 14:04:25.348  1953  1953 I art     : Late-enabling JIT
11-27 14:04:25.352  1946  1946 I art     : JIT created with code_cache_capacity=2MB compile_threshold=1000
11-27 14:04:25.413   821   831 W art     : Suspending all threads took: 20.196ms
11-27 14:04:25.425   821   829 E StrictMode: A resource was acquired at attached stack trace but never released. See java.io.Closeable for information on avoiding resource leaks.
11-27 14:04:25.425   821   829 E StrictMode: java.lang.Throwable: Explicit termination method 'close' not called
11-27 14:04:25.425   821   829 E StrictMode: 	at dalvik.system.CloseGuard.open(CloseGuard.java:180)
11-27 14:04:25.425   821   829 E StrictMode: 	at android.content.ContentResolver$CursorWrapperInner.<init>(ContentResolver.java:2512)
11-27 14:04:25.425   821   829 E StrictMode: 	at android.content.ContentResolver.query(ContentResolver.java:517)
11-27 14:04:25.425   821   829 E StrictMode: 	at android.content.ContentResolver.query(ContentResolver.java:435)
11-27 14:04:25.425   821   829 E StrictMode: 	at com.android.server.notification.NotificationManagerService$SpamFilterObserver$1.run(NotificationManagerService.java:908)
11-27 14:04:25.425   821   829 E StrictMode: 	at java.util.concurrent.Executors$RunnableAdapter.call(Executors.java:423)
11-27 14:04:25.425   821   829 E StrictMode: 	at java.util.concurrent.FutureTask.run(FutureTask.java:237)
11-27 14:04:25.425   821   829 E StrictMode: 	at java.util.concurrent.ThreadPoolExecutor.runWorker(ThreadPoolExecutor.java:1113)
11-27 14:04:25.425   821   829 E StrictMode: 	at java.util.concurrent.ThreadPoolExecutor$Worker.run(ThreadPoolExecutor.java:588)
11-27 14:04:25.425   821   829 E StrictMode: 	at java.lang.Thread.run(Thread.java:818)
11-27 14:04:25.426   821   831 I art     : Background sticky concurrent mark sweep GC freed 22900(2MB) AllocSpace objects, 1(16KB) LOS objects, 23% free, 8MB/11MB, paused 21.251ms total 157.798ms
11-27 14:04:25.442   821   829 W CursorWrapperInner: Cursor finalized without prior close()
11-27 14:04:25.446   821   829 E StrictMode: A resource was acquired at attached stack trace but never released. See java.io.Closeable for information on avoiding resource leaks.
11-27 14:04:25.446   821   829 E StrictMode: java.lang.Throwable: Explicit termination method 'close' not called
11-27 14:04:25.446   821   829 E StrictMode: 	at dalvik.system.CloseGuard.open(CloseGuard.java:180)
11-27 14:04:25.446   821   829 E StrictMode: 	at android.database.CursorWindow.<init>(CursorWindow.java:141)
11-27 14:04:25.446   821   829 E StrictMode: 	at android.database.CursorWindow.<init>(CursorWindow.java)
11-27 14:04:25.446   821   829 E StrictMode: 	at android.database.CursorWindow$1.createFromParcel(CursorWindow.java:685)
11-27 14:04:25.446   821   829 E StrictMode: 	at android.database.CursorWindow$1.createFromParcel(CursorWindow.java:684)
11-27 14:04:25.446   821   829 E StrictMode: 	at android.database.BulkCursorDescriptor.readFromParcel(BulkCursorDescriptor.java:75)
11-27 14:04:25.446   821   829 E StrictMode: 	at android.database.BulkCursorDescriptor$1.createFromParcel(BulkCursorDescriptor.java:34)
11-27 14:04:25.446   821   829 E StrictMode: 	at android.database.BulkCursorDescriptor$1.createFromParcel(BulkCursorDescriptor.java:32)
11-27 14:04:25.446   821   829 E StrictMode: 	at android.content.ContentProviderProxy.query(ContentProviderNative.java:424)
11-27 14:04:25.446   821   829 E StrictMode: 	at android.content.ContentResolver.query(ContentResolver.java:493)
11-27 14:04:25.446   821   829 E StrictMode: 	at android.content.ContentResolver.query(ContentResolver.java:435)
11-27 14:04:25.446   821   829 E StrictMode: 	at com.android.server.notification.NotificationManagerService$SpamFilterObserver$1.run(NotificationManagerService.java:908)
11-27 14:04:25.446   821   829 E StrictMode: 	at java.util.concurrent.Executors$RunnableAdapter.call(Executors.java:423)
11-27 14:04:25.446   821   829 E StrictMode: 	at java.util.concurrent.FutureTask.run(FutureTask.java:237)
11-27 14:04:25.446   821   829 E StrictMode: 	at java.util.concurrent.ThreadPoolExecutor.runWorker(ThreadPoolExecutor.java:1113)
11-27 14:04:25.446   821   829 E StrictMode: 	at java.util.concurrent.ThreadPoolExecutor$Worker.run(ThreadPoolExecutor.java:588)
11-27 14:04:25.446   821   829 E StrictMode: 	at java.lang.Thread.run(Thread.java:818)
11-27 14:04:25.514   821   883 W ActivityManager: Unable to start service Intent { cmp=com.android.printspooler/.model.PrintSpoolerService } U=0: not found
11-27 14:04:25.519   821  1661 I PackageManager.DexOptimizer: Running dexopt (dex2oat) on: /system/priv-app/TelephonyProvider/TelephonyProvider.apk pkg=com.android.providers.telephony isa=arm64 vmSafeMode=false debuggable=false oatDir = null bootComplete=true
11-27 14:04:25.533  1977  1977 I dex2oat : /system/bin/dex2oat --compiler-filter=verify-none
11-27 14:04:25.550  1977  1977 I dex2oat : dex2oat took 17.501ms (threads: 8) arena alloc=0B java alloc=173KB native alloc=784KB free=1263KB
11-27 14:04:25.553   821  1661 I PackageManager.DexOptimizer: Running dexopt (dex2oat) on: /system/priv-app/TeleService/TeleService.apk pkg=com.android.phone isa=arm64 vmSafeMode=false debuggable=false oatDir = null bootComplete=true
11-27 14:04:25.566  1986  1986 I dex2oat : /system/bin/dex2oat --compiler-filter=verify-none
11-27 14:04:25.638  1986  1986 I dex2oat : dex2oat took 72.096ms (threads: 8) arena alloc=352B java alloc=2MB native alloc=1255KB free=1560KB
11-27 14:04:25.776   330   348 D PermissionCache: checking android.permission.HARDWARE_TEST for uid=1000 => granted (4445 us)
11-27 14:04:25.821  1941  1941 W System  : ClassLoader referenced unknown path: /system/priv-app/TeleService/lib/arm64
11-27 14:04:25.859  1946  1946 W System  : ClassLoader referenced unknown path: /system/priv-app/Settings/lib/arm64
11-27 14:04:25.922  1941  1941 W System  : ClassLoader referenced unknown path: /system/priv-app/TelephonyProvider/lib/arm64
11-27 14:04:25.923   329   329 E SELinux : avc:  denied  { find } for service=appops scontext=u:r:zygote:s0 tcontext=u:object_r:appops_service:s0 tclass=service_manager
11-27 14:04:25.965   368   776 E DMD     : [M/listen_server] dsm_selinux has error (20901) reported
11-27 14:04:25.965   368   776 E DMD     : [M/listen_server] action-0, cname-dsm_selinux, info-0
11-27 14:04:25.965   368   776 E DMD     : [M/dsm_dump_error] dsm_selinux finish dump 229 bytes
11-27 14:04:25.972   329   329 E SELinux : avc:  denied  { find } for service=accessibility scontext=u:r:zygote:s0 tcontext=u:object_r:accessibility_service:s0 tclass=service_manager
11-27 14:04:25.973   368   776 E DMD     : [M/listen_server] Enter select
11-27 14:04:26.029  1953  1953 I art     : JIT created with code_cache_capacity=2MB compile_threshold=1000
11-27 14:04:26.095   329   329 E SELinux : avc:  denied  { find } for service=statusbar scontext=u:r:zygote:s0 tcontext=u:object_r:statusbar_service:s0 tclass=service_manager
11-27 14:04:26.143   329   329 E SELinux : avc:  denied  { find } for service=telephony.registry scontext=u:r:zygote:s0 tcontext=u:object_r:registry_service:s0 tclass=service_manager
11-27 14:04:26.158  1946  1946 D CryptKeeper: Going into airplane mode.
11-27 14:04:26.171   329   329 E SELinux : avc:  denied  { find } for service=input_method scontext=u:r:zygote:s0 tcontext=u:object_r:input_method_service:s0 tclass=service_manager
11-27 14:04:26.232   329   329 E SELinux : avc:  denied  { find } for service=SurfaceFlinger scontext=u:r:zygote:s0 tcontext=u:object_r:surfaceflinger_service:s0 tclass=service_manager
11-27 14:04:26.233   368   776 E DMD     : [M/listen_server] dsm_selinux has error (20901) reported
11-27 14:04:26.233   368   776 E DMD     : [M/listen_server] action-0, cname-dsm_selinux, info-0
11-27 14:04:26.233   368   776 E DMD     : [M/dsm_dump_error] dsm_selinux finish dump 190 bytes
11-27 14:04:26.240   368   776 E DMD     : [M/listen_server] Enter select
11-27 14:04:26.250   821   821 E CMHardwareService: Vibrator is not supported
11-27 14:04:26.256   821   821 E CMHardwareService: Vibrator is not supported
11-27 14:04:26.274   330  1561 E SurfaceFlinger: ro.sf.lcd_density must be defined as a build property
11-27 14:04:26.279  1946  2007 D OpenGLRenderer: Use EGL_SWAP_BEHAVIOR_PRESERVED: true
11-27 14:04:26.279   329   329 E SELinux : avc:  denied  { find } for service=graphicsstats scontext=u:r:zygote:s0 tcontext=u:object_r:graphicsstats_service:s0 tclass=service_manager
11-27 14:04:26.285   329   329 E SELinux : avc:  denied  { find } for service=assetatlas scontext=u:r:zygote:s0 tcontext=u:object_r:assetatlas_service:s0 tclass=service_manager
11-27 14:04:26.302   329   329 E SELinux : avc:  denied  { find } for service=content scontext=u:r:zygote:s0 tcontext=u:object_r:content_service:s0 tclass=service_manager
11-27 14:04:26.308   821   821 D BluetoothManagerService: state10
11-27 14:04:26.314   821   821 D WifiService: resetting country code because Airplane mode is ON
11-27 14:04:26.357  1946  2007 I OpenGLRenderer: Initialized EGL, version 1.4
11-27 14:04:26.364   330   346 I gralloc : Alloc req: dev=0x7f87c42540, w=1080, h=1920, format=0x1, usage=0x900
11-27 14:04:26.364   330   346 I gralloc : Alloc handle(0x7f87c05800): interfmt=0x200000001, stride=1088, size=8486912
11-27 14:04:26.364   330   346 I gralloc : Alloc req: dev=0x7f87c42540, w=1080, h=1920, format=0x1, usage=0x900
11-27 14:04:26.364  1946  2007 D mali_winsys: new_window_surface returns 0x3000
11-27 14:04:26.366   330   346 I gralloc : Alloc handle(0x7f87c26300): interfmt=0x200000001, stride=1088, size=8486912
11-27 14:04:26.366   330   346 I gralloc : Alloc req: dev=0x7f87c42540, w=1080, h=1920, format=0x1, usage=0x900
11-27 14:04:26.366  1911  1911 I LatinIME: Hardware accelerated drawing: true
11-27 14:04:26.366   330   346 I gralloc : Alloc handle(0x7f87c05f00): interfmt=0x200000001, stride=1088, size=8486912
11-27 14:04:26.400   330   346 I gralloc : Free handle(0x7f87c05f00)
11-27 14:04:26.400   330   346 I gralloc : Alloc req: dev=0x7f87c42540, w=1080, h=1920, format=0x1, usage=0xb00
11-27 14:04:26.400   330   346 I gralloc : Alloc handle(0x7f87c26000): interfmt=0x200000001, stride=1088, size=8486912
11-27 14:04:26.419   330  1561 I gralloc : Free handle(0x7f87c26300)
11-27 14:04:26.419   330  1561 I gralloc : Alloc req: dev=0x7f87c42540, w=1080, h=1920, format=0x1, usage=0xb00
11-27 14:04:26.419   330  1561 I gralloc : Alloc handle(0x7f87c26100): interfmt=0x200000001, stride=1088, size=8486912
11-27 14:04:26.430   363   363 E installd: Unable to unlink boot marker at /data/dalvik-cache/arm64/.booting, error=No such file or directory
11-27 14:04:26.430   821   884 E ActivityManager: Unable to mark boot complete for abi: arm64-v8a
11-27 14:04:26.435   821   889 I ActivityManager: Displayed com.android.settings/.CryptKeeper: +1s361ms
11-27 14:04:26.441   821   884 I Zygote  : Process: zygote socket opened, supported ABIS: armeabi-v7a,armeabi
11-27 14:04:26.442   363   363 E installd: Unable to unlink boot marker at /data/dalvik-cache/arm/.booting, error=No such file or directory
11-27 14:04:26.442   821   884 E ActivityManager: Unable to mark boot complete for abi: armeabi-v7a
11-27 14:04:26.444   821   884 I SystemServiceManager: Starting phase 1000
11-27 14:04:26.444   330   330 I gralloc : Free handle(0x7f87c05e00)
11-27 14:04:26.579   821   884 W ContextImpl: Calling a method in the system process without a qualified user: android.app.ContextImpl.sendBroadcast:788 org.cyanogenmod.platform.internal.CMHardwareService.onBootPhase:429 com.android.server.SystemServiceManager.startBootPhase:135 com.android.server.am.ActivityManagerService.finishBooting:6685 com.android.server.am.ActivityManagerService$MainHandler.handleMessage:1948 
11-27 14:04:26.585   821   884 V KeyguardServiceDelegate: *** Keyguard started
11-27 14:04:26.586   821   884 W KeyguardServiceDelegate: onScreenTurningOn(): no keyguard service!
11-27 14:04:26.589   329   329 E SELinux : avc:  denied  { find } for service=mount scontext=u:r:zygote:s0 tcontext=u:object_r:mount_service:s0 tclass=service_manager
11-27 14:04:26.589  1946  2005 D CryptKeeper: Validating encryption state.
11-27 14:04:26.590   821   880 D CryptdConnector: SND -> {2 cryptfs cryptocomplete}
11-27 14:04:26.591   318   343 I Ext4Crypt: ext4 crypto complete called on /data
11-27 14:04:26.591   318   343 I Ext4Crypt: No master key, so not ext4enc
11-27 14:04:26.591   318   343 E Cryptfs : Cannot open real block device userdata
11-27 14:04:26.591   318   343 E Cryptfs : Unable to get crypt_ftr_info
11-27 14:04:26.591   318   343 E Cryptfs : Error getting crypt footer and key
11-27 14:04:26.591   821  1548 D CryptdConnector: RCV <- {200 2 -1}
11-27 14:04:26.592   330   348 I gralloc : Free handle(0x7f87c05c00)
11-27 14:04:26.592   330   348 I gralloc : Free handle(0x7f87c05b00)
11-27 14:04:26.593  1946  1946 W CryptKeeper: Incomplete, or corrupted encryption detected. Prompting user to wipe.
11-27 14:04:26.603   330   330 I gralloc : Free handle(0x7f87c05a00)
11-27 14:04:26.634  1667  1951 I vol.Events: writeEvent level_changed STREAM_ALARM 6
11-27 14:04:26.638  1667  1951 I vol.Events: writeEvent level_changed STREAM_BLUETOOTH_SCO 7
11-27 14:04:26.643  1667  1951 I vol.Events: writeEvent level_changed STREAM_MUSIC 11
11-27 14:04:26.649  1667  1951 I vol.Events: writeEvent level_changed STREAM_RING 5
11-27 14:04:26.651  1667  1951 I vol.Events: writeEvent level_changed STREAM_SYSTEM 5
11-27 14:04:26.654  1667  1667 D StorageNotification: Notifying about private volume: VolumeInfo{private}:
11-27 14:04:26.654  1667  1667 D StorageNotification:     type=PRIVATE diskId=null partGuid=null mountFlags=0 mountUserId=-1 
11-27 14:04:26.654  1667  1667 D StorageNotification:     state=MOUNTED 
11-27 14:04:26.654  1667  1667 D StorageNotification:     fsType=null fsUuid=null fsLabel=null 
11-27 14:04:26.654  1667  1667 D StorageNotification:     path=/data internalPath=null 
11-27 14:04:26.657  1667  1951 I vol.Events: writeEvent level_changed STREAM_VOICE_CALL 4
11-27 14:04:26.658   821   821 D ZenLog  : disable_effects: -1|com.android.systemui|1396986699|disk:179_144|10005,booleanState
11-27 14:04:26.659  1911  1911 W InputAttributes: No editor info for this field. Bug?
11-27 14:04:26.672  1953  1953 W System  : ClassLoader referenced unknown path: /system/priv-app/Settings/lib/arm64
11-27 14:04:26.682  1911  2032 I LatinIME:LogUtils: Dictionary info: dictionary = contacts.en_US ; version = 1480255466 ; date = ?
11-27 14:04:26.695  1911  2032 E ActivityThread: Failed to find provider info for com.android.contacts
11-27 14:04:26.698  1911  2032 E ActivityThread: Failed to find provider info for com.android.contacts
11-27 14:04:26.698  1911  2032 E ActivityThread: Failed to find provider info for com.android.contacts
11-27 14:04:26.699  1911  2032 I LatinIME:LogUtils: Dictionary info: dictionary = userunigram.en_US ; version = 1480255466 ; date = ?
11-27 14:04:26.705  1911  2032 E ActivityThread: Failed to find provider info for user_dictionary
11-27 14:04:26.706   329   329 E SELinux : avc:  denied  { find } for service=wifi scontext=u:r:zygote:s0 tcontext=u:object_r:wifi_service:s0 tclass=service_manager
11-27 14:04:26.706  1911  2032 I LatinIME:LogUtils: Dictionary info: dictionary = UserHistoryDictionary.en_US ; version = 1480255466 ; date = ?
11-27 14:04:26.709   821  1576 D WifiService: New client listening to asynchronous messages
11-27 14:04:26.711   329   329 E SELinux : avc:  denied  { find } for service=bluetooth_manager scontext=u:r:zygote:s0 tcontext=u:object_r:bluetooth_manager_service:s0 tclass=service_manager
11-27 14:04:26.712   821   888 D BluetoothManagerService: Message: 20
11-27 14:04:26.712   821   888 D BluetoothManagerService: Added callback: android.bluetooth.IBluetoothManagerCallback$Stub$Proxy@24c563d:true
11-27 14:04:26.719  1911  2032 I BinaryDictionaryFileDumper: reinitializeClientRecordInDictionaryContentProvider() : MetadataFileUri = 
11-27 14:04:26.719   821   888 D BluetoothManagerService: Message: 30
11-27 14:04:26.723  1953  1953 E BluetoothInputDevice: Could not bind to Bluetooth HID Service with Intent { act=android.bluetooth.IBluetoothInputDevice }
11-27 14:04:26.726   821   888 D BluetoothManagerService: Message: 30
11-27 14:04:26.730  1953  1953 E BluetoothPan: Could not bind to Bluetooth Pan Service with Intent { act=android.bluetooth.IBluetoothPan }
11-27 14:04:26.730  1953  1953 D LocalBluetoothProfileManager: Adding local MAP profile
11-27 14:04:26.732  1911  2032 I LatinIME:LogUtils: Dictionary info: dictionary = main:da ; version = 44 ; date = 1393228134
11-27 14:04:26.733  1953  1953 D BluetoothMap: Create BluetoothMap proxy object
11-27 14:04:26.738   821   888 D BluetoothManagerService: Message: 30
11-27 14:04:26.738  1953  1953 E BluetoothMap: Could not bind to Bluetooth MAP Service with Intent { act=android.bluetooth.IBluetoothMap }
11-27 14:04:26.740  1911  2032 I LatinIME:LogUtils: Dictionary info: dictionary = main:lb ; version = 1 ; date = 1380519383
11-27 14:04:26.740   821   888 D BluetoothManagerService: Message: 30
11-27 14:04:26.741  1953  1953 E BluetoothPbap: Could not bind to Bluetooth Pbap Service with Intent { act=android.bluetooth.IBluetoothPbap }
11-27 14:04:26.741  1953  1953 D LocalBluetoothProfileManager: LocalBluetoothProfileManager construction complete
11-27 14:04:26.743  1911  2032 I LatinIME:LogUtils: Dictionary info: dictionary = main:nb ; version = 44 ; date = 1393228136
11-27 14:04:26.745  1911  2032 I LatinIME:LogUtils: Dictionary info: dictionary = main:de ; version = 54 ; date = 1414726263
11-27 14:04:26.746   329   329 E SELinux : avc:  denied  { find } for service=power scontext=u:r:zygote:s0 tcontext=u:object_r:power_service:s0 tclass=service_manager
11-27 14:04:26.747   329   329 E SELinux : avc:  denied  { find } for service=appwidget scontext=u:r:zygote:s0 tcontext=u:object_r:appwidget_service:s0 tclass=service_manager
11-27 14:04:26.747  1911  2032 I LatinIME:LogUtils: Dictionary info: dictionary = main:bg ; version = 1 ; date = 1457766000
11-27 14:04:26.748   821   821 V KeyguardServiceDelegate: *** Keyguard connected (yay!)
11-27 14:04:26.749  1911  2032 I LatinIME:LogUtils: Dictionary info: dictionary = main:fi ; version = 44 ; date = 1393228135
11-27 14:04:26.753  1911  2032 I LatinIME:LogUtils: Dictionary info: dictionary = main:uk ; version = 1 ; date = 1376495808
11-27 14:04:26.755   330   348 I gralloc : Free handle(0x7f87c05800)
11-27 14:04:26.755   330   348 I gralloc : Alloc req: dev=0x7f87c42540, w=1080, h=1920, format=0x1, usage=0xb00
11-27 14:04:26.756   330   348 I gralloc : Alloc handle(0x7f87c26600): interfmt=0x200000001, stride=1088, size=8486912
11-27 14:04:26.759  1941  1941 D TelephonyProvider: dbh.onCreate:+ db=SQLiteDatabase: /data/user/0/com.android.providers.telephony/databases/telephony.db
11-27 14:04:26.759  1941  1941 D TelephonyProvider: dbh.createSimInfoTable:+
11-27 14:04:26.760  1911  2032 I LatinIME:LogUtils: Dictionary info: dictionary = main:el ; version = 44 ; date = 1393228134
11-27 14:04:26.760  1941  1941 D TelephonyProvider: dbh.createSimInfoTable:-
11-27 14:04:26.760  1941  1941 D TelephonyProvider: dbh.createCarriersTable: carriers
11-27 14:04:26.761  1941  1941 D TelephonyProvider: dbh.createCarriersTable:-
11-27 14:04:26.762  1941  1941 D TelephonyProvider: No APNs in OEM image = /oem/telephony/apns-conf.xml Load APNs from system image
11-27 14:04:26.762  1941  1941 D TelephonyProvider: No APNs in OEM image = /data/misc/apns-conf.xml Load APNs from system image
11-27 14:04:26.762  1941  1941 D TelephonyProvider: confFile = /system/etc/apns-conf.xml
11-27 14:04:26.764  1911  2032 I LatinIME:LogUtils: Dictionary info: dictionary = main:nl ; version = 44 ; date = 1393228136
11-27 14:04:26.767  1911  2032 I LatinIME:LogUtils: Dictionary info: dictionary = main:fr ; version = 54 ; date = 1414726264
11-27 14:04:26.769  1911  2032 I LatinIME:LogUtils: Dictionary info: dictionary = main:hr ; version = 44 ; date = 1393228135
11-27 14:04:26.771  1911  2032 I LatinIME:LogUtils: Dictionary info: dictionary = main:cs ; version = 44 ; date = 1393228134
11-27 14:04:26.773  1911  2032 I LatinIME:LogUtils: Dictionary info: dictionary = main:es ; version = 54 ; date = 1414726268
11-27 14:04:26.777  1911  2032 I LatinIME:LogUtils: Dictionary info: dictionary = main:it ; version = 54 ; date = 1414726258
11-27 14:04:26.784  1911  2032 I LatinIME:LogUtils: Dictionary info: dictionary = main:ru ; version = 54 ; date = 1414726277
11-27 14:04:26.786  1911  2032 I LatinIME:LogUtils: Dictionary info: dictionary = main:sv ; version = 44 ; date = 1393228154
11-27 14:04:26.788  1911  2032 I LatinIME:LogUtils: Dictionary info: dictionary = main:iw ; version = 44 ; date = 1393228136
11-27 14:04:26.806  1911  2032 I LatinIME:LogUtils: Dictionary info: dictionary = main:en ; version = 54 ; date = 1414726273
11-27 14:04:26.807  1911  2032 I BinaryDictionaryFileDumper: reinitializeClientRecordInDictionaryContentProvider() : Insert DictionaryInfo : Id = 'main:da' : Locale=da : Version=44
11-27 14:04:26.818  1911  2032 I BinaryDictionaryFileDumper: reinitializeClientRecordInDictionaryContentProvider() : Insert DictionaryInfo : Id = 'main:lb' : Locale=lb : Version=1
11-27 14:04:26.819   821   829 E StrictMode: A resource was acquired at attached stack trace but never released. See java.io.Closeable for information on avoiding resource leaks.
11-27 14:04:26.819   821   829 E StrictMode: java.lang.Throwable: Explicit termination method 'close' not called
11-27 14:04:26.819   821   829 E StrictMode: 	at dalvik.system.CloseGuard.open(CloseGuard.java:180)
11-27 14:04:26.819   821   829 E StrictMode: 	at android.content.ContentResolver$CursorWrapperInner.<init>(ContentResolver.java:2512)
11-27 14:04:26.819   821   829 E StrictMode: 	at android.content.ContentResolver.query(ContentResolver.java:517)
11-27 14:04:26.819   821   829 E StrictMode: 	at android.content.ContentResolver.query(ContentResolver.java:435)
11-27 14:04:26.819   821   829 E StrictMode: 	at com.android.server.notification.NotificationManagerService$SpamFilterObserver$1.run(NotificationManagerService.java:908)
11-27 14:04:26.819   821   829 E StrictMode: 	at java.util.concurrent.Executors$RunnableAdapter.call(Executors.java:423)
11-27 14:04:26.819   821   829 E StrictMode: 	at java.util.concurrent.FutureTask.run(FutureTask.java:237)
11-27 14:04:26.819   821   829 E StrictMode: 	at java.util.concurrent.ThreadPoolExecutor.runWorker(ThreadPoolExecutor.java:1113)
11-27 14:04:26.819   821   829 E StrictMode: 	at java.util.concurrent.ThreadPoolExecutor$Worker.run(ThreadPoolExecutor.java:588)
11-27 14:04:26.819   821   829 E StrictMode: 	at java.lang.Thread.run(Thread.java:818)
11-27 14:04:26.819   821   829 W CursorWrapperInner: Cursor finalized without prior close()
11-27 14:04:26.823  1911  2032 I BinaryDictionaryFileDumper: reinitializeClientRecordInDictionaryContentProvider() : Insert DictionaryInfo : Id = 'main:nb' : Locale=nb : Version=44
11-27 14:04:26.828  1911  2032 I BinaryDictionaryFileDumper: reinitializeClientRecordInDictionaryContentProvider() : Insert DictionaryInfo : Id = 'main:de' : Locale=de : Version=54
11-27 14:04:26.833  1911  2032 I BinaryDictionaryFileDumper: reinitializeClientRecordInDictionaryContentProvider() : Insert DictionaryInfo : Id = 'main:bg' : Locale=bg : Version=1
11-27 14:04:26.839  1911  2032 I BinaryDictionaryFileDumper: reinitializeClientRecordInDictionaryContentProvider() : Insert DictionaryInfo : Id = 'main:fi' : Locale=fi : Version=44
11-27 14:04:26.844  1911  2032 I BinaryDictionaryFileDumper: reinitializeClientRecordInDictionaryContentProvider() : Insert DictionaryInfo : Id = 'main:uk' : Locale=uk : Version=1
11-27 14:04:26.848  1911  2032 I BinaryDictionaryFileDumper: reinitializeClientRecordInDictionaryContentProvider() : Insert DictionaryInfo : Id = 'main:el' : Locale=el : Version=44
11-27 14:04:26.848   821   879 I StatusBarManagerService: registerStatusBar bar=com.android.internal.statusbar.IStatusBar$Stub$Proxy@4e448ad
11-27 14:04:26.852  1911  2032 I BinaryDictionaryFileDumper: reinitializeClientRecordInDictionaryContentProvider() : Insert DictionaryInfo : Id = 'main:nl' : Locale=nl : Version=44
11-27 14:04:26.853   329   329 E SELinux : avc:  denied  { find } for service=cmhardware scontext=u:r:zygote:s0 tcontext=u:object_r:cm_hardware_service:s0 tclass=service_manager
11-27 14:04:26.858  1911  2032 I BinaryDictionaryFileDumper: reinitializeClientRecordInDictionaryContentProvider() : Insert DictionaryInfo : Id = 'main:fr' : Locale=fr : Version=54
11-27 14:04:26.863  1911  2032 I BinaryDictionaryFileDumper: reinitializeClientRecordInDictionaryContentProvider() : Insert DictionaryInfo : Id = 'main:hr' : Locale=hr : Version=44
11-27 14:04:26.868  1911  2032 I BinaryDictionaryFileDumper: reinitializeClientRecordInDictionaryContentProvider() : Insert DictionaryInfo : Id = 'main:cs' : Locale=cs : Version=44
11-27 14:04:26.872  1911  2032 I BinaryDictionaryFileDumper: reinitializeClientRecordInDictionaryContentProvider() : Insert DictionaryInfo : Id = 'main:es' : Locale=es : Version=54
11-27 14:04:26.877  1911  2032 I BinaryDictionaryFileDumper: reinitializeClientRecordInDictionaryContentProvider() : Insert DictionaryInfo : Id = 'main:it' : Locale=it : Version=54
11-27 14:04:26.882  1911  2032 I BinaryDictionaryFileDumper: reinitializeClientRecordInDictionaryContentProvider() : Insert DictionaryInfo : Id = 'main:ru' : Locale=ru : Version=54
11-27 14:04:26.885  1911  2032 I BinaryDictionaryFileDumper: reinitializeClientRecordInDictionaryContentProvider() : Insert DictionaryInfo : Id = 'main:sv' : Locale=sv : Version=44
11-27 14:04:26.889   329   329 E SELinux : avc:  denied  { find } for service=batterymanager scontext=u:r:untrusted_app:s0:c512,c768 tcontext=u:object_r:battery_service:s0 tclass=service_manager
11-27 14:04:26.890  1911  2032 I BinaryDictionaryFileDumper: reinitializeClientRecordInDictionaryContentProvider() : Insert DictionaryInfo : Id = 'main:iw' : Locale=iw : Version=44
11-27 14:04:26.894  1911  2032 I BinaryDictionaryFileDumper: reinitializeClientRecordInDictionaryContentProvider() : Insert DictionaryInfo : Id = 'main:en' : Locale=en : Version=54
11-27 14:04:26.899  1911  2032 I BinaryDictionaryFileDumper: reinitializeClientRecordInDictionaryContentProvider() : Insert DictionaryInfo : Id = 'main:en_us' : Locale=en_US : Version=-1
11-27 14:04:26.907   821  2041 E DevicePolicyManagerService: Could not connect to KeyChain service
11-27 14:04:26.907   821  2041 E DevicePolicyManagerService: java.lang.IllegalArgumentException: Service Intent must be explicit: Intent { act=android.security.IKeyChainService }
11-27 14:04:26.907   821  2041 E DevicePolicyManagerService: 	at android.app.ContextImpl.validateServiceIntent(ContextImpl.java:1219)
11-27 14:04:26.907   821  2041 E DevicePolicyManagerService: 	at android.app.ContextImpl.bindServiceCommon(ContextImpl.java:1318)
11-27 14:04:26.907   821  2041 E DevicePolicyManagerService: 	at android.app.ContextImpl.bindServiceAsUser(ContextImpl.java:1303)
11-27 14:04:26.907   821  2041 E DevicePolicyManagerService: 	at android.security.KeyChain.bindAsUser(KeyChain.java:550)
11-27 14:04:26.907   821  2041 E DevicePolicyManagerService: 	at com.android.server.devicepolicy.DevicePolicyManagerService$MonitoringCertNotificationTask.manageNotification(DevicePolicyManagerService.java:1879)
11-27 14:04:26.907   821  2041 E DevicePolicyManagerService: 	at com.android.server.devicepolicy.DevicePolicyManagerService$MonitoringCertNotificationTask.doInBackground(DevicePolicyManagerService.java:1866)
11-27 14:04:26.907   821  2041 E DevicePolicyManagerService: 	at com.android.server.devicepolicy.DevicePolicyManagerService$MonitoringCertNotificationTask.doInBackground(DevicePolicyManagerService.java:1858)
11-27 14:04:26.907   821  2041 E DevicePolicyManagerService: 	at android.os.AsyncTask$2.call(AsyncTask.java:295)
11-27 14:04:26.907   821  2041 E DevicePolicyManagerService: 	at java.util.concurrent.FutureTask.run(FutureTask.java:237)
11-27 14:04:26.907   821  2041 E DevicePolicyManagerService: 	at android.os.AsyncTask$SerialExecutor$1.run(AsyncTask.java:234)
11-27 14:04:26.907   821  2041 E DevicePolicyManagerService: 	at java.util.concurrent.ThreadPoolExecutor.runWorker(ThreadPoolExecutor.java:1113)
11-27 14:04:26.907   821  2041 E DevicePolicyManagerService: 	at java.util.concurrent.ThreadPoolExecutor$Worker.run(ThreadPoolExecutor.java:588)
11-27 14:04:26.907   821  2041 E DevicePolicyManagerService: 	at java.lang.Thread.run(Thread.java:818)
11-27 14:04:26.908  1911  2032 W BinaryDictionaryFileDumper: Missing metadata.json resource
11-27 14:04:26.914   821  2042 W Searchables: No global search activity found
11-27 14:04:26.919  1911  2032 I LatinIME:LogUtils: Dictionary info: dictionary = main:en ; version = 54 ; date = 1414726273
11-27 14:04:26.927  1911  2032 I LatinIME:LogUtils: Dictionary info: dictionary = main:en ; version = 54 ; date = 1414726273
11-27 14:04:26.935  1911  2032 I LatinIME:LogUtils: Dictionary info: dictionary = main:en ; version = 54 ; date = 1414726273
11-27 14:04:26.943  1911  2032 I LatinIME:LogUtils: Dictionary info: dictionary = main:en ; version = 54 ; date = 1414726273
11-27 14:04:26.951  1911  2032 I LatinIME:LogUtils: Dictionary info: dictionary = main:en ; version = 54 ; date = 1414726273
11-27 14:04:26.959  1911  2032 I LatinIME:LogUtils: Dictionary info: dictionary = main:en ; version = 54 ; date = 1414726273
11-27 14:04:26.965  1911  2032 I LatinIME:LogUtils: Dictionary info: dictionary = main:en ; version = 54 ; date = 1414726273
11-27 14:04:26.973  1911  2032 I LatinIME:LogUtils: Dictionary info: dictionary = main:en ; version = 54 ; date = 1414726273
11-27 14:04:26.981  1911  2032 I LatinIME:LogUtils: Dictionary info: dictionary = main:en ; version = 54 ; date = 1414726273
11-27 14:04:26.988  1911  2032 I LatinIME:LogUtils: Dictionary info: dictionary = main:en ; version = 54 ; date = 1414726273
11-27 14:04:26.996  1911  2032 I LatinIME:LogUtils: Dictionary info: dictionary = main:en ; version = 54 ; date = 1414726273
11-27 14:04:27.004  1911  2032 I LatinIME:LogUtils: Dictionary info: dictionary = main:en ; version = 54 ; date = 1414726273
11-27 14:04:27.012  1911  2032 I LatinIME:LogUtils: Dictionary info: dictionary = main:en ; version = 54 ; date = 1414726273
11-27 14:04:27.019  1911  2032 I LatinIME:LogUtils: Dictionary info: dictionary = main:en ; version = 54 ; date = 1414726273
11-27 14:04:27.026  1911  2032 I LatinIME:LogUtils: Dictionary info: dictionary = main:en ; version = 54 ; date = 1414726273
11-27 14:04:27.028   821  1576 D WifiService: New client listening to asynchronous messages
11-27 14:04:27.034  1911  2032 I LatinIME:LogUtils: Dictionary info: dictionary = main:en ; version = 54 ; date = 1414726273
11-27 14:04:27.041  1911  2032 I LatinIME:LogUtils: Dictionary info: dictionary = main:en ; version = 54 ; date = 1414726273
11-27 14:04:27.048  1911  2032 I LatinIME:LogUtils: Dictionary info: dictionary = main:en ; version = 54 ; date = 1414726273
11-27 14:04:27.055  1911  2032 I LatinIME:LogUtils: Dictionary info: dictionary = main:en ; version = 54 ; date = 1414726273
11-27 14:04:27.062  1911  2032 I LatinIME:LogUtils: Dictionary info: dictionary = main:en ; version = 54 ; date = 1414726273
11-27 14:04:27.178   330   348 E SurfaceFlinger: ro.sf.lcd_density must be defined as a build property
11-27 14:04:27.178  1667  2065 D OpenGLRenderer: Use EGL_SWAP_BEHAVIOR_PRESERVED: true
11-27 14:04:27.299   821   888 D BluetoothManagerService: Message: 20
11-27 14:04:27.299   821   888 D BluetoothManagerService: Added callback: android.bluetooth.IBluetoothManagerCallback$Stub$Proxy@3a512bf:true
11-27 14:04:27.307   821   888 D BluetoothManagerService: Message: 30
11-27 14:04:27.307  1667  1667 E BluetoothInputDevice: Could not bind to Bluetooth HID Service with Intent { act=android.bluetooth.IBluetoothInputDevice }
11-27 14:04:27.308   821   888 D BluetoothManagerService: Message: 30
11-27 14:04:27.309  1667  1667 E BluetoothPan: Could not bind to Bluetooth Pan Service with Intent { act=android.bluetooth.IBluetoothPan }
11-27 14:04:27.309  1667  1667 D LocalBluetoothProfileManager: Adding local MAP profile
11-27 14:04:27.311  1667  1667 D BluetoothMap: Create BluetoothMap proxy object
11-27 14:04:27.312   821   888 D BluetoothManagerService: Message: 30
11-27 14:04:27.312  1667  1667 E BluetoothMap: Could not bind to Bluetooth MAP Service with Intent { act=android.bluetooth.IBluetoothMap }
11-27 14:04:27.313   821   888 D BluetoothManagerService: Message: 30
11-27 14:04:27.314  1667  1667 E BluetoothPbap: Could not bind to Bluetooth Pbap Service with Intent { act=android.bluetooth.IBluetoothPbap }
11-27 14:04:27.314  1667  1667 D LocalBluetoothProfileManager: LocalBluetoothProfileManager construction complete
11-27 14:04:27.334   821  1898 D ConnectivityService: listenForNetwork for Listen from uid/pid:10005/1667 for NetworkRequest [ id=3, legacyType=-1, [] ]
11-27 14:04:27.347  1667  1667 I CameraManagerGlobal: Connecting to camera service
11-27 14:04:27.354   362  1588 E CameraService: getCameraVendorTagDescriptor: camera hardware module doesn't exist
11-27 14:04:27.355  1667  1667 E CameraMetadata-JNI: CameraMetadata_setupGlobalVendorTagDescriptor: Failed to setup vendor tag descriptors, received error No such device (-19)
11-27 14:04:27.355  1667  1667 W CameraManagerGlobal: Failed to set up vendor tags: The camera device is removable and has been disconnected from the Android device, or the camera service has shut down the connection due to a higher-priority access request for the camera device.
11-27 14:04:27.369  1667  1667 E ActivityThread: Failed to find provider info for com.cyanogenmod.weather
11-27 14:04:27.391  1667  1667 W QSTileHost: Error creating tile for spec: live_display
11-27 14:04:27.391  1667  1667 W QSTileHost: java.lang.IllegalArgumentException: Bad tile spec: live_display
11-27 14:04:27.391  1667  1667 W QSTileHost: 	at com.android.systemui.statusbar.phone.QSTileHost.createTile(QSTileHost.java:382)
11-27 14:04:27.391  1667  1667 W QSTileHost: 	at com.android.systemui.statusbar.phone.QSTileHost.onTuningChanged(QSTileHost.java:325)
11-27 14:04:27.391  1667  1667 W QSTileHost: 	at com.android.systemui.tuner.TunerService.addTunableByProvider(TunerService.java:114)
11-27 14:04:27.391  1667  1667 W QSTileHost: 	at com.android.systemui.statusbar.phone.QSTileHost.<init>(QSTileHost.java:153)
11-27 14:04:27.391  1667  1667 W QSTileHost: 	at com.android.systemui.statusbar.phone.PhoneStatusBar.makeStatusBarView(PhoneStatusBar.java:1189)
11-27 14:04:27.391  1667  1667 W QSTileHost: 	at com.android.systemui.statusbar.phone.PhoneStatusBar.addStatusBarWindow(PhoneStatusBar.java:3463)
11-27 14:04:27.391  1667  1667 W QSTileHost: 	at com.android.systemui.statusbar.phone.PhoneStatusBar.createAndAddWindows(PhoneStatusBar.java:3459)
11-27 14:04:27.391  1667  1667 W QSTileHost: 	at com.android.systemui.statusbar.BaseStatusBar.start(BaseStatusBar.java:631)
11-27 14:04:27.391  1667  1667 W QSTileHost: 	at com.android.systemui.statusbar.phone.PhoneStatusBar.start(PhoneStatusBar.java:818)
11-27 14:04:27.391  1667  1667 W QSTileHost: 	at com.android.systemui.statusbar.SystemBars.createStatusBarFromConfig(SystemBars.java:106)
11-27 14:04:27.391  1667  1667 W QSTileHost: 	at com.android.systemui.statusbar.SystemBars.onNoService(SystemBars.java:58)
11-27 14:04:27.391  1667  1667 W QSTileHost: 	at com.android.systemui.statusbar.ServiceMonitor.startService(ServiceMonitor.java:230)
11-27 14:04:27.391  1667  1667 W QSTileHost: 	at com.android.systemui.statusbar.ServiceMonitor.-wrap5(ServiceMonitor.java)
11-27 14:04:27.391  1667  1667 W QSTileHost: 	at com.android.systemui.statusbar.ServiceMonitor$1.handleMessage(ServiceMonitor.java:73)
11-27 14:04:27.391  1667  1667 W QSTileHost: 	at android.os.Handler.dispatchMessage(Handler.java:102)
11-27 14:04:27.391  1667  1667 W QSTileHost: 	at android.os.Looper.loop(Looper.java:148)
11-27 14:04:27.391  1667  1667 W QSTileHost: 	at android.app.ActivityThread.main(ActivityThread.java:5461)
11-27 14:04:27.391  1667  1667 W QSTileHost: 	at java.lang.reflect.Method.invoke(Native Method)
11-27 14:04:27.391  1667  1667 W QSTileHost: 	at com.android.internal.os.ZygoteInit$MethodAndArgsCaller.run(ZygoteInit.java:726)
11-27 14:04:27.391  1667  1667 W QSTileHost: 	at com.android.internal.os.ZygoteInit.main(ZygoteInit.java:616)
11-27 14:04:27.418  1667  1667 W CustomTileListenerService[]: CustomTile listener service not yet bound.
11-27 14:04:27.427  1667  2069 E ActivityThread: Failed to find provider info for com.android.contacts
11-27 14:04:27.429  1667  1667 W Resources: Drawable com.android.systemui:drawable/ic_battery_circle has unresolved theme attributes! Consider using Resources.getDrawable(int, Theme) or Context.getDrawable(int).
11-27 14:04:27.429  1667  1667 W Resources: java.lang.RuntimeException
11-27 14:04:27.429  1667  1667 W Resources: 	at android.content.res.Resources.getDrawable(Resources.java:799)
11-27 14:04:27.429  1667  1667 W Resources: 	at com.android.systemui.BatteryMeterView$AllInOneBatteryMeterDrawable.loadBatteryDrawables(BatteryMeterView.java:637)
11-27 14:04:27.429  1667  1667 W Resources: 	at com.android.systemui.BatteryMeterView$AllInOneBatteryMeterDrawable.<init>(BatteryMeterView.java:492)
11-27 14:04:27.429  1667  1667 W Resources: 	at com.android.systemui.BatteryMeterView.createBatteryMeterDrawable(BatteryMeterView.java:264)
11-27 14:04:27.429  1667  1667 W Resources: 	at com.android.systemui.BatteryMeterView.setMode(BatteryMeterView.java:366)
11-27 14:04:27.429  1667  1667 W Resources: 	at com.android.systemui.BatteryMeterView.onBatteryStyleChanged(BatteryMeterView.java:336)
11-27 14:04:27.429  1667  1667 W Resources: 	at com.android.systemui.statusbar.policy.BatteryController.addStateChangedCallback(BatteryController.java:100)
11-27 14:04:27.429  1667  1667 W Resources: 	at com.android.systemui.BatteryMeterView.setBatteryStateRegistar(BatteryMeterView.java:283)
11-27 14:04:27.429  1667  1667 W Resources: 	at com.android.systemui.statusbar.phone.StatusBarHeaderView.setBatteryController(StatusBarHeaderView.java:350)
11-27 14:04:27.429  1667  1667 W Resources: 	at com.android.systemui.statusbar.phone.PhoneStatusBar.makeStatusBarView(PhoneStatusBar.java:1297)
11-27 14:04:27.429  1667  1667 W Resources: 	at com.android.systemui.statusbar.phone.PhoneStatusBar.addStatusBarWindow(PhoneStatusBar.java:3463)
11-27 14:04:27.429  1667  1667 W Resources: 	at com.android.systemui.statusbar.phone.PhoneStatusBar.createAndAddWindows(PhoneStatusBar.java:3459)
11-27 14:04:27.429  1667  1667 W Resources: 	at com.android.systemui.statusbar.BaseStatusBar.start(BaseStatusBar.java:631)
11-27 14:04:27.429  1667  1667 W Resources: 	at com.android.systemui.statusbar.phone.PhoneStatusBar.start(PhoneStatusBar.java:818)
11-27 14:04:27.429  1667  1667 W Resources: 	at com.android.systemui.statusbar.SystemBars.createStatusBarFromConfig(SystemBars.java:106)
11-27 14:04:27.429  1667  1667 W Resources: 	at com.android.systemui.statusbar.SystemBars.onNoService(SystemBars.java:58)
11-27 14:04:27.429  1667  1667 W Resources: 	at com.android.systemui.statusbar.ServiceMonitor.startService(ServiceMonitor.java:230)
11-27 14:04:27.429  1667  1667 W Resources: 	at com.android.systemui.statusbar.ServiceMonitor.-wrap5(ServiceMonitor.java)
