11-27 14:00:27.507   368   776 E DMD     : [M/listen_client_init] lclient dsm_battery init success, fd-46 triggers num-24
11-27 14:00:27.507   368   776 E DMD     : [M/listen_client_init] find client dsm_key's config.
11-27 14:00:27.507   368   776 E DMD     : [M/listen_client_init] lclient dsm_key init success, fd-47 triggers num-1
11-27 14:00:27.507   368   776 E DMD     : [M/listen_client_init] find client dsm_power_key's config.
11-27 14:00:27.507   368   776 E DMD     : [M/listen_client_init] lclient dsm_power_key init success, fd-48 triggers num-2
11-27 14:00:27.507   368   776 E DMD     : [M/listen_client_init] find client dsm_camera_user's config.
11-27 14:00:27.507   368   776 E DMD     : [M/listen_client_init] lclient dsm_camera_user init success, fd-49 triggers num-22
11-27 14:00:27.507   368   776 E DMD     : [M/listen_client_init] find client dsm_wifi's config.
11-27 14:00:27.507   368   776 E DMD     : [M/listen_client_init] lclient dsm_wifi init success, fd-50 triggers num-18
11-27 14:00:27.507   368   776 E DMD     : [M/listen_client_init] find client dsm_apcp's config.
11-27 14:00:27.507   368   776 E DMD     : [M/listen_client_init] lclient dsm_apcp init success, fd-51 triggers num-21
11-27 14:00:27.507   368   776 E DMD     : [M/listen_client_init] find client dsm_flash's config.
11-27 14:00:27.507   368   776 E DMD     : [M/listen_client_init] lclient dsm_flash init success, fd-52 triggers num-3
11-27 14:00:27.507   368   776 E DMD     : [M/listen_client_init] find client dsm_sdcard's config.
11-27 14:00:27.507   368   776 E DMD     : [M/listen_client_init] lclient dsm_sdcard init success, fd-53 triggers num-15
11-27 14:00:27.507   368   776 E DMD     : [M/listen_client_init] find client sdcard_vold's config.
11-27 14:00:27.507   368   776 E DMD     : [M/listen_client_init] lclient sdcard_vold init success, fd-54 triggers num-19
11-27 14:00:27.507   368   776 E DMD     : [M/listen_client_init] find client dsm_emmc's config.
11-27 14:00:27.507   368   776 E DMD     : [M/listen_client_init] lclient dsm_emmc init success, fd-55 triggers num-21
11-27 14:00:27.507   368   776 E DMD     : [M/listen_client_init] find client dsm_battery_detect's config.
11-27 14:00:27.507   368   776 E DMD     : [M/listen_client_init] lclient dsm_battery_detect init success, fd-56 triggers num-1
11-27 14:00:27.507   368   776 E DMD     : [M/listen_client_init] find client dsm_sensorhub's config.
11-27 14:00:27.507   368   776 E DMD     : [M/listen_client_init] lclient dsm_sensorhub init success, fd-57 triggers num-28
11-27 14:00:27.507   368   776 E DMD     : [M/listen_client_init] find client dsm_hall's config.
11-27 14:00:27.507   368   776 E DMD     : [M/listen_client_init] lclient dsm_hall init success, fd-58 triggers num-1
11-27 14:00:27.507   368   776 E DMD     : [M/listen_client_init] find client dsm_nfc's config.
11-27 14:00:27.507   368   776 E DMD     : [M/listen_client_init] lclient dsm_nfc init success, fd-59 triggers num-13
11-27 14:00:27.507   368   776 E DMD     : [M/listen_client_init] find client dsm_spi's config.
11-27 14:00:27.507   368   776 E DMD     : [M/listen_client_init] lclient dsm_spi init success, fd-60 triggers num-4
11-27 14:00:27.507   368   776 E DMD     : [M/listen_client_init] find client dsm_anc_hs's config.
11-27 14:00:27.507   368   776 E DMD     : [M/listen_client_init] lclient dsm_anc_hs init success, fd-61 triggers num-8
11-27 14:00:27.507   368   776 E DMD     : [M/listen_client_init] find client dsm_audio's config.
11-27 14:00:27.507   368   776 E DMD     : [M/listen_client_init] lclient dsm_audio init success, fd-62 triggers num-12
11-27 14:00:27.507   368   776 E DMD     : [M/listen_client_init] find client dsm_maxim_smartpa's config.
11-27 14:00:27.507   368   776 E DMD     : [M/listen_client_init] lclient dsm_maxim_smartpa init success, fd-63 triggers num-10
11-27 14:00:27.507   368   776 E DMD     : [M/listen_client_init] find client dsm_smpl's config.
11-27 14:00:27.507   368   776 E DMD     : [M/listen_client_init] lclient dsm_smpl init success, fd-64 triggers num-1
11-27 14:00:27.507   368   776 E DMD     : [M/listen_client_init] find client dsm_recovery's config.
11-27 14:00:27.507   368   776 E DMD     : [M/listen_client_init] lclient dsm_recovery init success, fd-65 triggers num-1
11-27 14:00:27.507   368   776 E DMD     : [M/listen_client_init] find client dsm_selinux's config.
11-27 14:00:27.507   368   776 E DMD     : [M/listen_client_init] lclient dsm_selinux init success, fd-66 triggers num-1
11-27 14:00:27.507   368   776 E DMD     : [M/listen_client_init] find client dsm_sdio's config.
11-27 14:00:27.507   368   776 E DMD     : [M/listen_client_init] lclient dsm_sdio init success, fd-67 triggers num-18
11-27 14:00:27.507   368   776 E DMD     : [M/listen_client_init] find client dsm_lcd's config.
11-27 14:00:27.507   368   776 E DMD     : [M/listen_client_init] lclient dsm_lcd init success, fd-68 triggers num-10
11-27 14:00:27.507   368   776 E DMD     : [M/listen_client_init] find client dsm_hisp's config.
11-27 14:00:27.507   368   776 E DMD     : [M/listen_client_init] lclient dsm_hisp init success, fd-69 triggers num-5
11-27 14:00:27.507   368   776 E DMD     : [M/listen_client_init] find client dsm_e4defrag's config.
11-27 14:00:27.507   368   776 E DMD     : [M/listen_client_init] lclient dsm_e4defrag init success, fd-70 triggers num-1
11-27 14:00:27.508   368   776 E DMD     : [M/listen_client_init] find client dsm_ivp's config.
11-27 14:00:27.508   368   776 E DMD     : [M/listen_client_init] lclient dsm_ivp init success, fd-71 triggers num-10
11-27 14:00:27.508   368   776 E DMD     : [M/listen_client_init] find client dsm_usb_short_circuit_protect's config.
11-27 14:00:27.508   368   776 E DMD     : [M/listen_client_init] lclient dsm_usb_short_circuit_protect init success, fd-72 triggers num-2
11-27 14:00:27.508   368   776 E DMD     : [M/listen_client_init] find client dsm_fingerprint's config.
11-27 14:00:27.508   368   776 E DMD     : [M/listen_client_init] lclient dsm_fingerprint init success, fd-73 triggers num-11
11-27 14:00:27.508   368   776 E DMD     : [M/listen_client_init] find client dsm_charge_monitor's config.
11-27 14:00:27.508   368   776 E DMD     : [M/listen_client_init] lclient dsm_charge_monitor init success, fd-74 triggers num-10
11-27 14:00:27.508   368   776 E DMD     : [M/listen_client_init] find client dsm_f2fs's config.
11-27 14:00:27.508   368   776 E DMD     : [M/listen_client_init] lclient dsm_f2fs init success, fd-75 triggers num-3
11-27 14:00:27.508   368   776 E DMD     : [M/listen_client_init] find client dsm_hwtc's config.
11-27 14:00:27.508   368   776 E DMD     : [M/listen_client_init] lclient dsm_hwtc init success, fd-76 triggers num-1
11-27 14:00:27.508   368   776 E DMD     : [M/listen_client_init] find client dsm_dm_verity's config.
11-27 14:00:27.508   368   776 E DMD     : [M/listen_client_init] lclient dsm_dm_verity init success, fd-77 triggers num-1
11-27 14:00:27.508   368   776 E DMD     : [M/listen_server] Enter select
11-27 14:00:27.508   368   776 E DMD     : [M/listen_server] dsm_selinux has error (20901) reported
11-27 14:00:27.508   368   776 E DMD     : [M/listen_server] action-0, cname-dsm_selinux, info-0
11-27 14:00:27.508   368   776 E DMD     : [M/dsm_dump_error] dsm_selinux finish dump 199 bytes
11-27 14:00:27.508   368   776 E DMD     : [M/check_compress_file] unable to open /data/hwzd_logs/dmd_log -No such file or directory
11-27 14:00:27.508   368   776 E DMD     : [M/identify_product_version] get property:persist.sys.huawei.debug.on failed.
11-27 14:00:27.523   368   776 E DMD     : [M/get_dmd_error_level_mask] fail to get ret_error_level_mask!
11-27 14:00:27.523   368   776 E DMD     : [M/dmd_file_upload] tag:DMD-SELINUX, cmd_line:archive -i /data/hwzd_logs/dmd_log/dmd_commercial_record.txt -d /data/hwzd_logs/dmd_log/apr_info.txt -o 20161127140027_DMD-SELINUX -z zip.
11-27 14:00:27.523   368   776 E DMD     : [M/secure_system] system cmd_line:rm /data/hwzd_logs/dmd_log/dmd_commercial_record.txt.
11-27 14:00:27.531   368   776 E DMD     : [M/listen_server] Enter select
11-27 14:00:27.531   368   776 E DMD     : [M/listen_server] dsm_selinux has error (20901) reported
11-27 14:00:27.531   368   776 E DMD     : [M/listen_server] action-0, cname-dsm_selinux, info-0
11-27 14:00:27.531   368   776 E DMD     : [M/dsm_dump_error] dsm_selinux finish dump 267 bytes
11-27 14:00:27.538   368   776 E DMD     : [M/listen_server] Enter select
11-27 14:00:28.333   370   370 E Minikin : addFont failed to create font /system/fonts/NanumGothic.ttf
11-27 14:00:28.333   370   370 E Minikin : addFont failed to create font /system/fonts/DroidSansFallback.ttf
11-27 14:00:28.333   370   370 E Minikin : addFont failed to create font /system/fonts/MTLmr3m.ttf
11-27 14:00:28.344   369   369 E Minikin : addFont failed to create font /system/fonts/NanumGothic.ttf
11-27 14:00:28.344   369   369 E Minikin : addFont failed to create font /system/fonts/DroidSansFallback.ttf
11-27 14:00:28.344   369   369 E Minikin : addFont failed to create font /system/fonts/MTLmr3m.ttf
11-27 14:00:29.558   369   369 V DngCreator_JNI: DngCreator_nativeClassInit:
11-27 14:00:29.697   370   370 V DngCreator_JNI: DngCreator_nativeClassInit:
11-27 14:00:37.536   374   374 E Thermal-daemon: [pa_0] temp_new :30  temp_old :29
11-27 14:00:37.536   374   374 E Thermal-daemon: Report temperature: [pa_0] temp :30  report_threshold:1
11-27 14:00:46.801   369   369 I art     : Thread[1,tid=369,Native,Thread*=0x7f9e43ba00,peer=0x12c2c220,"main"] recursive attempt to load library "/system/lib64/libmedia_jni.so"
11-27 14:00:46.802   369   369 D MtpDeviceJNI: register_android_mtp_MtpDevice
11-27 14:00:46.802   369   369 I art     : Thread[1,tid=369,Native,Thread*=0x7f9e43ba00,peer=0x12c2c220,"main"] recursive attempt to load library "/system/lib64/libmedia_jni.so"
11-27 14:00:46.802   369   369 I art     : Thread[1,tid=369,Native,Thread*=0x7f9e43ba00,peer=0x12c2c220,"main"] recursive attempt to load library "/system/lib64/libmedia_jni.so"
11-27 14:00:48.455   370   370 I art     : Thread[1,tid=370,Native,Thread*=0xf55f6500,peer=0x12c23220,"main"] recursive attempt to load library "/system/lib/libmedia_jni.so"
11-27 14:00:48.456   370   370 D MtpDeviceJNI: register_android_mtp_MtpDevice
11-27 14:00:48.456   370   370 I art     : Thread[1,tid=370,Native,Thread*=0xf55f6500,peer=0x12c23220,"main"] recursive attempt to load library "/system/lib/libmedia_jni.so"
11-27 14:00:48.456   370   370 I art     : Thread[1,tid=370,Native,Thread*=0xf55f6500,peer=0x12c23220,"main"] recursive attempt to load library "/system/lib/libmedia_jni.so"
11-27 14:00:50.725   369   369 W System  : ClassLoader referenced unknown path: /system/framework/tcmclient.jar
11-27 14:00:52.030   370   370 W System  : ClassLoader referenced unknown path: /system/framework/tcmclient.jar
11-27 14:00:52.548   374   374 E Thermal-daemon: [charger_ic] temp_new :33  temp_old :32
11-27 14:00:52.548   374   374 E Thermal-daemon: Report temperature: [charger_ic] temp :33  report_threshold:1
11-27 14:00:55.146   369   369 I System  : Loaded time zone names for "" in 565ms (560ms in ICU)
11-27 14:00:56.330   369   369 I System  : Loaded time zone names for "en_US" in 1183ms (309ms in ICU)
11-27 14:00:57.540   370   370 I System  : Loaded time zone names for "" in 812ms (561ms in ICU)
11-27 14:00:58.857   370   370 I System  : Loaded time zone names for "en_US" in 1317ms (381ms in ICU)
11-27 14:01:00.339   369   369 I Zygote  : ...preloaded 3831 classes in 34986ms.
11-27 14:01:00.340   369   369 I art     : VMRuntime.preloadDexCaches starting
11-27 14:01:01.999   369   369 I art     : VMRuntime.preloadDexCaches strings total=249443 before=10084 after=10084
11-27 14:01:01.999   369   369 I art     : VMRuntime.preloadDexCaches types total=20343 before=6891 after=6927
11-27 14:01:01.999   369   369 I art     : VMRuntime.preloadDexCaches fields total=100594 before=34071 after=34569
11-27 14:01:01.999   369   369 I art     : VMRuntime.preloadDexCaches methods total=172899 before=53729 after=54336
11-27 14:01:01.999   369   369 I art     : VMRuntime.preloadDexCaches finished
11-27 14:01:02.379   811   811 D idmap   : error: no read access to /vendor/overlay: No such file or directory
11-27 14:01:02.427   369   369 I Zygote  : Preloading resources...
11-27 14:01:02.555   374   374 E Thermal-daemon: [charger_ic] temp_new :32  temp_old :33
11-27 14:01:02.555   374   374 E Thermal-daemon: Report temperature: [charger_ic] temp :32  report_threshold:1
11-27 14:01:03.866   370   370 I Zygote  : ...preloaded 3831 classes in 38220ms.
11-27 14:01:03.866   370   370 I art     : VMRuntime.preloadDexCaches starting
11-27 14:01:05.146   370   370 I art     : VMRuntime.preloadDexCaches strings total=249443 before=10084 after=10084
11-27 14:01:05.146   370   370 I art     : VMRuntime.preloadDexCaches types total=20343 before=6891 after=6927
11-27 14:01:05.146   370   370 I art     : VMRuntime.preloadDexCaches fields total=100594 before=34071 after=34569
11-27 14:01:05.146   370   370 I art     : VMRuntime.preloadDexCaches methods total=172899 before=53729 after=54336
11-27 14:01:05.146   370   370 I art     : VMRuntime.preloadDexCaches finished
11-27 14:01:05.410   814   814 D idmap   : error: no read access to /vendor/overlay: No such file or directory
11-27 14:01:05.415   370   370 I Zygote  : Preloading resources...
11-27 14:01:07.558   374   374 E Thermal-daemon: [charger_ic] temp_new :33  temp_old :32
11-27 14:01:07.558   374   374 E Thermal-daemon: Report temperature: [charger_ic] temp :33  report_threshold:1
11-27 14:01:11.672   369   369 I Zygote  : ...preloaded 342 resources in 9245ms.
11-27 14:01:11.747   369   369 I Zygote  : ...preloaded 41 resources in 74ms.
11-27 14:01:12.303   369   369 D libEGL  : loaded /vendor/lib64/egl/libGLES_mali.so
11-27 14:01:12.486   369   369 I Zygote  : Preloading shared libraries...
11-27 14:01:12.841   369   369 D Zygote  : end preload
11-27 14:01:12.841   369   369 I art     : Starting a blocking GC Explicit
11-27 14:01:13.214   369   369 I art     : Explicit concurrent mark sweep GC freed 12260(504KB) AllocSpace objects, 0(0B) LOS objects, 50% free, 3MB/7MB, paused 94us total 349.434ms
11-27 14:01:13.251   369   369 I art     : Starting a blocking GC Explicit
11-27 14:01:13.521   369   369 I art     : Explicit concurrent mark sweep GC freed 3103(144KB) AllocSpace objects, 0(0B) LOS objects, 51% free, 3MB/7MB, paused 78us total 182.250ms
11-27 14:01:13.523   369   768 I art     : Starting a blocking GC HeapTrim
11-27 14:01:13.582   369   369 I art     : Starting a blocking GC Background
11-27 14:01:13.619   370   370 I Zygote  : ...preloaded 342 resources in 8204ms.
11-27 14:01:13.747   369   369 I art     : Background concurrent mark sweep GC freed 79(3KB) AllocSpace objects, 0(0B) LOS objects, 51% free, 3MB/7MB, paused 70us total 165.079ms
11-27 14:01:13.878   370   370 I Zygote  : ...preloaded 41 resources in 259ms.
11-27 14:01:14.190   369   369 I Zygote  : System server process 821 has been created
11-27 14:01:14.292   369   369 I Zygote  : Accepting command socket connections
11-27 14:01:14.408   370   370 D libEGL  : loaded /vendor/lib/egl/libGLES_mali.so
11-27 14:01:14.458   370   370 I Zygote  : Preloading shared libraries...
11-27 14:01:14.474   370   370 E linker  : Shim lib "libshim_android.so" can not be loaded, ignoring.
11-27 14:01:14.584   370   370 D Zygote  : end preload
11-27 14:01:14.585   370   370 I art     : Starting a blocking GC Explicit
11-27 14:01:14.714   370   370 I art     : Explicit concurrent mark sweep GC freed 11980(489KB) AllocSpace objects, 0(0B) LOS objects, 50% free, 3MB/7MB, paused 144us total 62.191ms
11-27 14:01:14.751   370   370 I art     : Starting a blocking GC Explicit
11-27 14:01:14.774   370   370 I art     : Explicit concurrent mark sweep GC freed 2977(138KB) AllocSpace objects, 0(0B) LOS objects, 51% free, 3MB/7MB, paused 128us total 21.353ms
11-27 14:01:14.821   370   370 I Zygote  : Accepting command socket connections
11-27 14:01:14.852   821   821 I Zygote  : Process: zygote socket opened, supported ABIS: armeabi-v7a,armeabi
11-27 14:01:14.853   821   821 I InstallerConnection: connecting...
11-27 14:01:14.853   363   363 I installd: new connection
11-27 14:01:14.873   832   832 I dex2oat : /system/bin/dex2oat --compiler-filter=verify-none
11-27 14:01:14.911   832   832 I dex2oat : dex2oat took 38.077ms (threads: 8) arena alloc=512B java alloc=883KB native alloc=1071KB free=1744KB
11-27 14:01:14.927   841   841 I dex2oat : /system/bin/dex2oat --compiler-filter=verify-none
11-27 14:01:14.937   841   841 I dex2oat : dex2oat took 9.955ms (threads: 8) arena alloc=0B java alloc=77KB native alloc=865KB free=926KB
11-27 14:01:14.978   850   850 I dex2oat : /system/bin/dex2oat --compiler-filter=verify-none
11-27 14:01:15.217   850   850 I dex2oat : dex2oat took 239.447ms (threads: 8) arena alloc=2000B java alloc=4MB native alloc=2MB free=2MB
11-27 14:01:15.237   861   861 I dex2oat : /system/bin/dex2oat --compiler-filter=verify-none
11-27 14:01:15.248   861   861 I dex2oat : dex2oat took 10.509ms (threads: 8) arena alloc=536B java alloc=74KB native alloc=912KB free=1135KB
11-27 14:01:15.263   870   870 I dex2oat : /system/bin/dex2oat --compiler-filter=verify-none
11-27 14:01:15.375   870   870 I dex2oat : dex2oat took 112.171ms (threads: 8) arena alloc=312B java alloc=2MB native alloc=1564KB free=1763KB
11-27 14:01:15.378   821   821 I InstallerConnection: disconnecting...
11-27 14:01:15.378   363   363 E installd: eof
11-27 14:01:15.378   363   363 E installd: failed to read size
11-27 14:01:15.378   363   363 I installd: closing connection
11-27 14:01:15.388   821   821 I SystemServer: Entered the Android system server!
11-27 14:01:15.630   821   821 I SystemServiceManager: Starting com.android.server.pm.Installer
11-27 14:01:15.630   821   821 I Installer: Waiting for installd to be ready.
11-27 14:01:15.630   821   821 I InstallerConnection: connecting...
11-27 14:01:15.631   363   363 I installd: new connection
11-27 14:01:15.646   821   821 I SystemServiceManager: Starting com.android.server.am.ActivityManagerService$Lifecycle
11-27 14:01:17.567   374   374 E Thermal-daemon: [flash_led] temp_new :35  temp_old :34
11-27 14:01:17.567   374   374 E Thermal-daemon: Report temperature: [flash_led] temp :35  report_threshold:1
11-27 14:01:17.568   374   374 E Thermal-daemon: [ap] temp_new :35  temp_old :34
11-27 14:01:17.568   374   374 E Thermal-daemon: Report temperature: [ap] temp :35  report_threshold:1
11-27 14:01:18.148   821   821 I ActivityManager: choosing minFree values for 64 Bit
11-27 14:01:18.148   821   821 I ActivityManager: choosing minFree values for 64 Bit
11-27 14:01:18.148   821   821 I ActivityManager: choosing minFree values for 64 Bit
11-27 14:01:18.148   821   821 I ActivityManager: choosing minFree values for 64 Bit
11-27 14:01:18.148   821   821 I ActivityManager: choosing minFree values for 64 Bit
11-27 14:01:18.148   821   821 I ActivityManager: choosing minFree values for 64 Bit
11-27 14:01:18.246   821   821 I ActivityManager: Memory class: 16
11-27 14:01:18.313   821   884 I ServiceThread: Enabled StrictMode logging for ActivityManager looper.
11-27 14:01:18.368   821   885 I ServiceThread: Enabled StrictMode logging for android.ui looper.
11-27 14:01:18.398   821   821 D BatteryStatsImpl: Reading daily items from /data/system/batterystats-daily.xml
11-27 14:01:18.403   821   821 I AppOps  : No existing app ops /data/system/appops.xml; starting empty
11-27 14:01:19.668   821   821 I IntentFirewall: Read new rules (A:0 B:0 S:0)
11-27 14:01:19.839   821   889 I ServiceThread: Enabled StrictMode logging for android.display looper.
11-27 14:01:19.911   821   821 D AppOps  : AppOpsService published
11-27 14:01:19.912   821   821 I SystemServiceManager: Starting com.android.server.power.PowerManagerService
11-27 14:01:19.922   821   891 I ServiceThread: Enabled StrictMode logging for PowerManagerService looper.
11-27 14:01:19.929   821   821 W libsuspend: Error writing 'on' to /sys/power/state: Invalid argument
11-27 14:01:19.929   821   821 I libsuspend: Selected wakeup count
11-27 14:01:19.934   821   821 I SystemServiceManager: Starting com.android.server.lights.LightsService
11-27 14:01:19.935   821   821 I SystemServiceManager: Starting com.android.server.display.DisplayManagerService
11-27 14:01:19.983   330   346 E SurfaceFlinger: ro.sf.lcd_density must be defined as a build property
11-27 14:01:19.984   330   348 E SurfaceFlinger: getDefaultDisplay: id=2 is not a valid default display id
11-27 14:01:19.986   821   889 I DisplayManagerService: Display device added: DisplayDeviceInfo{"Built-in Screen": uniqueId="local:0", 1080 x 1920, modeId 1, defaultModeId 1, supportedModes [{id=1, width=1080, height=1920, fps=60.000004}], colorTransformId 1, defaultColorTransformId 1, supportedColorTransforms [{id=1, colorTransform=0}], density 366, 365.76 x 366.6767 dpi, appVsyncOff 0, presDeadline 17666666, touch INTERNAL, rotation 0, type BUILT_IN, state UNKNOWN, FLAG_DEFAULT_DISPLAY, FLAG_ROTATES_WITH_CONTENT, FLAG_SECURE, FLAG_SUPPORTS_PROTECTED_BUFFERS}
11-27 14:01:19.988   330   330 D SurfaceFlinger: Set power mode=2, type=0 flinger=0x7f88103c00
11-27 14:01:19.988   330   330 D SurfaceFlinger: Screen type=0 is already mode=2
11-27 14:01:19.988   821   889 I DisplayManagerService: Display device changed state: "Built-in Screen", ON
11-27 14:01:20.000   821   821 I SystemServiceManager: Starting phase 100
11-27 14:01:20.001   821   821 W SystemServer: Detected encryption in progress - only parsing core apps
11-27 14:01:20.001   821   821 I SystemServer: Package Manager
11-27 14:01:20.006   821   821 W SELinuxMMAC: Error opening /data/system/seapp_hash. Assuming first boot.
11-27 14:01:20.009   821   821 W FileUtils: Failed to chmod(/data/system/packages.list): android.system.ErrnoException: chmod failed: ENOENT (No such file or directory)
11-27 14:01:22.126   821   821 D SELinuxMMAC: Using policy file /system/etc/security/mac_permissions.xml
11-27 14:01:22.206   821   821 I PackageManager: No settings file; creating initial state
11-27 14:01:22.295   897   897 I dex2oat : /system/bin/dex2oat --compiler-filter=verify-none
11-27 14:01:22.337   897   897 I dex2oat : dex2oat took 42.818ms (threads: 8) arena alloc=128B java alloc=635KB native alloc=848KB free=1711KB
11-27 14:01:22.390   906   906 I dex2oat : /system/bin/dex2oat --compiler-filter=verify-none
11-27 14:01:22.400   906   906 I dex2oat : dex2oat took 10.665ms (threads: 8) arena alloc=576B java alloc=214KB native alloc=1439KB free=1376KB
11-27 14:01:22.420   821   821 E art     : DexFile_getDexOptNeeded file '/system/framework/com.android.contacts.separated.jar' does not exist
11-27 14:01:22.420   821   821 W PackageManager: Library not found: /system/framework/com.android.contacts.separated.jar
11-27 14:01:22.435   915   915 I dex2oat : /system/bin/dex2oat --compiler-filter=verify-none
11-27 14:01:22.445   915   915 I dex2oat : dex2oat took 10.158ms (threads: 8) arena alloc=0B java alloc=102KB native alloc=786KB free=1261KB
11-27 14:01:22.460   924   924 I dex2oat : /system/bin/dex2oat --compiler-filter=verify-none
11-27 14:01:22.469   924   924 I dex2oat : dex2oat took 9.158ms (threads: 8) arena alloc=0B java alloc=62KB native alloc=865KB free=926KB
11-27 14:01:22.484   933   933 I dex2oat : /system/bin/dex2oat --compiler-filter=verify-none
11-27 14:01:22.492   933   933 I dex2oat : dex2oat took 8.241ms (threads: 8) arena alloc=0B java alloc=28KB native alloc=784KB free=751KB
11-27 14:01:22.496   821   821 E art     : DexFile_getDexOptNeeded file '/system/framework/hwframework.jar' does not exist
11-27 14:01:22.496   821   821 W PackageManager: Library not found: /system/framework/hwframework.jar
11-27 14:01:22.496   821   821 E art     : DexFile_getDexOptNeeded file '/system/framework/com.huawei.systemmanager.separated.jar' does not exist
11-27 14:01:22.496   821   821 W PackageManager: Library not found: /system/framework/com.huawei.systemmanager.separated.jar
11-27 14:01:22.496   821   821 E art     : DexFile_getDexOptNeeded file '/system/framework/com.huawei.theme.stat.jar' does not exist
11-27 14:01:22.496   821   821 W PackageManager: Library not found: /system/framework/com.huawei.theme.stat.jar
11-27 14:01:22.524   942   942 I dex2oat : /system/bin/dex2oat --compiler-filter=verify-none
11-27 14:01:22.541   942   942 I dex2oat : dex2oat took 17.282ms (threads: 8) arena alloc=0B java alloc=299KB native alloc=602KB free=1957KB
11-27 14:01:22.549   821   821 E art     : DexFile_getDexOptNeeded file '/system/framework/org.apache.http.legacy.jar' does not exist
11-27 14:01:22.549   821   821 W PackageManager: Library not found: /system/framework/org.apache.http.legacy.jar
11-27 14:01:22.571   951   951 I dex2oat : /system/bin/dex2oat --compiler-filter=verify-none
11-27 14:01:22.581   951   951 I dex2oat : dex2oat took 10.376ms (threads: 8) arena alloc=824B java alloc=152KB native alloc=1182KB free=1121KB
11-27 14:01:22.586   821   821 E art     : DexFile_getDexOptNeeded file '/system/framework/com.android.contacts.separated.jar' does not exist
11-27 14:01:22.586   821   821 W PackageManager: Library not found: /system/framework/com.android.contacts.separated.jar
11-27 14:01:22.599   960   960 I dex2oat : /system/bin/dex2oat --compiler-filter=verify-none
11-27 14:01:22.609   960   960 I dex2oat : dex2oat took 10.290ms (threads: 8) arena alloc=0B java alloc=107KB native alloc=786KB free=1005KB
11-27 14:01:22.625   969   969 I dex2oat : /system/bin/dex2oat --compiler-filter=verify-none
11-27 14:01:22.943   969   969 I dex2oat : dex2oat took 318.261ms (threads: 8) arena alloc=0B java alloc=21KB native alloc=784KB free=751KB
11-27 14:01:22.944   821   821 E art     : DexFile_getDexOptNeeded file '/system/framework/hwframework.jar' does not exist
11-27 14:01:22.944   821   821 W PackageManager: Library not found: /system/framework/hwframework.jar
11-27 14:01:22.944   821   821 E art     : DexFile_getDexOptNeeded file '/system/framework/com.huawei.systemmanager.separated.jar' does not exist
11-27 14:01:22.944   821   821 W PackageManager: Library not found: /system/framework/com.huawei.systemmanager.separated.jar
11-27 14:01:22.944   821   821 E art     : DexFile_getDexOptNeeded file '/system/framework/com.huawei.theme.stat.jar' does not exist
11-27 14:01:22.945   821   821 W PackageManager: Library not found: /system/framework/com.huawei.theme.stat.jar
11-27 14:01:22.958   978   978 I dex2oat : /system/bin/dex2oat --compiler-filter=verify-none
11-27 14:01:22.978   978   978 I dex2oat : dex2oat took 19.672ms (threads: 8) arena alloc=0B java alloc=331KB native alloc=697KB free=1606KB
11-27 14:01:22.988   821   821 E art     : DexFile_getDexOptNeeded file '/system/framework/org.apache.http.legacy.jar' does not exist
11-27 14:01:22.988   821   821 W PackageManager: Library not found: /system/framework/org.apache.http.legacy.jar
11-27 14:01:23.006   987   987 I dex2oat : /system/bin/dex2oat --compiler-filter=verify-none
11-27 14:01:23.016   987   987 I dex2oat : dex2oat took 9.885ms (threads: 8) arena alloc=512B java alloc=85KB native alloc=941KB free=1106KB
11-27 14:01:23.033   996   996 I dex2oat : /system/bin/dex2oat --compiler-filter=verify-none
11-27 14:01:23.041   996   996 I dex2oat : dex2oat took 8.285ms (threads: 8) arena alloc=0B java alloc=22KB native alloc=784KB free=751KB
11-27 14:01:23.056  1005  1005 I dex2oat : /system/bin/dex2oat --compiler-filter=verify-none
11-27 14:01:23.064  1005  1005 I dex2oat : dex2oat took 8.809ms (threads: 8) arena alloc=0B java alloc=46KB native alloc=819KB free=972KB
11-27 14:01:23.080  1014  1014 I dex2oat : /system/bin/dex2oat --compiler-filter=verify-none
11-27 14:01:23.088  1014  1014 I dex2oat : dex2oat took 8.863ms (threads: 8) arena alloc=368B java alloc=30KB native alloc=912KB free=879KB
11-27 14:01:23.104  1023  1023 I dex2oat : /system/bin/dex2oat --compiler-filter=verify-none
11-27 14:01:23.112  1023  1023 I dex2oat : dex2oat took 8.172ms (threads: 8) arena alloc=0B java alloc=24KB native alloc=814KB free=721KB
11-27 14:01:23.131  1032  1032 I dex2oat : /system/bin/dex2oat --compiler-filter=verify-none
11-27 14:01:23.140  1032  1032 I dex2oat : dex2oat took 8.936ms (threads: 8) arena alloc=0B java alloc=75KB native alloc=785KB free=1006KB
11-27 14:01:23.156  1041  1041 I dex2oat : /system/bin/dex2oat --compiler-filter=verify-none
11-27 14:01:23.164  1041  1041 I dex2oat : dex2oat took 8.140ms (threads: 8) arena alloc=0B java alloc=21KB native alloc=819KB free=716KB
11-27 14:01:23.195  1050  1050 I dex2oat : /system/bin/dex2oat --compiler-filter=verify-none
11-27 14:01:23.204  1050  1050 I dex2oat : dex2oat took 9.273ms (threads: 8) arena alloc=0B java alloc=44KB native alloc=865KB free=926KB
11-27 14:01:23.220  1059  1059 I dex2oat : /system/bin/dex2oat --compiler-filter=verify-none
11-27 14:01:23.228  1059  1059 I dex2oat : dex2oat took 8.323ms (threads: 8) arena alloc=0B java alloc=21KB native alloc=819KB free=716KB
11-27 14:01:23.243  1068  1068 I dex2oat : /system/bin/dex2oat --compiler-filter=verify-none
11-27 14:01:23.251  1068  1068 I dex2oat : dex2oat took 8.195ms (threads: 8) arena alloc=0B java alloc=19KB native alloc=784KB free=1007KB
11-27 14:01:23.266  1077  1077 I dex2oat : /system/bin/dex2oat --compiler-filter=verify-none
11-27 14:01:23.275  1077  1077 I dex2oat : dex2oat took 8.564ms (threads: 8) arena alloc=1008B java alloc=45KB native alloc=972KB free=819KB
11-27 14:01:23.291  1086  1086 I dex2oat : /system/bin/dex2oat --compiler-filter=verify-none
11-27 14:01:23.303  1086  1086 I dex2oat : dex2oat took 12.341ms (threads: 8) arena alloc=512B java alloc=172KB native alloc=972KB free=1075KB
11-27 14:01:23.319  1095  1095 I dex2oat : /system/bin/dex2oat --compiler-filter=verify-none
11-27 14:01:23.329  1095  1095 I dex2oat : dex2oat took 10.235ms (threads: 8) arena alloc=128B java alloc=95KB native alloc=937KB free=1110KB
11-27 14:01:23.346  1104  1104 I dex2oat : /system/bin/dex2oat --compiler-filter=verify-none
11-27 14:01:23.354  1104  1104 I dex2oat : dex2oat took 8.356ms (threads: 8) arena alloc=0B java alloc=25KB native alloc=784KB free=751KB
11-27 14:01:23.370  1113  1113 I dex2oat : /system/bin/dex2oat --compiler-filter=verify-none
11-27 14:01:23.401  1113  1113 I dex2oat : dex2oat took 31.117ms (threads: 8) arena alloc=1768B java alloc=543KB native alloc=1021KB free=1794KB
11-27 14:01:23.416  1122  1122 I dex2oat : /system/bin/dex2oat --compiler-filter=verify-none
11-27 14:01:23.424  1122  1122 I dex2oat : dex2oat took 8.060ms (threads: 8) arena alloc=0B java alloc=21KB native alloc=784KB free=751KB
11-27 14:01:23.439  1131  1131 I dex2oat : /system/bin/dex2oat --compiler-filter=verify-none
11-27 14:01:23.448  1131  1131 I dex2oat : dex2oat took 8.652ms (threads: 8) arena alloc=0B java alloc=72KB native alloc=785KB free=1006KB
11-27 14:01:23.463  1140  1140 I dex2oat : /system/bin/dex2oat --compiler-filter=verify-none
11-27 14:01:23.471  1140  1140 I dex2oat : dex2oat took 8.298ms (threads: 8) arena alloc=0B java alloc=25KB native alloc=784KB free=751KB
11-27 14:01:23.487  1149  1149 I dex2oat : /system/bin/dex2oat --compiler-filter=verify-none
11-27 14:01:23.517  1149  1149 I dex2oat : dex2oat took 30.178ms (threads: 8) arena alloc=456B java alloc=542KB native alloc=868KB free=1691KB
11-27 14:01:23.533  1160  1160 I dex2oat : /system/bin/dex2oat --compiler-filter=verify-none
11-27 14:01:23.546  1160  1160 I dex2oat : dex2oat took 12.588ms (threads: 8) arena alloc=512B java alloc=210KB native alloc=917KB free=1130KB
11-27 14:01:23.561  1169  1169 I dex2oat : /system/bin/dex2oat --compiler-filter=verify-none
11-27 14:01:23.569  1169  1169 I dex2oat : dex2oat took 8.406ms (threads: 8) arena alloc=0B java alloc=21KB native alloc=784KB free=751KB
11-27 14:01:23.584  1178  1178 I dex2oat : /system/bin/dex2oat --compiler-filter=verify-none
11-27 14:01:23.594  1178  1178 I dex2oat : dex2oat took 10.201ms (threads: 8) arena alloc=832B java alloc=70KB native alloc=1069KB free=1234KB
11-27 14:01:23.609  1187  1187 I dex2oat : /system/bin/dex2oat --compiler-filter=verify-none
11-27 14:01:23.618  1187  1187 I dex2oat : dex2oat took 8.577ms (threads: 8) arena alloc=0B java alloc=19KB native alloc=784KB free=751KB
11-27 14:01:23.632  1196  1196 I dex2oat : /system/bin/dex2oat --compiler-filter=verify-none
11-27 14:01:23.641  1196  1196 I dex2oat : dex2oat took 8.844ms (threads: 8) arena alloc=0B java alloc=40KB native alloc=819KB free=972KB
11-27 14:01:23.656  1205  1205 I dex2oat : /system/bin/dex2oat --compiler-filter=verify-none
11-27 14:01:23.665  1205  1205 I dex2oat : dex2oat took 9.158ms (threads: 8) arena alloc=432B java alloc=25KB native alloc=912KB free=879KB
11-27 14:01:23.680  1214  1214 I dex2oat : /system/bin/dex2oat --compiler-filter=verify-none
11-27 14:01:23.688  1214  1214 I dex2oat : dex2oat took 8.765ms (threads: 8) arena alloc=0B java alloc=25KB native alloc=813KB free=722KB
11-27 14:01:23.707  1223  1223 I dex2oat : /system/bin/dex2oat --compiler-filter=verify-none
11-27 14:01:23.715  1223  1223 I dex2oat : dex2oat took 9.084ms (threads: 8) arena alloc=0B java alloc=57KB native alloc=784KB free=1007KB
11-27 14:01:23.731  1232  1232 I dex2oat : /system/bin/dex2oat --compiler-filter=verify-none
11-27 14:01:23.739  1232  1232 I dex2oat : dex2oat took 8.444ms (threads: 8) arena alloc=0B java alloc=22KB native alloc=818KB free=717KB
11-27 14:01:23.756  1241  1241 I dex2oat : /system/bin/dex2oat --compiler-filter=verify-none
11-27 14:01:23.766  1241  1241 I dex2oat : dex2oat took 9.766ms (threads: 8) arena alloc=0B java alloc=41KB native alloc=865KB free=926KB
11-27 14:01:23.781  1250  1250 I dex2oat : /system/bin/dex2oat --compiler-filter=verify-none
11-27 14:01:23.789  1250  1250 I dex2oat : dex2oat took 8.409ms (threads: 8) arena alloc=0B java alloc=25KB native alloc=818KB free=717KB
11-27 14:01:23.805  1259  1259 I dex2oat : /system/bin/dex2oat --compiler-filter=verify-none
11-27 14:01:23.813  1259  1259 I dex2oat : dex2oat took 8.689ms (threads: 8) arena alloc=0B java alloc=20KB native alloc=784KB free=1007KB
11-27 14:01:23.828  1268  1268 I dex2oat : /system/bin/dex2oat --compiler-filter=verify-none
11-27 14:01:23.837  1268  1268 I dex2oat : dex2oat took 8.966ms (threads: 8) arena alloc=1200B java alloc=37KB native alloc=972KB free=819KB
11-27 14:01:23.851  1277  1277 I dex2oat : /system/bin/dex2oat --compiler-filter=verify-none
11-27 14:01:23.865  1277  1277 I dex2oat : dex2oat took 14.255ms (threads: 8) arena alloc=608B java alloc=205KB native alloc=971KB free=1076KB
11-27 14:01:23.881  1286  1286 I dex2oat : /system/bin/dex2oat --compiler-filter=verify-none
11-27 14:01:23.891  1286  1286 I dex2oat : dex2oat took 10.319ms (threads: 8) arena alloc=144B java alloc=81KB native alloc=937KB free=1110KB
11-27 14:01:23.906  1295  1295 I dex2oat : /system/bin/dex2oat --compiler-filter=verify-none
11-27 14:01:23.915  1295  1295 I dex2oat : dex2oat took 9.144ms (threads: 8) arena alloc=0B java alloc=22KB native alloc=784KB free=751KB
11-27 14:01:23.930  1304  1304 I dex2oat : /system/bin/dex2oat --compiler-filter=verify-none
11-27 14:01:23.962  1304  1304 I dex2oat : dex2oat took 32.495ms (threads: 8) arena alloc=224B java alloc=753KB native alloc=992KB free=1311KB
11-27 14:01:23.977  1313  1313 I dex2oat : /system/bin/dex2oat --compiler-filter=verify-none
11-27 14:01:23.986  1313  1313 I dex2oat : dex2oat took 8.932ms (threads: 8) arena alloc=0B java alloc=22KB native alloc=784KB free=751KB
11-27 14:01:24.001  1322  1322 I dex2oat : /system/bin/dex2oat --compiler-filter=verify-none
11-27 14:01:24.009  1322  1322 I dex2oat : dex2oat took 8.781ms (threads: 8) arena alloc=0B java alloc=28KB native alloc=784KB free=1007KB
11-27 14:01:24.024  1331  1331 I dex2oat : /system/bin/dex2oat --compiler-filter=verify-none
11-27 14:01:24.033  1331  1331 I dex2oat : dex2oat took 8.674ms (threads: 8) arena alloc=0B java alloc=19KB native alloc=784KB free=1007KB
11-27 14:01:24.048  1340  1340 I dex2oat : /system/bin/dex2oat --compiler-filter=verify-none
11-27 14:01:24.078  1340  1340 I dex2oat : dex2oat took 30.418ms (threads: 8) arena alloc=88B java alloc=768KB native alloc=952KB free=1863KB
11-27 14:01:24.093  1349  1349 I dex2oat : /system/bin/dex2oat --compiler-filter=verify-none
11-27 14:01:24.105  1349  1349 I dex2oat : dex2oat took 12.698ms (threads: 8) arena alloc=608B java alloc=170KB native alloc=916KB free=1131KB
11-27 14:01:24.121  1358  1358 I dex2oat : /system/bin/dex2oat --compiler-filter=verify-none
11-27 14:01:24.129  1358  1358 I dex2oat : dex2oat took 8.584ms (threads: 8) arena alloc=0B java alloc=23KB native alloc=783KB free=752KB
11-27 14:01:24.134   821   821 D PackageManager: No files in app dir /vendor/overlay
11-27 14:01:24.136   821   821 D PackageManager: start scanDirLI:/system/framework
11-27 14:01:24.136   821   821 D PackageManager: max thread:6
11-27 14:01:24.262   821  1369 W PackageManager: Failed to parse /system/framework/oat: Missing base APK in /system/framework/oat
11-27 14:01:24.312   821  1367 W PackageManager: Failed to parse /system/framework/framework-res-hwext.apk: Invalid manifest package: must have at least one '.' separator
11-27 14:01:24.318   821  1370 I PackageManager: /system/framework/org.cyanogenmod.platform-res.apk changed; collecting certs
11-27 14:01:26.035   821  1368 I PackageManager: /system/framework/framework-res.apk changed; collecting certs
11-27 14:01:26.309   821   831 I art     : Background sticky concurrent mark sweep GC freed 19612(2MB) AllocSpace objects, 76(1624KB) LOS objects, 45% free, 4MB/7MB, paused 244us total 111.117ms
11-27 14:01:27.609   821  1370 W PackageManager: Permission cyanogenmod.permission.WRITE_ALARMS from package cyanogenmod.platform in an unknown group android.permission-group.SYSTEM_CLOCK
11-27 14:01:27.610   821  1370 W PackageManager: Permission cyanogenmod.permission.MANAGE_ALARMS from package cyanogenmod.platform in an unknown group android.permission-group.SYSTEM_CLOCK
11-27 14:01:27.610   821  1370 W PackageManager: Permission cyanogenmod.permission.READ_ALARMS from package cyanogenmod.platform in an unknown group android.permission-group.SYSTEM_CLOCK
11-27 14:01:37.586   821   831 W art     : Suspending all threads took: 6.387ms
11-27 14:01:37.594   821   831 I art     : Background partial concurrent mark sweep GC freed 31507(1502KB) AllocSpace objects, 7(1320KB) LOS objects, 33% free, 4MB/7MB, paused 7.085ms total 189.018ms
11-27 14:02:15.850   821   831 I art     : Background partial concurrent mark sweep GC freed 10007(467KB) AllocSpace objects, 1(512KB) LOS objects, 33% free, 5MB/8MB, paused 165us total 107.972ms
11-27 14:02:17.609   374   374 E Thermal-daemon: [pa_0] temp_new :31  temp_old :30
11-27 14:02:17.609   374   374 E Thermal-daemon: Report temperature: [pa_0] temp :31  report_threshold:1
11-27 14:02:24.466   821  1368 W PackageManager: Permission android.permission.SET_KEYGUARD_WALLPAPER from package android in an unknown group android.permission-group.WALLPAPER
11-27 14:02:24.469   821  1368 W PackageManager: Permission android.permission.MODIFY_PROTECTED_SMS_LIST from package android in an unknown group android.permission-group.MESSAGES
11-27 14:02:24.469   821  1368 W PackageManager: Permission android.permission.RECEIVE_PROTECTED_SMS from package android in an unknown group android.permission-group.MESSAGES
11-27 14:02:24.470   821  1368 W PackageManager: Permission android.permission.RESET_BATTERY_STATS from package android in an unknown group android.permission-group.SYSTEM_TOOLS
11-27 14:02:24.728   821   821 D PackageManager: end scanDirLI:/system/framework
11-27 14:02:24.735   821   821 D PackageManager: start scanDirLI:/system/priv-app
11-27 14:02:24.735   821   821 D PackageManager: max thread:6
11-27 14:02:24.751   821  1367 I PackageManager: /system/priv-app/CMSettingsProvider changed; collecting certs
11-27 14:02:24.757   821  1370 W PackageManager: Failed to parse /system/priv-app/CMUpdater: Not a coreApp: /system/priv-app/CMUpdater
11-27 14:02:24.759   821  1369 W PackageManager: Failed to parse /system/priv-app/CMAudioService: Not a coreApp: /system/priv-app/CMAudioService
11-27 14:02:24.763   821  1369 W PackageManager: Failed to parse /system/priv-app/CarrierConfig: Not a coreApp: /system/priv-app/CarrierConfig
11-27 14:02:24.768   821  1370 W PackageManager: Failed to parse /system/priv-app/CallLogBackup: Not a coreApp: /system/priv-app/CallLogBackup
11-27 14:02:24.793   821  1369 W PackageManager: Failed to parse /system/priv-app/CellBroadcastReceiver: Not a coreApp: /system/priv-app/CellBroadcastReceiver
11-27 14:02:24.843   821  1368 W PackageManager: Failed to parse /system/priv-app/CalendarProvider: Not a coreApp: /system/priv-app/CalendarProvider
11-27 14:02:24.846   821  1369 W PackageManager: Failed to parse /system/priv-app/ContactsProvider: Not a coreApp: /system/priv-app/ContactsProvider
11-27 14:02:24.896   821  1370 W PackageManager: Failed to parse /system/priv-app/Contacts: Not a coreApp: /system/priv-app/Contacts
11-27 14:02:24.898   821  1415 W PackageManager: Failed to parse /system/priv-app/BackupRestoreConfirmation: Not a coreApp: /system/priv-app/BackupRestoreConfirmation
11-27 14:02:24.913   821  1414 W PackageManager: Failed to parse /system/priv-app/AudioFX: Not a coreApp: /system/priv-app/AudioFX
11-27 14:02:24.953   821  1369 W PackageManager: Failed to parse /system/priv-app/DataUsageProvider: Not a coreApp: /system/priv-app/DataUsageProvider
11-27 14:02:24.987   821  1368 W PackageManager: Failed to parse /system/priv-app/CyanogenSetupWizard: Not a coreApp: /system/priv-app/CyanogenSetupWizard
11-27 14:02:25.018   821  1370 I PackageManager: /system/priv-app/DefaultContainerService changed; collecting certs
11-27 14:02:25.041   821  1369 W PackageManager: Failed to parse /system/priv-app/ExternalStorageProvider: Not a coreApp: /system/priv-app/ExternalStorageProvider
11-27 14:02:25.067   821  1368 I PackageManager: /system/priv-app/FusedLocation changed; collecting certs
11-27 14:02:25.092   821  1414 W PackageManager: Failed to parse /system/priv-app/DownloadProvider: Not a coreApp: /system/priv-app/DownloadProvider
11-27 14:02:25.164   821  1414 I PackageManager: /system/priv-app/LiveLockScreenService changed; collecting certs
11-27 14:02:25.194   821  1369 I PackageManager: /system/priv-app/InputDevices changed; collecting certs
11-27 14:02:25.306   821  1415 W PackageParser: No actions in intent filter at /system/priv-app/Dialer/Dialer.apk Binary XML file line #152
11-27 14:02:25.544   821  1415 I PackageManager: /system/priv-app/Dialer changed; collecting certs
11-27 14:02:26.067   821   831 W art     : Suspending all threads took: 48.101ms
11-27 14:02:26.077   821   831 I art     : Background sticky concurrent mark sweep GC freed 32545(1940KB) AllocSpace objects, 14(836KB) LOS objects, 13% free, 7MB/8MB, paused 48.861ms total 324.511ms
11-27 14:02:26.088   821  1367 W PackageManager: Failed to parse /system/priv-app/ManagedProvisioning: Not a coreApp: /system/priv-app/ManagedProvisioning
11-27 14:02:26.101   821  1367 W PackageManager: Failed to parse /system/priv-app/MediaProvider: Not a coreApp: /system/priv-app/MediaProvider
11-27 14:02:26.165   821  1367 I PackageManager: /system/priv-app/MmsService changed; collecting certs
11-27 14:02:26.204   821  1368 W PackageManager: Failed to parse /system/priv-app/OneTimeInitializer: Not a coreApp: /system/priv-app/OneTimeInitializer
11-27 14:02:26.255   821  1368 I PackageManager: /system/priv-app/ProxyHandler changed; collecting certs
11-27 14:02:26.295   821  1370 I PackageManager: /system/priv-app/PackageInstaller changed; collecting certs
11-27 14:02:26.382   821  1414 W PackageManager: Failed to parse /system/priv-app/Screencast: Not a coreApp: /system/priv-app/Screencast
11-27 14:02:26.608   821   831 W art     : Suspending all threads took: 34.657ms
11-27 14:02:26.618   821   831 I art     : Background partial concurrent mark sweep GC freed 53533(2MB) AllocSpace objects, 12(1012KB) LOS objects, 33% free, 4MB/6MB, paused 35.492ms total 232.259ms
11-27 14:02:27.322   821  1369 W PackageManager: Failed to parse /system/priv-app/SharedStorageBackup: Not a coreApp: /system/priv-app/SharedStorageBackup
11-27 14:02:27.374   821  1369 W PackageManager: Failed to parse /system/priv-app/StatementService: Not a coreApp: /system/priv-app/StatementService
11-27 14:02:27.378   821  1368 I PackageManager: /system/priv-app/SettingsProvider changed; collecting certs
11-27 14:02:27.599   821  1367 I PackageManager: /system/priv-app/Shell changed; collecting certs
11-27 14:02:27.616   374   374 E Thermal-daemon: [pa_0] temp_new :30  temp_old :31
11-27 14:02:27.616   374   374 E Thermal-daemon: Report temperature: [pa_0] temp :30  report_threshold:1
11-27 14:02:28.202   821  1369 I PackageManager: /system/priv-app/SystemUI changed; collecting certs
11-27 14:02:28.526   821   831 I art     : Background sticky concurrent mark sweep GC freed 17004(1051KB) AllocSpace objects, 12(560KB) LOS objects, 21% free, 5MB/6MB, paused 1.194ms total 218.876ms
11-27 14:02:28.950   821  1368 W PackageParser: Ignoring duplicate uses-permissions/uses-permissions-sdk-m: android.permission.ACCESS_WIFI_STATE in package: com.android.phone at: Binary XML file line #134
11-27 14:02:29.146   821  1367 I PackageManager: /system/priv-app/Telecom changed; collecting certs
11-27 14:02:29.297   821  1368 I PackageManager: /system/priv-app/TeleService changed; collecting certs
11-27 14:02:29.398   821  1414 I PackageManager: /system/priv-app/Settings changed; collecting certs
11-27 14:02:29.606   821   831 I art     : Background partial concurrent mark sweep GC freed 17741(1126KB) AllocSpace objects, 18(652KB) LOS objects, 33% free, 5MB/8MB, paused 1.227ms total 232.829ms
11-27 14:02:30.487   821  1367 I PackageManager: /system/priv-app/TelephonyProvider changed; collecting certs
11-27 14:02:31.433   821  1367 W PackageManager: Failed to parse /system/priv-app/ThemeChooser: Not a coreApp: /system/priv-app/ThemeChooser
11-27 14:02:31.455   821   831 I art     : Background sticky concurrent mark sweep GC freed 26830(1464KB) AllocSpace objects, 14(384KB) LOS objects, 17% free, 7MB/8MB, paused 5.367ms total 174.067ms
11-27 14:02:31.458   821  1367 W PackageManager: Failed to parse /system/priv-app/ThemeManagerService: Not a coreApp: /system/priv-app/ThemeManagerService
11-27 14:02:31.569   821  1367 W PackageManager: Failed to parse /system/priv-app/ThemesProvider: Not a coreApp: /system/priv-app/ThemesProvider
11-27 14:02:31.624   821  1367 W PackageManager: Failed to parse /system/priv-app/Trebuchet: Not a coreApp: /system/priv-app/Trebuchet
11-27 14:02:31.713   821  1367 W PackageManager: Failed to parse /system/priv-app/VpnDialogs: Not a coreApp: /system/priv-app/VpnDialogs
11-27 14:02:31.790   821  1367 W PackageManager: Failed to parse /system/priv-app/WallpaperCropper: Not a coreApp: /system/priv-app/WallpaperCropper
11-27 14:02:31.855   821  1367 I PackageManager: /system/priv-app/WeatherManagerService changed; collecting certs
11-27 14:02:32.620   374   374 E Thermal-daemon: [pa_0] temp_new :31  temp_old :30
11-27 14:02:32.620   374   374 E Thermal-daemon: Report temperature: [pa_0] temp :31  report_threshold:1
11-27 14:02:33.048   821  1367 W PackageManager: Failed to parse /system/priv-app/WeatherProvider: Not a coreApp: /system/priv-app/WeatherProvider
11-27 14:02:33.179   821   831 W art     : Suspending all threads took: 19.272ms
11-27 14:02:33.223   821   831 I art     : Background partial concurrent mark sweep GC freed 31538(1679KB) AllocSpace objects, 13(932KB) LOS objects, 33% free, 6MB/10MB, paused 20.881ms total 271.901ms
11-27 14:02:37.097   821   831 W art     : Suspending all threads took: 88.357ms
11-27 14:02:37.112   821   831 I art     : Background sticky concurrent mark sweep GC freed 37497(1848KB) AllocSpace objects, 4(280KB) LOS objects, 20% free, 7MB/10MB, paused 89.001ms total 302.516ms
11-27 14:02:37.671   821  1369 W art     : Long monitor contention event with owner method=java.nio.charset.Charset java.nio.charset.Charset.forName(java.lang.String) from Charset.java:283 waiters=1 for 190ms
11-27 14:02:40.614   821   831 W art     : Suspending all threads took: 172.626ms
11-27 14:02:40.642   821   831 I art     : Background partial concurrent mark sweep GC freed 41215(2MB) AllocSpace objects, 15(776KB) LOS objects, 33% free, 7MB/10MB, paused 173.470ms total 557.175ms
11-27 14:02:42.627   374   374 E Thermal-daemon: [pa_0] temp_new :30  temp_old :31
11-27 14:02:42.627   374   374 E Thermal-daemon: Report temperature: [pa_0] temp :30  report_threshold:1
11-27 14:02:47.631   374   374 E Thermal-daemon: [pa_0] temp_new :31  temp_old :30
11-27 14:02:47.631   374   374 E Thermal-daemon: Report temperature: [pa_0] temp :31  report_threshold:1
11-27 14:02:47.632   374   374 E Thermal-daemon: [charger_ic] temp_new :34  temp_old :33
11-27 14:02:47.632   374   374 E Thermal-daemon: Report temperature: [charger_ic] temp :34  report_threshold:1
11-27 14:02:48.015   821   831 W art     : Suspending all threads took: 53.181ms
11-27 14:02:48.031   821  1369 I PackageManager: New shared user android.uid.systemui: id=10005
11-27 14:02:48.042   821   831 I art     : Background sticky concurrent mark sweep GC freed 40433(2022KB) AllocSpace objects, 4(360KB) LOS objects, 21% free, 8MB/10MB, paused 54.184ms total 304.427ms
11-27 14:02:49.847   821   831 W art     : Suspending all threads took: 6.947ms
11-27 14:02:49.912   821   831 I art     : Background partial concurrent mark sweep GC freed 53011(2MB) AllocSpace objects, 14(1548KB) LOS objects, 33% free, 6MB/9MB, paused 7.642ms total 242.642ms
