11-27 14:04:27.429  1667  1667 W Resources: 	at com.android.systemui.statusbar.ServiceMonitor$1.handleMessage(ServiceMonitor.java:73)
11-27 14:04:27.429  1667  1667 W Resources: 	at android.os.Handler.dispatchMessage(Handler.java:102)
11-27 14:04:27.429  1667  1667 W Resources: 	at android.os.Looper.loop(Looper.java:148)
11-27 14:04:27.429  1667  1667 W Resources: 	at android.app.ActivityThread.main(ActivityThread.java:5461)
11-27 14:04:27.429  1667  1667 W Resources: 	at java.lang.reflect.Method.invoke(Native Method)
11-27 14:04:27.429  1667  1667 W Resources: 	at com.android.internal.os.ZygoteInit$MethodAndArgsCaller.run(ZygoteInit.java:726)
11-27 14:04:27.429  1667  1667 W Resources: 	at com.android.internal.os.ZygoteInit.main(ZygoteInit.java:616)
11-27 14:04:27.431  1667  1667 D BatteryMeterView: mTextGravity=17
11-27 14:04:27.433  1667  1667 D BatteryMeterView: mTextGravity=17
11-27 14:04:27.434  1667  1667 D BatteryMeterView: mTextGravity=17
11-27 14:04:27.440  1667  2065 D OpenGLRenderer: profile bars disabled
11-27 14:04:27.440  1667  2065 D OpenGLRenderer: ambientRatio = 1.50
11-27 14:04:27.453   330  1561 D PermissionCache: checking android.permission.ACCESS_SURFACE_FLINGER for uid=10005 => granted (388 us)
11-27 14:04:27.461  1667  1667 D PhoneStatusBar: disable: < EXPAND* ICONS* ALERTS* SYSTEM_INFO* BACK* HOME* RECENT* clock SEARCH* quick_settings >
11-27 14:04:27.464  1667  1667 D PhoneStatusBar: heads up is disabled
11-27 14:04:27.533  1667  1667 D PhoneStatusBar: heads up is disabled
11-27 14:04:27.548  1667  1667 D StatusBar: user hasn't seen notification about hidden notifications
11-27 14:04:27.549  1667  1667 D StatusBar: insecure lockscreen, skipping notification
11-27 14:04:27.581  1941  1952 I art     : Verification error in java.lang.Object java.util.HashMap.remove(java.lang.Object)
11-27 14:04:27.581  1941  1952 I art     : java.lang.Object java.util.HashMap.remove(java.lang.Object) failed to verify: java.lang.Object java.util.HashMap.remove(java.lang.Object): [0x3E] Cannot infer field from iput-object-quick
11-27 14:04:27.587   821   885 W WindowManager: Keyguard drawn timeout. Setting mKeyguardDrawComplete
11-27 14:04:27.666  1667  1667 I art     : Starting a blocking GC Alloc
11-27 14:04:27.666  1667  1667 I art     : Starting a blocking GC Alloc
11-27 14:04:27.692  1667  1667 I art     : Alloc partial concurrent mark sweep GC freed 14037(2039KB) AllocSpace objects, 0(0B) LOS objects, 40% free, 5MB/8MB, paused 297us total 25.508ms
11-27 14:04:27.720  1667  1692 I art     : Clamp target GC heap from 18MB to 16MB
11-27 14:04:27.787  1667  1667 I art     : Starting a blocking GC Alloc
11-27 14:04:27.787  1667  1667 I art     : Starting a blocking GC Alloc
11-27 14:04:27.790  1667  1667 I art     : Starting a blocking GC Alloc
11-27 14:04:27.800  1667  1667 I art     : Alloc partial concurrent mark sweep GC freed 24(1200B) AllocSpace objects, 1(9MB) LOS objects, 40% free, 5MB/8MB, paused 113us total 10.096ms
11-27 14:04:27.818  1667  1692 I art     : Clamp target GC heap from 18MB to 16MB
11-27 14:04:27.857  1667  1667 D mali_winsys: new_window_surface returns 0x3000
11-27 14:04:27.871   330  1561 I gralloc : Alloc req: dev=0x7f87c42540, w=1920, h=1920, format=0x2, usage=0xb00
11-27 14:04:27.874   330  1561 I gralloc : Alloc handle(0x7f87c05900): interfmt=0x200000002, stride=1920, size=14979072
11-27 14:04:27.910   821  2029 V KeyguardServiceDelegate: **** SHOWN CALLED ****
11-27 14:04:27.913  1667  1667 I Choreographer: Skipped 43 frames!  The application may be doing too much work on its main thread.
11-27 14:04:27.939  1667  1667 D ViewRootImpl: changeCanvasOpacity: opaque=true
11-27 14:04:27.969   330   330 I gralloc : Free handle(0x7f87c05d00)
11-27 14:04:28.120  1941  1941 D TelephonyProvider: Regional apns file not found
11-27 14:04:28.122  1667  1667 W PropertyValuesHolder: Method setAlpha() with type float not found on target class class android.graphics.drawable.VectorDrawable$VGroup
11-27 14:04:28.124  1941  1941 D TelephonyProvider: dbh.onCreate:- db=SQLiteDatabase: /data/user/0/com.android.providers.telephony/databases/telephony.db
11-27 14:04:28.125  1941  1941 D TelephonyProvider: dbh.onOpen: ok, queried table=siminfo
11-27 14:04:28.125  1941  1941 D TelephonyProvider: dbh.onOpen: ok, queried table=carriers
11-27 14:04:28.127  1941  1941 D TelephonyProvider: onCreate: build id changed from  to M4B30X
11-27 14:04:28.144  1941  1941 D TelephonyProvider: No APNs in OEM image = /oem/telephony/apns-conf.xml Load APNs from system image
11-27 14:04:28.144  1941  1941 D TelephonyProvider: No APNs in OEM image = /data/misc/apns-conf.xml Load APNs from system image
11-27 14:04:28.144  1941  1941 D TelephonyProvider: confFile = /system/etc/apns-conf.xml
11-27 14:04:28.150  1667  1667 I art     : Waiting for a blocking GC Alloc
11-27 14:04:28.155  1667  1667 I art     : Starting a blocking GC Alloc
11-27 14:04:28.200   330   348 I gralloc : Alloc req: dev=0x7f87c42540, w=1080, h=55, format=0x1, usage=0x900
11-27 14:04:28.200   330   348 I gralloc : Alloc handle(0x7f83539300): interfmt=0x1, stride=1088, size=245760
11-27 14:04:28.200   330   348 I gralloc : Alloc req: dev=0x7f87c42540, w=1080, h=55, format=0x1, usage=0x900
11-27 14:04:28.201  1667  2065 I OpenGLRenderer: Initialized EGL, version 1.4
11-27 14:04:28.201   330   348 I gralloc : Alloc handle(0x7f83539200): interfmt=0x1, stride=1088, size=245760
11-27 14:04:28.201   330   348 I gralloc : Alloc req: dev=0x7f87c42540, w=1080, h=55, format=0x1, usage=0x900
11-27 14:04:28.202   330   348 I gralloc : Alloc handle(0x7f8813e200): interfmt=0x1, stride=1088, size=245760
11-27 14:04:28.205  1667  2065 D mali_winsys: new_window_surface returns 0x3000
11-27 14:04:28.280   821  1576 D WifiService: New client listening to asynchronous messages
11-27 14:04:28.393  1667  1692 I art     : Clamp target GC heap from 18MB to 16MB
11-27 14:04:28.652  1667  1667 I art     : Waiting for a blocking GC Alloc
11-27 14:04:28.665  1667  1692 I art     : Clamp target GC heap from 19MB to 16MB
11-27 14:04:28.665  1667  1667 I art     : WaitForGcToComplete blocked for 12.793ms for cause Alloc
11-27 14:04:28.665  1667  1667 I art     : Starting a blocking GC Alloc
11-27 14:04:28.702  1667  1667 I Choreographer: Skipped 46 frames!  The application may be doing too much work on its main thread.
11-27 14:04:28.713   821  2092 I RecoverySystem: Deleted: /cache/recovery/.version
11-27 14:04:28.713   821  2092 I RecoverySystem: Deleted: /cache/recovery/recovery.fstab
11-27 14:04:28.713   821  2092 I RecoverySystem: Deleted: /cache/recovery/storage.fstab
11-27 14:04:28.713   821  2092 I RecoverySystem: Deleted: /cache/recovery/log
11-27 14:04:28.713   821  2092 I RecoverySystem: Deleted: /cache/recovery/intent
11-27 14:04:28.717   821  2092 I BootReceiver: Copying /sys/fs/pstore/console-ramoops to DropBox (SYSTEM_LAST_KMSG)
11-27 14:04:28.724   821  2092 I BootReceiver: Copying audit failures to DropBox
11-27 14:04:28.731   821  2092 I BootReceiver: Copied 0 worth of audits to DropBox
11-27 14:04:28.732   821  2092 I BootReceiver: Checking for fsck errors
11-27 14:04:28.742   330   348 I gralloc : Free handle(0x7f8813e200)
11-27 14:04:28.742   330   348 I gralloc : Alloc req: dev=0x7f87c42540, w=1080, h=55, format=0x1, usage=0xb00
11-27 14:04:28.743   330   348 I gralloc : Alloc handle(0x7f8813e200): interfmt=0x1, stride=1088, size=245760
11-27 14:04:28.760   330   348 I gralloc : Free handle(0x7f83539200)
11-27 14:04:28.760   330   348 I gralloc : Alloc req: dev=0x7f87c42540, w=1080, h=55, format=0x1, usage=0xb00
11-27 14:04:28.761   330   348 I gralloc : Alloc handle(0x7f83539200): interfmt=0x1, stride=1088, size=245760
11-27 14:04:28.763  1667  1667 D PhoneStatusBar: disable: < EXPAND ICONS ALERTS SYSTEM_INFO back* HOME RECENT clock SEARCH quick_settings >
11-27 14:04:28.833   330   348 I gralloc : Free handle(0x7f83539300)
11-27 14:04:28.833   330   348 I gralloc : Alloc req: dev=0x7f87c42540, w=1080, h=55, format=0x1, usage=0xb00
11-27 14:04:28.833   330   348 I gralloc : Alloc handle(0x7f83539300): interfmt=0x1, stride=1088, size=245760
11-27 14:04:29.165  1941  1941 D TelephonyProvider: Regional apns file not found
11-27 14:04:29.200  1941  1941 V ConfigResourceUtil: resourceName = telephony_plugin_jar_name resourceId = 2130903040resourceValue = 
11-27 14:04:29.201  1941  1941 V ConfigResourceUtil: resourceName = telephony_plugin_class_name resourceId = 2130903041resourceValue = 
11-27 14:04:29.221   329   329 E SELinux : avc:  denied  { add } for service=isub scontext=u:r:zygote:s0 tcontext=u:object_r:radio_service:s0 tclass=service_manager
11-27 14:04:29.266   329   329 E SELinux : avc:  denied  { find } for service=isub scontext=u:r:zygote:s0 tcontext=u:object_r:radio_service:s0 tclass=service_manager
11-27 14:04:29.308   329   329 E SELinux : avc:  denied  { find } for service=deviceidle scontext=u:r:zygote:s0 tcontext=u:object_r:deviceidle_service:s0 tclass=service_manager
11-27 14:04:29.337  1667  1667 W KeyguardUpdateMonitor: invalid subId in handleSimStateChange()
11-27 14:04:29.344  1941  2105 E DcSwitchStateMachine-0: DctController is not ready
11-27 14:04:29.347   821  1580 E ConnectivityService: Failed to find Messenger in unregisterNetworkFactory
11-27 14:04:29.350   821  1580 D ConnectivityService: Got NetworkFactory Messenger for Telephony
11-27 14:04:29.409   329   329 E SELinux : avc:  denied  { find } for service=trust scontext=u:r:zygote:s0 tcontext=u:object_r:trust_service:s0 tclass=service_manager
11-27 14:04:29.419  1941  2108 E ActivityThread: Failed to find provider info for com.android.contacts
11-27 14:04:29.419  1941  2108 W CallerInfoCache: cursor is null
11-27 14:04:29.421  1941  1941 D CarrierConfigLoader: CarrierConfigLoader has started
11-27 14:04:29.422   821   888 D BluetoothManagerService: Message: 20
11-27 14:04:29.422   821   888 D BluetoothManagerService: Added callback: android.bluetooth.IBluetoothManagerCallback$Stub$Proxy@5eac5d:true
11-27 14:04:29.423   821   888 D BluetoothManagerService: Message: 30
11-27 14:04:29.424  1941  1941 E BluetoothHeadset: Could not bind to Bluetooth Headset Service with Intent { act=android.bluetooth.IBluetoothHeadset }
11-27 14:04:29.439   329   329 E SELinux : avc:  denied  { find } for service=telecom scontext=u:r:zygote:s0 tcontext=u:object_r:telecom_service:s0 tclass=service_manager
11-27 14:04:29.446  1941  1941 I Telephony: TtyManager: updateUiTtyMode -1 -> 0
11-27 14:04:29.469   821  2029 I ActivityManager: Start proc 2110:com.android.dialer/u0a6 for broadcast com.android.dialer/.calllog.CallLogReceiver
11-27 14:04:29.469  2110  2110 I art     : Late-enabling JIT
11-27 14:04:29.478  2110  2110 I art     : JIT created with code_cache_capacity=2MB compile_threshold=1000
11-27 14:04:29.480  1941  1941 V ConfigResourceUtil: resourceName = config_spn_display_control resourceId = 2130837514resourceValue = false
11-27 14:04:29.538  1667  1667 W KeyguardUpdateMonitor: invalid subId in handleServiceStateChange()
11-27 14:04:29.564  2110  2110 W System  : ClassLoader referenced unknown path: /system/priv-app/Dialer/lib/arm64
11-27 14:04:29.604  2110  2110 W MOD.CyanogenAmbientUtil: Cyanogen Ambient package is missing! Version 1050100 is required.
11-27 14:04:29.605  2110  2110 E MOD.AmbientApiClientImp: This application will not run unless you install Ambient services
11-27 14:04:29.606  2110  2110 W PhoneCommon.AmbientSingletonHolder: Connection failed: com.cyanogen.ambient.common.ConnectionResult@26c395f
11-27 14:04:29.615  2110  2110 W Ambient : AmbientApiClient is not connected. Please ensure connection before calling any APIs.
11-27 14:04:29.615  2110  2110 W Ambient : java.lang.Exception
11-27 14:04:29.615  2110  2110 W Ambient : 	at com.cyanogen.ambient.common.api.internal.AbstractAsynchronousApi.execute(AbstractAsynchronousApi.java:18)
11-27 14:04:29.615  2110  2110 W Ambient : 	at com.cyanogen.ambient.incall.internal.InCallApiImpl.getInstalledPlugins(InCallApiImpl.java:88)
11-27 14:04:29.615  2110  2110 W Ambient : 	at com.android.phone.common.incall.api.InCallQueries.updateCallPlugins(InCallQueries.java:45)
11-27 14:04:29.615  2110  2110 W Ambient : 	at com.android.phone.common.incall.DialerDataSubscription.onRefreshRequested(DialerDataSubscription.java:91)
11-27 14:04:29.615  2110  2110 W Ambient : 	at com.android.phone.common.ambient.AmbientDataSubscription.refresh(AmbientDataSubscription.java:308)
11-27 14:04:29.615  2110  2110 W Ambient : 	at com.android.phone.common.incall.DialerDataSubscription.init(DialerDataSubscription.java:86)
11-27 14:04:29.615  2110  2110 W Ambient : 	at com.android.dialer.DialerApplication.onCreate(DialerApplication.java:57)
11-27 14:04:29.615  2110  2110 W Ambient : 	at android.app.Instrumentation.callApplicationOnCreate(Instrumentation.java:1014)
11-27 14:04:29.615  2110  2110 W Ambient : 	at android.app.ActivityThread.handleBindApplication(ActivityThread.java:4751)
11-27 14:04:29.615  2110  2110 W Ambient : 	at android.app.ActivityThread.-wrap1(ActivityThread.java)
11-27 14:04:29.615  2110  2110 W Ambient : 	at android.app.ActivityThread$H.handleMessage(ActivityThread.java:1424)
11-27 14:04:29.615  2110  2110 W Ambient : 	at android.os.Handler.dispatchMessage(Handler.java:102)
11-27 14:04:29.615  2110  2110 W Ambient : 	at android.os.Looper.loop(Looper.java:148)
11-27 14:04:29.615  2110  2110 W Ambient : 	at android.app.ActivityThread.main(ActivityThread.java:5461)
11-27 14:04:29.615  2110  2110 W Ambient : 	at java.lang.reflect.Method.invoke(Native Method)
11-27 14:04:29.615  2110  2110 W Ambient : 	at com.android.internal.os.ZygoteInit$MethodAndArgsCaller.run(ZygoteInit.java:726)
11-27 14:04:29.615  2110  2110 W Ambient : 	at com.android.internal.os.ZygoteInit.main(ZygoteInit.java:616)
11-27 14:04:29.637  2110  2110 W MOD.CyanogenAmbientUtil: Cyanogen Ambient package is missing! Version 1050100 is required.
11-27 14:04:29.654   821  1557 D WIFI    : Registering NetworkFactory
11-27 14:04:29.655   821  1580 D ConnectivityService: Got NetworkFactory Messenger for WIFI
11-27 14:04:29.655   821  1557 D WIFI_UT : Registering NetworkFactory
11-27 14:04:29.655   821  1580 D ConnectivityService: Got NetworkFactory Messenger for WIFI_UT
11-27 14:04:29.656   821  1557 D WIFI    : got request NetworkRequest [ id=1, legacyType=-1, [ Capabilities: INTERNET&NOT_RESTRICTED&TRUSTED&NOT_VPN] ] with score 0
11-27 14:04:29.656   821  1557 D WIFI_UT : got request NetworkRequest [ id=1, legacyType=-1, [ Capabilities: INTERNET&NOT_RESTRICTED&TRUSTED&NOT_VPN] ] with score 0
11-27 14:04:29.673  2110  2129 E ActivityThread: Failed to find provider info for call_log
11-27 14:04:29.693  1911  1911 I SystemBroadcastReceiver: Boot has been completed
11-27 14:04:29.693  1911  1911 I SystemBroadcastReceiver: toggleAppIcon() : FLAG_SYSTEM = true
11-27 14:04:29.711   329   329 E SELinux : avc:  denied  { find } for service=jobscheduler scontext=u:r:zygote:s0 tcontext=u:object_r:jobscheduler_service:s0 tclass=service_manager
11-27 14:04:29.776  1953  2132 D ReportingServiceManager: Next sync attempt in : 23 hours
11-27 14:04:29.783  1941  1941 D TelephonyDebugService: TelephonyDebugService()
11-27 14:04:29.789   821  1576 D WifiService: New client listening to asynchronous messages
11-27 14:04:29.795  1941  1941 D CarrierConfigLoader: mHandler: 12 phoneId: 0
11-27 14:04:29.795  1941  1941 D CarrierConfigLoader: Build fingerprint changed. old: null new: cm_next-eng 6.0.1 M4B30X 32c0e8d47e test-keys
11-27 14:04:29.862  1941  1941 W Telephony: TelecomAccountRegistry: Failed to get primary stack id
11-27 14:04:29.867  1941  1941 E PhoneInterfaceManager: [PhoneIntfMgr] getIccId: No UICC
11-27 14:04:29.884   821  2036 I Telecom : PhoneAccountRegistrar: New phone account registered: [[ ] PhoneAccount: ComponentInfo{com.android.phone/com.android.services.telephony.TelephonyConnectionService}, [e0184adedf913b076626646d3f52c3b49c39ad6d], UserHandle{0} Capabilities: 54 Schemes: tel voicemail ]
11-27 14:04:29.898   821  2036 I Telecom : : Sending phone-account registered intent as user
11-27 14:04:29.917  1941  1941 I Telephony: AccountEntry: Registered phoneAccount: [[ ] PhoneAccount: ComponentInfo{com.android.phone/com.android.services.telephony.TelephonyConnectionService}, [e0184adedf913b076626646d3f52c3b49c39ad6d], UserHandle{0} Capabilities: 54 Schemes: tel voicemail ] with handle: ComponentInfo{com.android.phone/com.android.services.telephony.TelephonyConnectionService}, [e0184adedf913b076626646d3f52c3b49c39ad6d], UserHandle{0}
11-27 14:04:29.918  1941  1941 I Telephony: PstnIncomingCallNotifier: Registering: Handler (com.android.internal.telephony.gsm.GSMPhone) {9a0b8b1}
11-27 14:04:29.931   821   879 W Telecom : : No account found for the calling user
11-27 14:04:30.003  1941  1941 E PhoneInterfaceManager: [PhoneIntfMgr] getIccId: No UICC
11-27 14:04:30.022  1953  1953 D SimSelectNotification:  no of slots 1 provision = true
11-27 14:04:30.040  1941  2137 D SIP     : [SipSharedPreferences] isReceivingCallsEnabled, option not set; use default value, exception: android.provider.Settings$SettingNotFoundException: sip_receive_calls
11-27 14:04:30.522   821  1544 I InputReader: Reconfiguring input devices.  changes=0x00000010
11-27 14:04:30.530   821  1544 I InputReader: Reconfiguring input devices.  changes=0x00000010
11-27 14:04:31.663  1953  2000 E StrictMode: A resource was acquired at attached stack trace but never released. See java.io.Closeable for information on avoiding resource leaks.
11-27 14:04:31.663  1953  2000 E StrictMode: java.lang.Throwable: Explicit termination method 'close' not called
11-27 14:04:31.663  1953  2000 E StrictMode: 	at dalvik.system.CloseGuard.open(CloseGuard.java:180)
11-27 14:04:31.663  1953  2000 E StrictMode: 	at java.io.FileOutputStream.<init>(FileOutputStream.java:89)
11-27 14:04:31.663  1953  2000 E StrictMode: 	at java.io.FileOutputStream.<init>(FileOutputStream.java:72)
11-27 14:04:31.663  1953  2000 E StrictMode: 	at com.android.settings.contributors.ContributorsCloudFragment.extractContributorsCloudDatabase(ContributorsCloudFragment.java:752)
11-27 14:04:31.663  1953  2000 E StrictMode: 	at com.android.settings.cyanogenmod.BootReceiver.onReceive(BootReceiver.java:54)
11-27 14:04:31.663  1953  2000 E StrictMode: 	at android.app.ActivityThread.handleReceiver(ActivityThread.java:2759)
11-27 14:04:31.663  1953  2000 E StrictMode: 	at android.app.ActivityThread.-wrap14(ActivityThread.java)
11-27 14:04:31.663  1953  2000 E StrictMode: 	at android.app.ActivityThread$H.handleMessage(ActivityThread.java:1440)
11-27 14:04:31.663  1953  2000 E StrictMode: 	at android.os.Handler.dispatchMessage(Handler.java:102)
11-27 14:04:31.663  1953  2000 E StrictMode: 	at android.os.Looper.loop(Looper.java:148)
11-27 14:04:31.663  1953  2000 E StrictMode: 	at android.app.ActivityThread.main(ActivityThread.java:5461)
11-27 14:04:31.663  1953  2000 E StrictMode: 	at java.lang.reflect.Method.invoke(Native Method)
11-27 14:04:31.663  1953  2000 E StrictMode: 	at com.android.internal.os.ZygoteInit$MethodAndArgsCaller.run(ZygoteInit.java:726)
11-27 14:04:31.663  1953  2000 E StrictMode: 	at com.android.internal.os.ZygoteInit.main(ZygoteInit.java:616)
11-27 14:04:37.719   374   374 E Thermal-daemon: [flash_led] temp_new :35  temp_old :36
11-27 14:04:37.719   374   374 E Thermal-daemon: Report temperature: [flash_led] temp :35  report_threshold:1
11-27 14:04:37.720   374   374 E Thermal-daemon: [ap] temp_new :35  temp_old :36
11-27 14:04:37.720   374   374 E Thermal-daemon: Report temperature: [ap] temp :35  report_threshold:1
11-27 14:04:42.725   374   374 E Thermal-daemon: [flash_led] temp_new :34  temp_old :35
11-27 14:04:42.725   374   374 E Thermal-daemon: Report temperature: [flash_led] temp :34  report_threshold:1
11-27 14:04:42.726   374   374 E Thermal-daemon: [ap] temp_new :34  temp_old :35
11-27 14:04:42.726   374   374 E Thermal-daemon: Report temperature: [ap] temp :34  report_threshold:1
11-27 14:04:47.730   374   374 E Thermal-daemon: [charger_ic] temp_new :33  temp_old :34
11-27 14:04:47.730   374   374 E Thermal-daemon: Report temperature: [charger_ic] temp :33  report_threshold:1
11-27 14:04:52.740   374   374 E Thermal-daemon: [flash_led] temp_new :33  temp_old :34
11-27 14:04:52.740   374   374 E Thermal-daemon: Report temperature: [flash_led] temp :33  report_threshold:1
11-27 14:04:52.743   374   374 E Thermal-daemon: [ap] temp_new :33  temp_old :34
11-27 14:04:52.743   374   374 E Thermal-daemon: Report temperature: [ap] temp :33  report_threshold:1
11-27 14:04:53.812  1667  1951 I vol.Events: writeEvent level_changed STREAM_MUSIC 10
11-27 14:05:17.780   374   374 E Thermal-daemon: [charger_ic] temp_new :32  temp_old :33
11-27 14:05:17.781   374   374 E Thermal-daemon: Report temperature: [charger_ic] temp :32  report_threshold:1
11-27 14:05:17.781   374   374 E Thermal-daemon: [flash_led] temp_new :32  temp_old :33
11-27 14:05:17.781   374   374 E Thermal-daemon: Report temperature: [flash_led] temp :32  report_threshold:1
11-27 14:05:22.794   374   374 E Thermal-daemon: [ap] temp_new :32  temp_old :33
11-27 14:05:22.794   374   374 E Thermal-daemon: Report temperature: [ap] temp :32  report_threshold:1
11-27 14:05:31.015   821   891 I PowerManagerService: Going to sleep due to screen timeout (uid 1000)...
11-27 14:05:31.023   821   891 I PowerManagerService: Sleeping (uid 1000)...
11-27 14:05:31.057   821   891 D mali_winsys: new_window_surface returns 0x3000
11-27 14:05:31.062   330   348 D PermissionCache: checking android.permission.READ_FRAME_BUFFER for uid=1000 => granted (581 us)
11-27 14:05:31.064   330   348 I gralloc : Alloc req: dev=0x7f87c42540, w=1080, h=1920, format=0x1, usage=0x333
11-27 14:05:31.065   330   348 I gralloc : Alloc handle(0x7f87c26700): interfmt=0x1, stride=1088, size=8486912
11-27 14:05:31.069   330  1561 I gralloc : Free handle(0x7f87c26700)
11-27 14:05:31.122   330   346 I gralloc : Alloc req: dev=0x7f87c42540, w=1080, h=1920, format=0x1, usage=0xb00
11-27 14:05:31.123   330   346 I gralloc : Alloc handle(0x7f87c26800): interfmt=0x200000001, stride=1088, size=8486912
11-27 14:05:31.132   330  1561 I gralloc : Alloc req: dev=0x7f87c42540, w=1080, h=1920, format=0x1, usage=0xb00
11-27 14:05:31.133   330  1561 I gralloc : Alloc handle(0x7f87c26900): interfmt=0x200000001, stride=1088, size=8486912
11-27 14:05:31.142   330  1561 I gralloc : Alloc req: dev=0x7f87c42540, w=1080, h=1920, format=0x1, usage=0xb00
11-27 14:05:31.142   330  1561 I gralloc : Alloc handle(0x7f87c05700): interfmt=0x200000001, stride=1088, size=8486912
11-27 14:05:31.571   821   891 V KeyguardServiceDelegate: onScreenTurnedOff()
11-27 14:05:31.584   330  1561 I gralloc : Free handle(0x7f87c26900)
11-27 14:05:31.585   821   891 E libEGL  : call to OpenGL ES API with no current context (logged once per thread)
11-27 14:05:31.587   330   330 D SurfaceFlinger: Set power mode=0, type=0 flinger=0x7f88103c00
11-27 14:05:31.588   821   889 I DisplayManagerService: Display device changed state: "Built-in Screen", OFF
11-27 14:05:31.641   821  1557 D WifiConfigStore: Retrieve network priorities after PNO.
11-27 14:05:31.643   821  1557 E WifiStateMachine:  Fail to set up pno, want false now false
11-27 14:05:31.663   821  1557 D WifiConfigStore: Retrieve network priorities after PNO.
11-27 14:05:31.664   821  1557 E WifiStateMachine:  Fail to set up pno, want false now false
11-27 14:05:33.022   821   891 W PowerManagerService: Sandman unresponsive, releasing suspend blocker
11-27 14:06:12.879   374   374 E Thermal-daemon: [pa_0] temp_new :30  temp_old :31
11-27 14:06:12.880   374   374 E Thermal-daemon: Report temperature: [pa_0] temp :30  report_threshold:1
11-27 14:06:17.888   374   374 E Thermal-daemon: [pa_0] temp_new :31  temp_old :30
11-27 14:06:17.889   374   374 E Thermal-daemon: Report temperature: [pa_0] temp :31  report_threshold:1
11-27 14:06:22.898   374   374 E Thermal-daemon: [pa_0] temp_new :30  temp_old :31
11-27 14:06:22.898   374   374 E Thermal-daemon: Report temperature: [pa_0] temp :30  report_threshold:1
11-27 14:06:25.522   821   883 E RemotePrintSpooler: Error removing obsolete print jobs .
11-27 14:06:25.522   821   883 E RemotePrintSpooler: java.util.concurrent.TimeoutException: Cannot get spooler!
11-27 14:06:25.522   821   883 E RemotePrintSpooler: 	at com.android.server.print.RemotePrintSpooler.bindLocked(RemotePrintSpooler.java:378)
11-27 14:06:25.522   821   883 E RemotePrintSpooler: 	at com.android.server.print.RemotePrintSpooler.getRemoteInstanceLazy(RemotePrintSpooler.java:354)
11-27 14:06:25.522   821   883 E RemotePrintSpooler: 	at com.android.server.print.RemotePrintSpooler.removeObsoletePrintJobs(RemotePrintSpooler.java:289)
11-27 14:06:25.522   821   883 E RemotePrintSpooler: 	at com.android.server.print.UserState.removeObsoletePrintJobs(UserState.java:165)
11-27 14:06:25.522   821   883 E RemotePrintSpooler: 	at com.android.server.print.PrintManagerService$PrintManagerImpl$3.run(PrintManagerService.java:644)
11-27 14:06:25.522   821   883 E RemotePrintSpooler: 	at android.os.Handler.handleCallback(Handler.java:739)
11-27 14:06:25.522   821   883 E RemotePrintSpooler: 	at android.os.Handler.dispatchMessage(Handler.java:95)
11-27 14:06:25.522   821   883 E RemotePrintSpooler: 	at android.os.Looper.loop(Looper.java:148)
11-27 14:06:25.522   821   883 E RemotePrintSpooler: 	at android.os.HandlerThread.run(HandlerThread.java:61)
11-27 14:06:25.840   821   883 W Searchables: No global search activity found
11-27 14:06:25.846   821   883 W Searchables: No global search activity found
11-27 14:06:47.948   374   374 E Thermal-daemon: [charger_ic] temp_new :31  temp_old :32
11-27 14:06:47.948   374   374 E Thermal-daemon: Report temperature: [charger_ic] temp :31  report_threshold:1
11-27 14:06:47.951   374   374 E Thermal-daemon: [flash_led] temp_new :31  temp_old :32
11-27 14:06:47.951   374   374 E Thermal-daemon: Report temperature: [flash_led] temp :31  report_threshold:1
11-27 14:06:52.959   374   374 E Thermal-daemon: [ap] temp_new :31  temp_old :32
11-27 14:06:52.960   374   374 E Thermal-daemon: Report temperature: [ap] temp :31  report_threshold:1
11-27 14:06:57.965   374   374 E Thermal-daemon: [charger_ic] temp_new :32  temp_old :31
11-27 14:06:57.966   374   374 E Thermal-daemon: Report temperature: [charger_ic] temp :32  report_threshold:1
11-27 14:06:57.969   374   374 E Thermal-daemon: [ap] temp_new :32  temp_old :31
11-27 14:06:57.969   374   374 E Thermal-daemon: Report temperature: [ap] temp :32  report_threshold:1
11-27 14:07:02.977   374   374 E Thermal-daemon: [ap] temp_new :31  temp_old :32
11-27 14:07:02.977   374   374 E Thermal-daemon: Report temperature: [ap] temp :31  report_threshold:1
11-27 14:07:07.981   374   374 E Thermal-daemon: [charger_ic] temp_new :31  temp_old :32
11-27 14:07:07.982   374   374 E Thermal-daemon: Report temperature: [charger_ic] temp :31  report_threshold:1
11-27 14:08:26.576  2158  2158 I vold    : Vold 3.0 (the awakening) firing up
11-27 14:08:26.577  2158  2158 V vold    : Detected support for: exfat ext4 f2fs ntfs vfat
11-27 14:08:26.577  2158  2158 F vold    : system/vold/main.cpp:167] Check failed: android::vold::sBlkidContext != nullptr 
--------- beginning of crash
11-27 14:08:26.577  2158  2158 F libc    : Fatal signal 6 (SIGABRT), code -6 in tid 2158 (vold)
11-27 14:08:26.579   360   360 I DEBUG   : property debug.db.uid not set; NOT waiting for gdb.
11-27 14:08:26.579   360   360 I DEBUG   : HINT: adb shell setprop debug.db.uid 100000
11-27 14:08:26.579   360   360 I DEBUG   : HINT: adb forward tcp:5039 tcp:5039
11-27 14:08:26.631   360   360 F DEBUG   : *** *** *** *** *** *** *** *** *** *** *** *** *** *** *** ***
11-27 14:08:26.631   360   360 F DEBUG   : CM Version: '13.0-20161126-UNOFFICIAL-next'
11-27 14:08:26.631   360   360 F DEBUG   : Build fingerprint: 'huawei/cm_next/next:6.0.1/M4B30X/32c0e8d47e:eng/test-keys'
11-27 14:08:26.631   360   360 F DEBUG   : Revision: '0'
11-27 14:08:26.631   360   360 F DEBUG   : ABI: 'arm64'
11-27 14:08:26.632   360   360 F DEBUG   : pid: 2158, tid: 2158, name: vold  >>> vold <<<
11-27 14:08:26.632   360   360 F DEBUG   : signal 6 (SIGABRT), code -6 (SI_TKILL), fault addr --------
11-27 14:08:26.633   821  1672 W NativeCrashListener: Couldn't find ProcessRecord for pid 2158
11-27 14:08:26.640   360   360 F DEBUG   : Abort message: 'system/vold/main.cpp:167] Check failed: android::vold::sBlkidContext != nullptr '
11-27 14:08:26.641   360   360 E DEBUG   : AM write failed: Broken pipe
11-27 14:08:26.641   360   360 F DEBUG   :     x0   0000000000000000  x1   000000000000086e  x2   0000000000000006  x3   0000000000000000
11-27 14:08:26.641   360   360 F DEBUG   :     x4   0000000000000000  x5   0000000000000001  x6   0000000000000000  x7   0000000000000000
11-27 14:08:26.641   360   360 F DEBUG   :     x8   0000000000000083  x9   0000007f90ba20c0  x10  0000007fe69fd1dc  x11  0000007fe69fd218
11-27 14:08:26.641   360   360 F DEBUG   :     x12  0000007fe69fd0f0  x13  fdf22eefc6918421  x14  0000007fe69fd2e8  x15  0000000000000000
11-27 14:08:26.641   360   360 F DEBUG   :     x16  0000007f90fcf560  x17  0000007f90f60d6c  x18  0000007f91363024  x19  0000007f9146a0d8
11-27 14:08:26.641   360   360 F DEBUG   :     x20  0000007f9146a018  x21  0000000000000002  x22  0000000000000006  x23  000000558d86f755
11-27 14:08:26.641   360   360 F DEBUG   :     x24  00000000000000a7  x25  0000000000000000  x26  0000000000000005  x27  0000007f90ba20c0
11-27 14:08:26.641   360   360 F DEBUG   :     x28  0000000000000000  x29  0000007fe69fd6d0  x30  0000007f90f5e508
11-27 14:08:26.641   360   360 F DEBUG   :     sp   0000007fe69fd6d0  pc   0000007f90f60d74  pstate 0000000020000000
11-27 14:08:26.648   360   360 F DEBUG   : 
11-27 14:08:26.648   360   360 F DEBUG   : backtrace:
11-27 14:08:26.648   360   360 F DEBUG   :     #00 pc 0000000000069d74  /system/lib64/libc.so (tgkill+8)
11-27 14:08:26.648   360   360 F DEBUG   :     #01 pc 0000000000067504  /system/lib64/libc.so (pthread_kill+68)
11-27 14:08:26.648   360   360 F DEBUG   :     #02 pc 0000000000023448  /system/lib64/libc.so (raise+28)
11-27 14:08:26.648   360   360 F DEBUG   :     #03 pc 000000000001dbe8  /system/lib64/libc.so (abort+60)
11-27 14:08:26.648   360   360 F DEBUG   :     #04 pc 000000000000621c  /system/lib64/libbase.so (_ZN7android4base10LogMessageD1Ev+884)
11-27 14:08:26.648   360   360 F DEBUG   :     #05 pc 000000000000f960  /system/bin/vold
11-27 14:08:26.648   360   360 F DEBUG   :     #06 pc 000000000001bcd8  /system/lib64/libc.so (__libc_init+100)
11-27 14:08:26.648   360   360 F DEBUG   :     #07 pc 000000000000ebb8  /system/bin/vold
11-27 14:08:26.693   360   360 F DEBUG   : 
11-27 14:08:26.693   360   360 F DEBUG   : Tombstone written to: /data/tombstones/tombstone_00
11-27 14:08:26.700   821   887 I BootReceiver: Copying /data/tombstones/tombstone_00 to DropBox (SYSTEM_TOMBSTONE)
11-27 14:08:58.182   374   374 E Thermal-daemon: [pa_0] temp_new :29  temp_old :30
11-27 14:08:58.182   374   374 E Thermal-daemon: Report temperature: [pa_0] temp :29  report_threshold:1
11-27 14:09:03.191   374   374 E Thermal-daemon: [pa_0] temp_new :30  temp_old :29
11-27 14:09:03.191   374   374 E Thermal-daemon: Report temperature: [pa_0] temp :30  report_threshold:1
11-27 14:09:08.200   374   374 E Thermal-daemon: [pa_0] temp_new :29  temp_old :30
11-27 14:09:08.200   374   374 E Thermal-daemon: Report temperature: [pa_0] temp :29  report_threshold:1
11-27 14:09:23.215   374   374 E Thermal-daemon: [pa_0] temp_new :30  temp_old :29
11-27 14:09:23.216   374   374 E Thermal-daemon: Report temperature: [pa_0] temp :30  report_threshold:1
11-27 14:09:28.225   374   374 E Thermal-daemon: [pa_0] temp_new :29  temp_old :30
11-27 14:09:28.225   374   374 E Thermal-daemon: Report temperature: [pa_0] temp :29  report_threshold:1
11-27 14:10:31.787  1667  1692 I art     : Clamp target GC heap from 19MB to 16MB
11-27 14:10:53.375   374   374 E Thermal-daemon: [charger_ic] temp_new :30  temp_old :31
11-27 14:10:53.375   374   374 E Thermal-daemon: Report temperature: [charger_ic] temp :30  report_threshold:1
11-27 14:10:58.384   374   374 E Thermal-daemon: [charger_ic] temp_new :31  temp_old :30
11-27 14:10:58.384   374   374 E Thermal-daemon: Report temperature: [charger_ic] temp :31  report_threshold:1
11-27 14:11:03.393   374   374 E Thermal-daemon: [charger_ic] temp_new :30  temp_old :31
11-27 14:11:03.393   374   374 E Thermal-daemon: Report temperature: [charger_ic] temp :30  report_threshold:1
11-27 14:11:18.421   374   374 E Thermal-daemon: [flash_led] temp_new :30  temp_old :31
11-27 14:11:18.422   374   374 E Thermal-daemon: Report temperature: [flash_led] temp :30  report_threshold:1
11-27 14:11:23.430   374   374 E Thermal-daemon: [charger_ic] temp_new :31  temp_old :30
11-27 14:11:23.430   374   374 E Thermal-daemon: Report temperature: [charger_ic] temp :31  report_threshold:1
11-27 14:11:23.433   374   374 E Thermal-daemon: [flash_led] temp_new :31  temp_old :30
11-27 14:11:23.433   374   374 E Thermal-daemon: Report temperature: [flash_led] temp :31  report_threshold:1
11-27 14:11:28.439   374   374 E Thermal-daemon: [charger_ic] temp_new :30  temp_old :31
11-27 14:11:28.440   374   374 E Thermal-daemon: Report temperature: [charger_ic] temp :30  report_threshold:1
11-27 14:11:28.443   374   374 E Thermal-daemon: [flash_led] temp_new :30  temp_old :31
11-27 14:11:28.443   374   374 E Thermal-daemon: Report temperature: [flash_led] temp :30  report_threshold:1
11-27 14:11:28.443   374   374 E Thermal-daemon: [ap] temp_new :30  temp_old :31
11-27 14:11:28.443   374   374 E Thermal-daemon: Report temperature: [ap] temp :30  report_threshold:1
11-27 14:11:33.449   374   374 E Thermal-daemon: [flash_led] temp_new :31  temp_old :30
11-27 14:11:33.450   374   374 E Thermal-daemon: Report temperature: [flash_led] temp :31  report_threshold:1
11-27 14:11:33.452   374   374 E Thermal-daemon: [ap] temp_new :31  temp_old :30
11-27 14:11:33.452   374   374 E Thermal-daemon: Report temperature: [ap] temp :31  report_threshold:1
11-27 14:11:38.458   374   374 E Thermal-daemon: [charger_ic] temp_new :31  temp_old :30
11-27 14:11:38.458   374   374 E Thermal-daemon: Report temperature: [charger_ic] temp :31  report_threshold:1
11-27 14:11:38.461   374   374 E Thermal-daemon: [flash_led] temp_new :30  temp_old :31
11-27 14:11:38.462   374   374 E Thermal-daemon: Report temperature: [flash_led] temp :30  report_threshold:1
11-27 14:11:38.462   374   374 E Thermal-daemon: [ap] temp_new :30  temp_old :31
11-27 14:11:38.462   374   374 E Thermal-daemon: Report temperature: [ap] temp :30  report_threshold:1
11-27 14:11:43.468   374   374 E Thermal-daemon: [charger_ic] temp_new :30  temp_old :31
11-27 14:11:43.468   374   374 E Thermal-daemon: Report temperature: [charger_ic] temp :30  report_threshold:1
11-27 14:11:43.471   374   374 E Thermal-daemon: [flash_led] temp_new :31  temp_old :30
11-27 14:11:43.471   374   374 E Thermal-daemon: Report temperature: [flash_led] temp :31  report_threshold:1
11-27 14:11:43.472   374   374 E Thermal-daemon: [ap] temp_new :31  temp_old :30
11-27 14:11:43.472   374   374 E Thermal-daemon: Report temperature: [ap] temp :31  report_threshold:1
11-27 14:11:48.478   374   374 E Thermal-daemon: [charger_ic] temp_new :31  temp_old :30
11-27 14:11:48.478   374   374 E Thermal-daemon: Report temperature: [charger_ic] temp :31  report_threshold:1
11-27 14:11:48.481   374   374 E Thermal-daemon: [flash_led] temp_new :30  temp_old :31
11-27 14:11:48.481   374   374 E Thermal-daemon: Report temperature: [flash_led] temp :30  report_threshold:1
11-27 14:11:48.481   374   374 E Thermal-daemon: [ap] temp_new :30  temp_old :31
11-27 14:11:48.481   374   374 E Thermal-daemon: Report temperature: [ap] temp :30  report_threshold:1
11-27 14:11:58.496   374   374 E Thermal-daemon: [charger_ic] temp_new :30  temp_old :31
11-27 14:11:58.497   374   374 E Thermal-daemon: Report temperature: [charger_ic] temp :30  report_threshold:1
11-27 14:11:58.499   374   374 E Thermal-daemon: [flash_led] temp_new :31  temp_old :30
11-27 14:11:58.499   374   374 E Thermal-daemon: Report temperature: [flash_led] temp :31  report_threshold:1
11-27 14:12:03.506   374   374 E Thermal-daemon: [flash_led] temp_new :30  temp_old :31
11-27 14:12:03.506   374   374 E Thermal-daemon: Report temperature: [flash_led] temp :30  report_threshold:1
11-27 14:12:03.509   374   374 E Thermal-daemon: [ap] temp_new :31  temp_old :30
11-27 14:12:03.509   374   374 E Thermal-daemon: Report temperature: [ap] temp :31  report_threshold:1
11-27 14:12:08.519   374   374 E Thermal-daemon: [ap] temp_new :30  temp_old :31
11-27 14:12:08.519   374   374 E Thermal-daemon: Report temperature: [ap] temp :30  report_threshold:1
11-27 14:12:13.525   374   374 E Thermal-daemon: [flash_led] temp_new :31  temp_old :30
11-27 14:12:13.525   374   374 E Thermal-daemon: Report temperature: [flash_led] temp :31  report_threshold:1
11-27 14:12:18.532   374   374 E Thermal-daemon: [charger_ic] temp_new :31  temp_old :30
11-27 14:12:18.532   374   374 E Thermal-daemon: Report temperature: [charger_ic] temp :31  report_threshold:1
11-27 14:12:18.535   374   374 E Thermal-daemon: [flash_led] temp_new :30  temp_old :31
11-27 14:12:18.535   374   374 E Thermal-daemon: Report temperature: [flash_led] temp :30  report_threshold:1
11-27 14:12:23.541   374   374 E Thermal-daemon: [charger_ic] temp_new :30  temp_old :31
11-27 14:12:23.542   374   374 E Thermal-daemon: Report temperature: [charger_ic] temp :30  report_threshold:1
11-27 14:12:23.545   374   374 E Thermal-daemon: [flash_led] temp_new :31  temp_old :30
11-27 14:12:23.545   374   374 E Thermal-daemon: Report temperature: [flash_led] temp :31  report_threshold:1
11-27 14:12:28.552   374   374 E Thermal-daemon: [flash_led] temp_new :30  temp_old :31
11-27 14:12:28.552   374   374 E Thermal-daemon: Report temperature: [flash_led] temp :30  report_threshold:1
11-27 14:13:08.630   374   374 E Thermal-daemon: [ap] temp_new :31  temp_old :30
11-27 14:13:08.630   374   374 E Thermal-daemon: Report temperature: [ap] temp :31  report_threshold:1
11-27 14:13:13.636   374   374 E Thermal-daemon: [charger_ic] temp_new :31  temp_old :30
11-27 14:13:13.636   374   374 E Thermal-daemon: Report temperature: [charger_ic] temp :31  report_threshold:1
11-27 14:13:13.639   374   374 E Thermal-daemon: [ap] temp_new :30  temp_old :31
11-27 14:13:13.639   374   374 E Thermal-daemon: Report temperature: [ap] temp :30  report_threshold:1
11-27 14:13:18.645   374   374 E Thermal-daemon: [charger_ic] temp_new :30  temp_old :31
11-27 14:13:18.645   374   374 E Thermal-daemon: Report temperature: [charger_ic] temp :30  report_threshold:1
11-27 14:13:38.683   374   374 E Thermal-daemon: [charger_ic] temp_new :31  temp_old :30
11-27 14:13:38.683   374   374 E Thermal-daemon: Report temperature: [charger_ic] temp :31  report_threshold:1
11-27 14:13:43.692   374   374 E Thermal-daemon: [charger_ic] temp_new :30  temp_old :31
11-27 14:13:43.692   374   374 E Thermal-daemon: Report temperature: [charger_ic] temp :30  report_threshold:1
